Archive member included to satisfy reference by file (symbol)

/usr/lib/gcc/arm-none-eabi/10.3.1/../../../arm-none-eabi/lib/thumb/v7e-m+fp/hard/libc_nano.a(lib_a-atexit.o)
                              /usr/lib/gcc/arm-none-eabi/10.3.1/../../../arm-none-eabi/lib/thumb/v7e-m+fp/hard/crt0.o (atexit)
/usr/lib/gcc/arm-none-eabi/10.3.1/../../../arm-none-eabi/lib/thumb/v7e-m+fp/hard/libc_nano.a(lib_a-atoi.o)
                              build/cron.o (atoi)
/usr/lib/gcc/arm-none-eabi/10.3.1/../../../arm-none-eabi/lib/thumb/v7e-m+fp/hard/libc_nano.a(lib_a-errno.o)
                              build/sysmem.o (__errno)
/usr/lib/gcc/arm-none-eabi/10.3.1/../../../arm-none-eabi/lib/thumb/v7e-m+fp/hard/libc_nano.a(lib_a-exit.o)
                              /usr/lib/gcc/arm-none-eabi/10.3.1/../../../arm-none-eabi/lib/thumb/v7e-m+fp/hard/crt0.o (exit)
/usr/lib/gcc/arm-none-eabi/10.3.1/../../../arm-none-eabi/lib/thumb/v7e-m+fp/hard/libc_nano.a(lib_a-fini.o)
                              /usr/lib/gcc/arm-none-eabi/10.3.1/../../../arm-none-eabi/lib/thumb/v7e-m+fp/hard/crt0.o (__libc_fini_array)
/usr/lib/gcc/arm-none-eabi/10.3.1/../../../arm-none-eabi/lib/thumb/v7e-m+fp/hard/libc_nano.a(lib_a-fprintf.o)
                              build/event_manager.o (fprintf)
/usr/lib/gcc/arm-none-eabi/10.3.1/../../../arm-none-eabi/lib/thumb/v7e-m+fp/hard/libc_nano.a(lib_a-fwrite.o)
                              build/power_mode_manager.o (fwrite)
/usr/lib/gcc/arm-none-eabi/10.3.1/../../../arm-none-eabi/lib/thumb/v7e-m+fp/hard/libc_nano.a(lib_a-gmtime.o)
                              build/cron.o (gmtime)
/usr/lib/gcc/arm-none-eabi/10.3.1/../../../arm-none-eabi/lib/thumb/v7e-m+fp/hard/libc_nano.a(lib_a-gmtime_r.o)
                              /usr/lib/gcc/arm-none-eabi/10.3.1/../../../arm-none-eabi/lib/thumb/v7e-m+fp/hard/libc_nano.a(lib_a-gmtime.o) (gmtime_r)
/usr/lib/gcc/arm-none-eabi/10.3.1/../../../arm-none-eabi/lib/thumb/v7e-m+fp/hard/libc_nano.a(lib_a-impure.o)
                              /usr/lib/gcc/arm-none-eabi/10.3.1/../../../arm-none-eabi/lib/thumb/v7e-m+fp/hard/libc_nano.a(lib_a-exit.o) (_global_impure_ptr)
/usr/lib/gcc/arm-none-eabi/10.3.1/../../../arm-none-eabi/lib/thumb/v7e-m+fp/hard/libc_nano.a(lib_a-init.o)
                              /usr/lib/gcc/arm-none-eabi/10.3.1/../../../arm-none-eabi/lib/thumb/v7e-m+fp/hard/crt0.o (__libc_init_array)
/usr/lib/gcc/arm-none-eabi/10.3.1/../../../arm-none-eabi/lib/thumb/v7e-m+fp/hard/libc_nano.a(lib_a-malloc.o)
                              /usr/lib/gcc/arm-none-eabi/10.3.1/../../../arm-none-eabi/lib/thumb/v7e-m+fp/hard/libc_nano.a(lib_a-gmtime.o) (malloc)
/usr/lib/gcc/arm-none-eabi/10.3.1/../../../arm-none-eabi/lib/thumb/v7e-m+fp/hard/libc_nano.a(lib_a-memcmp.o)
                              build/tasks.o (memcmp)
/usr/lib/gcc/arm-none-eabi/10.3.1/../../../arm-none-eabi/lib/thumb/v7e-m+fp/hard/libc_nano.a(lib_a-memcpy.o)
                              build/queue.o (memcpy)
/usr/lib/gcc/arm-none-eabi/10.3.1/../../../arm-none-eabi/lib/thumb/v7e-m+fp/hard/libc_nano.a(lib_a-memset.o)
                              /usr/lib/gcc/arm-none-eabi/10.3.1/../../../arm-none-eabi/lib/thumb/v7e-m+fp/hard/crt0.o (memset)
/usr/lib/gcc/arm-none-eabi/10.3.1/../../../arm-none-eabi/lib/thumb/v7e-m+fp/hard/libc_nano.a(lib_a-mktime.o)
                              build/cron.o (mktime)
/usr/lib/gcc/arm-none-eabi/10.3.1/../../../arm-none-eabi/lib/thumb/v7e-m+fp/hard/libc_nano.a(lib_a-nano-freer.o)
                              /usr/lib/gcc/arm-none-eabi/10.3.1/../../../arm-none-eabi/lib/thumb/v7e-m+fp/hard/libc_nano.a(lib_a-malloc.o) (_free_r)
/usr/lib/gcc/arm-none-eabi/10.3.1/../../../arm-none-eabi/lib/thumb/v7e-m+fp/hard/libc_nano.a(lib_a-nano-mallocr.o)
                              /usr/lib/gcc/arm-none-eabi/10.3.1/../../../arm-none-eabi/lib/thumb/v7e-m+fp/hard/libc_nano.a(lib_a-malloc.o) (_malloc_r)
/usr/lib/gcc/arm-none-eabi/10.3.1/../../../arm-none-eabi/lib/thumb/v7e-m+fp/hard/libc_nano.a(lib_a-nano-vfprintf.o)
                              /usr/lib/gcc/arm-none-eabi/10.3.1/../../../arm-none-eabi/lib/thumb/v7e-m+fp/hard/libc_nano.a(lib_a-fprintf.o) (_vfprintf_r)
/usr/lib/gcc/arm-none-eabi/10.3.1/../../../arm-none-eabi/lib/thumb/v7e-m+fp/hard/libc_nano.a(lib_a-nano-vfprintf_i.o)
                              /usr/lib/gcc/arm-none-eabi/10.3.1/../../../arm-none-eabi/lib/thumb/v7e-m+fp/hard/libc_nano.a(lib_a-nano-vfprintf.o) (_printf_i)
/usr/lib/gcc/arm-none-eabi/10.3.1/../../../arm-none-eabi/lib/thumb/v7e-m+fp/hard/libc_nano.a(lib_a-sbrkr.o)
                              /usr/lib/gcc/arm-none-eabi/10.3.1/../../../arm-none-eabi/lib/thumb/v7e-m+fp/hard/libc_nano.a(lib_a-nano-mallocr.o) (_sbrk_r)
/usr/lib/gcc/arm-none-eabi/10.3.1/../../../arm-none-eabi/lib/thumb/v7e-m+fp/hard/libc_nano.a(lib_a-setvbuf.o)
                              build/retarget.o (setvbuf)
/usr/lib/gcc/arm-none-eabi/10.3.1/../../../arm-none-eabi/lib/thumb/v7e-m+fp/hard/libc_nano.a(lib_a-strcmp.o)
[...]
Memory Configuration

Name             Origin             Length             Attributes
RAM              0x0000000020000000 0x000000000000a000 xrw
RAM2             0x0000000010000000 0x0000000000002000 xrw
FLASH            0x0000000008000000 0x0000000000020000 xr
*default*        0x0000000000000000 0xffffffffffffffff

Linker script and memory map

LOAD /usr/lib/gcc/arm-none-eabi/10.3.1/thumb/v7e-m+fp/hard/crti.o
LOAD /usr/lib/gcc/arm-none-eabi/10.3.1/thumb/v7e-m+fp/hard/crtbegin.o
LOAD /usr/lib/gcc/arm-none-eabi/10.3.1/../../../arm-none-eabi/lib/thumb/v7e-m+fp/hard/crt0.o
LOAD build/main.o
LOAD build/gpio.o
LOAD build/freertos.o
LOAD build/lptim.o
LOAD build/quadspi.o
LOAD build/rtc.o
LOAD build/custom_bus.o
LOAD build/stm32l4xx_it.o
LOAD build/stm32l4xx_hal_msp.o
LOAD build/stm32l4xx_hal_timebase_tim.o
LOAD build/sysmem.o
LOAD build/syscalls.o
LOAD build/crc.o
LOAD build/rng.o
LOAD build/system_stm32l4xx.o
LOAD build/usb_device.o
LOAD build/usbd_desc.o
LOAD build/usbd_storage_if.o
LOAD build/usbd_conf.o
LOAD build/lis2dw12_reg.o
LOAD build/lis2dw12.o
LOAD build/st25dv_reg.o
LOAD build/st25dv.o
LOAD build/stm32l4xx_hal_pcd.o
LOAD build/stm32l4xx_hal_pcd_ex.o
LOAD build/stm32l4xx_ll_usb.o
LOAD build/stm32l4xx_hal.o
LOAD build/stm32l4xx_hal_rcc.o
LOAD build/stm32l4xx_hal_rcc_ex.o
LOAD build/stm32l4xx_hal_flash.o
LOAD build/stm32l4xx_hal_flash_ex.o
LOAD build/stm32l4xx_hal_flash_ramfunc.o
LOAD build/stm32l4xx_hal_gpio.o
LOAD build/stm32l4xx_hal_i2c.o
LOAD build/stm32l4xx_hal_i2c_ex.o
LOAD build/stm32l4xx_hal_dma.o
LOAD build/stm32l4xx_hal_dma_ex.o
LOAD build/stm32l4xx_hal_pwr.o
LOAD build/stm32l4xx_hal_pwr_ex.o
LOAD build/stm32l4xx_hal_cortex.o
LOAD build/stm32l4xx_hal_exti.o
LOAD build/stm32l4xx_hal_lptim.o
LOAD build/stm32l4xx_hal_qspi.o
LOAD build/stm32l4xx_hal_rtc.o
LOAD build/stm32l4xx_hal_rtc_ex.o
LOAD build/stm32l4xx_hal_tim.o
LOAD build/stm32l4xx_hal_tim_ex.o
LOAD build/stm32l4xx_hal_crc.o
LOAD build/stm32l4xx_hal_crc_ex.o
LOAD build/stm32l4xx_hal_rng.o
LOAD build/croutine.o
LOAD build/event_groups.o
LOAD build/list.o
LOAD build/queue.o
LOAD build/stream_buffer.o
LOAD build/tasks.o
LOAD build/timers.o
LOAD build/cmsis_os2.o
LOAD build/heap_4.o
LOAD build/port.o
LOAD build/usbd_core.o
LOAD build/usbd_ctlreq.o
LOAD build/usbd_ioreq.o
LOAD build/usbd_msc.o
LOAD build/usbd_msc_bot.o
LOAD build/usbd_msc_data.o
LOAD build/usbd_msc_scsi.o
LOAD build/SEGGER_RTT.o
LOAD build/SEGGER_RTT_printf.o
LOAD build/SEGGER_RTT_Syscalls_GCC.o
LOAD build/SEGGER_SYSVIEW.o
LOAD build/SEGGER_SYSVIEW_FreeRTOS.o
LOAD build/SEGGER_SYSVIEW_Config_FreeRTOS.o
LOAD build/actor.o
LOAD build/actors_list.o
LOAD build/events_list.o
LOAD build/retarget.o
LOAD build/power_mode_manager.o
LOAD build/event_manager.o
LOAD build/cron.o
LOAD build/info_led.o
LOAD build/opt3001.o
LOAD build/sht3x.o
LOAD build/memory.o
LOAD build/temperature_humidity_sensor.o
LOAD build/light_sensor.o
LOAD build/nfc_handlers.o
LOAD build/nfc.o
LOAD build/startup_stm32l412xx.o
LOAD build/SEGGER_RTT_ASM_ARMv7M.o
LOAD /usr/lib/gcc/arm-none-eabi/10.3.1/../../../arm-none-eabi/lib/thumb/v7e-m+fp/hard/libc_nano.a
LOAD /usr/lib/gcc/arm-none-eabi/10.3.1/../../../arm-none-eabi/lib/thumb/v7e-m+fp/hard/libm.a
LOAD /usr/lib/gcc/arm-none-eabi/10.3.1/../../../arm-none-eabi/lib/thumb/v7e-m+fp/hard/libnosys.a
START GROUP
LOAD /usr/lib/gcc/arm-none-eabi/10.3.1/thumb/v7e-m+fp/hard/libgcc.a
LOAD /usr/lib/gcc/arm-none-eabi/10.3.1/../../../arm-none-eabi/lib/thumb/v7e-m+fp/hard/libc_nano.a
END GROUP
START GROUP
LOAD /usr/lib/gcc/arm-none-eabi/10.3.1/thumb/v7e-m+fp/hard/libgcc.a
LOAD /usr/lib/gcc/arm-none-eabi/10.3.1/../../../arm-none-eabi/lib/thumb/v7e-m+fp/hard/libc_nano.a
END GROUP
LOAD /usr/lib/gcc/arm-none-eabi/10.3.1/thumb/v7e-m+fp/hard/crtend.o
LOAD /usr/lib/gcc/arm-none-eabi/10.3.1/thumb/v7e-m+fp/hard/crtn.o
                0x000000002000a000                _estack = (ORIGIN (RAM) + LENGTH (RAM))
                0x0000000000000200                _Min_Heap_Size = 0x200
                0x0000000000000400                _Min_Stack_Size = 0x400

.isr_vector     0x0000000008000000      0x190
                0x0000000008000000                . = ALIGN (0x8)
 *(.isr_vector)
 .isr_vector    0x0000000008000000      0x18c build/startup_stm32l412xx.o
                0x0000000008000000                g_pfnVectors
                0x0000000008000190                . = ALIGN (0x8)
 *fill*         0x000000000800018c        0x4 

.text           0x00000000080001c0     0xe658
                0x00000000080001c0                . = ALIGN (0x8)
 *(.text)
 .text          0x00000000080001c0       0x88 /usr/lib/gcc/arm-none-eabi/10.3.1/thumb/v7e-m+fp/hard/crtbegin.o
 .text          0x0000000008000248       0x94 build/SEGGER_RTT_ASM_ARMv7M.o
                0x0000000008000248                SEGGER_RTT_ASM_WriteSkipNoLock
 .text          0x00000000080002dc       0x10 /usr/lib/gcc/arm-none-eabi/10.3.1/../../../arm-none-eabi/lib/thumb/v7e-m+fp/hard/libc_nano.a(lib_a-atoi.o)
                0x00000000080002dc                atoi
                0x00000000080002e4                _atoi_r
 .text          0x00000000080002ec        0xc /usr/lib/gcc/arm-none-eabi/10.3.1/../../../arm-none-eabi/lib/thumb/v7e-m+fp/hard/libc_nano.a(lib_a-errno.o)
                0x00000000080002ec                __errno
 .text          0x00000000080002f8       0x44 /usr/lib/gcc/arm-none-eabi/10.3.1/../../../arm-none-eabi/lib/thumb/v7e-m+fp/hard/libc_nano.a(lib_a-fprintf.o)
                0x00000000080002f8                _fprintf_r
                0x00000000080002f8                _fiprintf_r
                0x0000000008000314                fprintf
                0x0000000008000314                fiprintf
 .text          0x000000000800033c       0xe4 /usr/lib/gcc/arm-none-eabi/10.3.1/../../../arm-none-eabi/lib/thumb/v7e-m+fp/hard/libc_nano.a(lib_a-fwrite.o)
                0x000000000800033c                _fwrite_r
                0x0000000008000400                fwrite
 .text          0x0000000008000420       0x3c /usr/lib/gcc/arm-none-eabi/10.3.1/../../../arm-none-eabi/lib/thumb/v7e-m+fp/hard/libc_nano.a(lib_a-gmtime.o)
                0x0000000008000420                gmtime
 .text          0x000000000800045c      0x1d4 /usr/lib/gcc/arm-none-eabi/10.3.1/../../../arm-none-eabi/lib/thumb/v7e-m+fp/hard/libc_nano.a(lib_a-gmtime_r.o)
                0x000000000800045c                gmtime_r
 .text          0x0000000008000630       0x48 /usr/lib/gcc/arm-none-eabi/10.3.1/../../../arm-none-eabi/lib/thumb/v7e-m+fp/hard/libc_nano.a(lib_a-init.o)
                0x0000000008000630                __libc_init_array
 .text          0x0000000008000678       0x20 /usr/lib/gcc/arm-none-eabi/10.3.1/../../../arm-none-eabi/lib/thumb/v7e-m+fp/hard/libc_nano.a(lib_a-malloc.o)
                0x0000000008000678                malloc
                0x0000000008000688                free
 .text          0x0000000008000698       0x64 /usr/lib/gcc/arm-none-eabi/10.3.1/../../../arm-none-eabi/lib/thumb/v7e-m+fp/hard/libc_nano.a(lib_a-memcmp.o)
                0x0000000008000698                memcmp
 .text          0x00000000080006fc      0x134 /usr/lib/gcc/arm-none-eabi/10.3.1/../../../arm-none-eabi/lib/thumb/v7e-m+fp/hard/libc_nano.a(lib_a-memcpy.o)
                0x00000000080006fc                memcpy
 .text          0x0000000008000830       0xa4 /usr/lib/gcc/arm-none-eabi/10.3.1/../../../arm-none-eabi/lib/thumb/v7e-m+fp/hard/libc_nano.a(lib_a-memset.o)
                0x0000000008000830                memset
 .text          0x00000000080008d4      0x5c8 /usr/lib/gcc/arm-none-eabi/10.3.1/../../../arm-none-eabi/lib/thumb/v7e-m+fp/hard/libc_nano.a(lib_a-mktime.o)
                0x0000000008000ad8                mktime
 .text          0x0000000008000e9c       0xc4 /usr/lib/gcc/arm-none-eabi/10.3.1/../../../arm-none-eabi/lib/thumb/v7e-m+fp/hard/libc_nano.a(lib_a-nano-freer.o)
                0x0000000008000e9c                _free_r
 .text          0x0000000008000f60       0xb4 /usr/lib/gcc/arm-none-eabi/10.3.1/../../../arm-none-eabi/lib/thumb/v7e-m+fp/hard/libc_nano.a(lib_a-nano-mallocr.o)
                0x0000000008000f60                _malloc_r
 .text          0x0000000008001014      0x328 /usr/lib/gcc/arm-none-eabi/10.3.1/../../../arm-none-eabi/lib/thumb/v7e-m+fp/hard/libc_nano.a(lib_a-nano-vfprintf.o)
                0x0000000008001050                __sfputs_r
                0x0000000008001080                __sprint_r
                0x000000000800109c                _vfiprintf_r
                0x000000000800109c                _vfprintf_r
                0x0000000008001320                vfiprintf
                0x0000000008001320                vfprintf
 .text          0x000000000800133c      0x3dc /usr/lib/gcc/arm-none-eabi/10.3.1/../../../arm-none-eabi/lib/thumb/v7e-m+fp/hard/libc_nano.a(lib_a-nano-vfprintf_i.o)
                0x000000000800133c                _printf_common
                0x0000000008001468                _printf_i
 .text          0x0000000008001718       0x24 /usr/lib/gcc/arm-none-eabi/10.3.1/../../../arm-none-eabi/lib/thumb/v7e-m+fp/hard/libc_nano.a(lib_a-sbrkr.o)
                0x0000000008001718                _sbrk_r
 .text          0x000000000800173c      0x180 /usr/lib/gcc/arm-none-eabi/10.3.1/../../../arm-none-eabi/lib/thumb/v7e-m+fp/hard/libc_nano.a(lib_a-setvbuf.o)
                0x000000000800173c                setvbuf
 *fill*         0x00000000080018bc        0x4 
 .text          0x00000000080018c0      0x2dc /usr/lib/gcc/arm-none-eabi/10.3.1/../../../arm-none-eabi/lib/thumb/v7e-m+fp/hard/libc_nano.a(lib_a-strcmp.o)
                0x00000000080018c8                strcmp
 *fill*         0x0000000008001b9c       0x24 
 .text          0x0000000008001bc0       0xdc /usr/lib/gcc/arm-none-eabi/10.3.1/../../../arm-none-eabi/lib/thumb/v7e-m+fp/hard/libc_nano.a(lib_a-strlen.o)
                0x0000000008001bc0                strlen
 .text          0x0000000008001c9c      0x188 /usr/lib/gcc/arm-none-eabi/10.3.1/../../../arm-none-eabi/lib/thumb/v7e-m+fp/hard/libc_nano.a(lib_a-strtol.o)
                0x0000000008001dbc                _strtol_r
                0x0000000008001dd4                strtol_l
                0x0000000008001dfc                strtol
 .text          0x0000000008001e24      0x19c /usr/lib/gcc/arm-none-eabi/10.3.1/../../../arm-none-eabi/lib/thumb/v7e-m+fp/hard/libc_nano.a(lib_a-tzcalc_limits.o)
                0x0000000008001e24                __tzcalc_limits
 .text          0x0000000008001fc0        0x8 /usr/lib/gcc/arm-none-eabi/10.3.1/../../../arm-none-eabi/lib/thumb/v7e-m+fp/hard/libc_nano.a(lib_a-tzlock.o)
                0x0000000008001fc0                __tz_lock
                0x0000000008001fc4                __tz_unlock
 .text          0x0000000008001fc8       0x28 /usr/lib/gcc/arm-none-eabi/10.3.1/../../../arm-none-eabi/lib/thumb/v7e-m+fp/hard/libc_nano.a(lib_a-tzset.o)
                0x0000000008001fc8                _tzset_unlocked
                0x0000000008001fd4                tzset
 .text          0x0000000008001ff0      0x33c /usr/lib/gcc/arm-none-eabi/10.3.1/../../../arm-none-eabi/lib/thumb/v7e-m+fp/hard/libc_nano.a(lib_a-tzset_r.o)
                0x0000000008001ff0                _tzset_unlocked_r
                0x0000000008002310                _tzset_r
 .text          0x000000000800232c       0xc8 /usr/lib/gcc/arm-none-eabi/10.3.1/../../../arm-none-eabi/lib/thumb/v7e-m+fp/hard/libc_nano.a(lib_a-wbuf.o)
                0x000000000800232c                __swbuf_r
                0x00000000080023dc                __swbuf
 .text          0x00000000080023f4      0x104 /usr/lib/gcc/arm-none-eabi/10.3.1/../../../arm-none-eabi/lib/thumb/v7e-m+fp/hard/libc_nano.a(lib_a-wsetup.o)
                0x00000000080023f4                __swsetup_r
 .text          0x00000000080024f8       0x4c /usr/lib/gcc/arm-none-eabi/10.3.1/../../../arm-none-eabi/lib/thumb/v7e-m+fp/hard/libc_nano.a(lib_a-assert.o)
                0x00000000080024f8                __assert_func
                0x0000000008002538                __assert
 .text          0x0000000008002544       0x40 /usr/lib/gcc/arm-none-eabi/10.3.1/../../../arm-none-eabi/lib/thumb/v7e-m+fp/hard/libc_nano.a(lib_a-div.o)
                0x0000000008002544                div
 .text          0x0000000008002584      0x1e8 /usr/lib/gcc/arm-none-eabi/10.3.1/../../../arm-none-eabi/lib/thumb/v7e-m+fp/hard/libc_nano.a(lib_a-fflush.o)
                0x0000000008002584                __sflush_r
                0x0000000008002698                _fflush_r
                0x00000000080026ec                fflush
 .text          0x000000000800276c      0x238 /usr/lib/gcc/arm-none-eabi/10.3.1/../../../arm-none-eabi/lib/thumb/v7e-m+fp/hard/libc_nano.a(lib_a-findfp.o)
                0x0000000008002770                _cleanup_r
                0x0000000008002780                __sfmoreglue
                0x00000000080027b0                __sfp
                0x0000000008002950                _cleanup
                0x0000000008002964                __sinit
                0x000000000800296c                __sfp_lock_acquire
                0x0000000008002970                __sfp_lock_release
                0x0000000008002974                __sinit_lock_acquire
                0x0000000008002978                __sinit_lock_release
                0x000000000800297c                __fp_lock_all
                0x0000000008002990                __fp_unlock_all
 .text          0x00000000080029a4      0x2f0 /usr/lib/gcc/arm-none-eabi/10.3.1/../../../arm-none-eabi/lib/thumb/v7e-m+fp/hard/libc_nano.a(lib_a-fvwrite.o)
                0x00000000080029a4                __sfvwrite_r
 .text          0x0000000008002c94       0x88 /usr/lib/gcc/arm-none-eabi/10.3.1/../../../arm-none-eabi/lib/thumb/v7e-m+fp/hard/libc_nano.a(lib_a-fwalk.o)
                0x0000000008002c94                _fwalk
                0x0000000008002cd4                _fwalk_reent
 .text          0x0000000008002d1c       0x90 /usr/lib/gcc/arm-none-eabi/10.3.1/../../../arm-none-eabi/lib/thumb/v7e-m+fp/hard/libc_nano.a(lib_a-getenv_r.o)
                0x0000000008002d1c                _findenv_r
                0x0000000008002d9c                _getenv_r
 .text          0x0000000008002dac        0x8 /usr/lib/gcc/arm-none-eabi/10.3.1/../../../arm-none-eabi/lib/thumb/v7e-m+fp/hard/libc_nano.a(lib_a-gettzinfo.o)
                0x0000000008002dac                __gettzinfo
 .text          0x0000000008002db4      0x11c /usr/lib/gcc/arm-none-eabi/10.3.1/../../../arm-none-eabi/lib/thumb/v7e-m+fp/hard/libc_nano.a(lib_a-makebuf.o)
                0x0000000008002db4                __smakebuf_r
                0x0000000008002e74                __swhatbuf_r
 .text          0x0000000008002ed0       0xa0 /usr/lib/gcc/arm-none-eabi/10.3.1/../../../arm-none-eabi/lib/thumb/v7e-m+fp/hard/libc_nano.a(lib_a-memchr.o)
                0x0000000008002ed0                memchr
 .text          0x0000000008002f70       0xf8 /usr/lib/gcc/arm-none-eabi/10.3.1/../../../arm-none-eabi/lib/thumb/v7e-m+fp/hard/libc_nano.a(lib_a-memmove.o)
                0x0000000008002f70                memmove
 .text          0x0000000008003068        0x8 /usr/lib/gcc/arm-none-eabi/10.3.1/../../../arm-none-eabi/lib/thumb/v7e-m+fp/hard/libc_nano.a(lib_a-mlock.o)
                0x0000000008003068                __malloc_lock
                0x000000000800306c                __malloc_unlock
 .text          0x0000000008003070       0x50 /usr/lib/gcc/arm-none-eabi/10.3.1/../../../arm-none-eabi/lib/thumb/v7e-m+fp/hard/libc_nano.a(lib_a-nano-reallocr.o)
                0x0000000008003070                _realloc_r
 .text          0x00000000080030c0       0xb0 /usr/lib/gcc/arm-none-eabi/10.3.1/../../../arm-none-eabi/lib/thumb/v7e-m+fp/hard/libc_nano.a(lib_a-sscanf.o)
                0x00000000080030c0                sscanf
                0x00000000080030c0                siscanf
                0x0000000008003118                _siscanf_r
                0x0000000008003118                _sscanf_r
 .text          0x0000000008003170       0x90 /usr/lib/gcc/arm-none-eabi/10.3.1/../../../arm-none-eabi/lib/thumb/v7e-m+fp/hard/libc_nano.a(lib_a-stdio.o)
                0x0000000008003170                __sread
                0x0000000008003194                __seofread
                0x0000000008003198                __swrite
                0x00000000080031d8                __sseek
                0x00000000080031f8                __sclose
 .text          0x0000000008003200       0xbc /usr/lib/gcc/arm-none-eabi/10.3.1/../../../arm-none-eabi/lib/thumb/v7e-m+fp/hard/libc_nano.a(lib_a-strcpy.o)
                0x0000000008003200                strcpy
 .text          0x00000000080032bc       0x80 /usr/lib/gcc/arm-none-eabi/10.3.1/../../../arm-none-eabi/lib/thumb/v7e-m+fp/hard/libc_nano.a(lib_a-strncmp.o)
                0x00000000080032bc                strncmp
 .text          0x000000000800333c      0x170 /usr/lib/gcc/arm-none-eabi/10.3.1/../../../arm-none-eabi/lib/thumb/v7e-m+fp/hard/libc_nano.a(lib_a-strtoul.o)
                0x0000000008003478                _strtoul_r
                0x000000000800347c                strtoul_l
                0x0000000008003494                strtoul
 .text          0x00000000080034ac       0x10 /usr/lib/gcc/arm-none-eabi/10.3.1/../../../arm-none-eabi/lib/thumb/v7e-m+fp/hard/libc_nano.a(lib_a-abort.o)
                0x00000000080034ac                abort
 .text          0x00000000080034bc       0x24 /usr/lib/gcc/arm-none-eabi/10.3.1/../../../arm-none-eabi/lib/thumb/v7e-m+fp/hard/libc_nano.a(lib_a-closer.o)
                0x00000000080034bc                _close_r
 .text          0x00000000080034e0        0x8 /usr/lib/gcc/arm-none-eabi/10.3.1/../../../arm-none-eabi/lib/thumb/v7e-m+fp/hard/libc_nano.a(lib_a-envlock.o)
                0x00000000080034e0                __env_lock
                0x00000000080034e4                __env_unlock
 .text          0x00000000080034e8       0x2c /usr/lib/gcc/arm-none-eabi/10.3.1/../../../arm-none-eabi/lib/thumb/v7e-m+fp/hard/libc_nano.a(lib_a-fstatr.o)
                0x00000000080034e8                _fstat_r
 .text          0x0000000008003514       0x24 /usr/lib/gcc/arm-none-eabi/10.3.1/../../../arm-none-eabi/lib/thumb/v7e-m+fp/hard/libc_nano.a(lib_a-isattyr.o)
                0x0000000008003514                _isatty_r
 .text          0x0000000008003538       0x2c /usr/lib/gcc/arm-none-eabi/10.3.1/../../../arm-none-eabi/lib/thumb/v7e-m+fp/hard/libc_nano.a(lib_a-lseekr.o)
                0x0000000008003538                _lseek_r
 .text          0x0000000008003564       0x14 /usr/lib/gcc/arm-none-eabi/10.3.1/../../../arm-none-eabi/lib/thumb/v7e-m+fp/hard/libc_nano.a(lib_a-nano-msizer.o)
                0x0000000008003564                _malloc_usable_size_r
 .text          0x0000000008003578      0x43c /usr/lib/gcc/arm-none-eabi/10.3.1/../../../arm-none-eabi/lib/thumb/v7e-m+fp/hard/libc_nano.a(lib_a-nano-svfscanf.o)
                0x0000000008003578                _sungetc_r
                0x00000000080035f8                __ssrefill_r
                0x0000000008003634                __ssvfscanf_r
                0x0000000008003634                __ssvfiscanf_r
 .text          0x00000000080039b4      0x2b0 /usr/lib/gcc/arm-none-eabi/10.3.1/../../../arm-none-eabi/lib/thumb/v7e-m+fp/hard/libc_nano.a(lib_a-nano-vfscanf_i.o)
                0x00000000080039b4                _scanf_chars
                0x0000000008003a78                _scanf_i
 .text          0x0000000008003c64       0x2c /usr/lib/gcc/arm-none-eabi/10.3.1/../../../arm-none-eabi/lib/thumb/v7e-m+fp/hard/libc_nano.a(lib_a-readr.o)
                0x0000000008003c64                _read_r
 .text          0x0000000008003c90       0x8c /usr/lib/gcc/arm-none-eabi/10.3.1/../../../arm-none-eabi/lib/thumb/v7e-m+fp/hard/libc_nano.a(lib_a-sccl.o)
                0x0000000008003c90                __sccl
 .text          0x0000000008003d1c      0x268 /usr/lib/gcc/arm-none-eabi/10.3.1/../../../arm-none-eabi/lib/thumb/v7e-m+fp/hard/libc_nano.a(lib_a-signal.o)
                0x0000000008003d1c                _init_signal_r
                0x0000000008003d48                _signal_r
                0x0000000008003d90                _raise_r
                0x0000000008003de4                __sigtramp_r
                0x0000000008003e44                raise
                0x0000000008003e9c                signal
                0x0000000008003eec                _init_signal
                0x0000000008003f20                __sigtramp
 .text          0x0000000008003f84       0x30 /usr/lib/gcc/arm-none-eabi/10.3.1/../../../arm-none-eabi/lib/thumb/v7e-m+fp/hard/libc_nano.a(lib_a-signalr.o)
                0x0000000008003f84                _kill_r
                0x0000000008003fb0                _getpid_r
 .text          0x0000000008003fb4      0x180 /usr/lib/gcc/arm-none-eabi/10.3.1/../../../arm-none-eabi/lib/thumb/v7e-m+fp/hard/libc_nano.a(lib_a-ungetc.o)
                0x0000000008003fb4                __submore
                0x000000000800402c                _ungetc_r
                0x000000000800411c                ungetc
 .text          0x0000000008004134       0xa0 /usr/lib/gcc/arm-none-eabi/10.3.1/thumb/v7e-m+fp/hard/libgcc.a(_aeabi_ldivmod.o)
                0x0000000008004134                __aeabi_ldivmod
 .text          0x00000000080041d4      0x2d0 /usr/lib/gcc/arm-none-eabi/10.3.1/thumb/v7e-m+fp/hard/libgcc.a(_udivmoddi4.o)
                0x00000000080041d4                __udivmoddi4
 .text          0x00000000080044a4        0x4 /usr/lib/gcc/arm-none-eabi/10.3.1/thumb/v7e-m+fp/hard/libgcc.a(_dvmd_tls.o)
                0x00000000080044a4                __aeabi_ldiv0
                0x00000000080044a4                __aeabi_idiv0
 *(.text*)
 .text.HAL_TIM_PeriodElapsedCallback
                0x00000000080044a8       0x18 build/main.o
                0x00000000080044a8                HAL_TIM_PeriodElapsedCallback
 .text.Error_Handler
                0x00000000080044c0        0x4 build/main.o
                0x00000000080044c0                Error_Handler
 .text.SystemClock_Config
                0x00000000080044c4       0x98 build/main.o
                0x00000000080044c4                SystemClock_Config
 .text.main     0x000000000800455c       0x3c build/main.o
                0x000000000800455c                main
 .text.MX_GPIO_Init
                0x0000000008004598      0x14c build/gpio.o
                0x0000000008004598                MX_GPIO_Init
 .text.StartDefaultTask
                0x00000000080046e4       0x28 build/freertos.o
                0x00000000080046e4                StartDefaultTask
 .text.MX_FREERTOS_Init
                0x000000000800470c       0x50 build/freertos.o
                0x000000000800470c                MX_FREERTOS_Init
 .text.MX_LPTIM1_Init
                0x000000000800475c       0x38 build/lptim.o
                0x000000000800475c                MX_LPTIM1_Init
 .text.HAL_LPTIM_MspInit
                0x0000000008004794       0x50 build/lptim.o
                0x0000000008004794                HAL_LPTIM_MspInit
 .text.MX_QUADSPI_Init
                0x00000000080047e4       0x34 build/quadspi.o
                0x00000000080047e4                MX_QUADSPI_Init
 .text.HAL_QSPI_MspInit
                0x0000000008004818       0x94 build/quadspi.o
                0x0000000008004818                HAL_QSPI_MspInit
 .text.MX_RTC_Init
                0x00000000080048ac       0xa4 build/rtc.o
                0x00000000080048ac                MX_RTC_Init
 .text.HAL_RTC_MspInit
                0x0000000008004950       0x60 build/rtc.o
                0x0000000008004950                HAL_RTC_MspInit
 .text.I2C1_MspInit
                0x00000000080049b0       0x88 build/custom_bus.o
 .text.I2C1_MspDeInit
                0x0000000008004a38       0x2c build/custom_bus.o
 .text.BSP_I2C1_DeInit
                0x0000000008004a64       0x38 build/custom_bus.o
                0x0000000008004a64                BSP_I2C1_DeInit
 .text.BSP_I2C1_IsReady
                0x0000000008004a9c       0x20 build/custom_bus.o
                0x0000000008004a9c                BSP_I2C1_IsReady
 .text.BSP_I2C1_WriteReg
                0x0000000008004abc       0x3c build/custom_bus.o
                0x0000000008004abc                BSP_I2C1_WriteReg
 .text.BSP_I2C1_ReadReg
                0x0000000008004af8       0x3c build/custom_bus.o
                0x0000000008004af8                BSP_I2C1_ReadReg
 .text.BSP_I2C1_WriteReg16
                0x0000000008004b34       0x3c build/custom_bus.o
                0x0000000008004b34                BSP_I2C1_WriteReg16
 .text.BSP_I2C1_ReadReg16
                0x0000000008004b70       0x3c build/custom_bus.o
                0x0000000008004b70                BSP_I2C1_ReadReg16
 .text.MX_I2C1_Init
                0x0000000008004bac       0x4c build/custom_bus.o
                0x0000000008004bac                MX_I2C1_Init
 .text.BSP_I2C1_Init
                0x0000000008004bf8       0x58 build/custom_bus.o
                0x0000000008004bf8                BSP_I2C1_Init
 .text.NMI_Handler
                0x0000000008004c50        0x2 build/stm32l4xx_it.o
                0x0000000008004c50                NMI_Handler
 .text.HardFault_Handler
                0x0000000008004c52        0x2 build/stm32l4xx_it.o
                0x0000000008004c52                HardFault_Handler
 .text.MemManage_Handler
                0x0000000008004c54        0x2 build/stm32l4xx_it.o
                0x0000000008004c54                MemManage_Handler
 .text.BusFault_Handler
                0x0000000008004c56        0x2 build/stm32l4xx_it.o
                0x0000000008004c56                BusFault_Handler
 .text.UsageFault_Handler
                0x0000000008004c58        0x2 build/stm32l4xx_it.o
                0x0000000008004c58                UsageFault_Handler
 .text.DebugMon_Handler
                0x0000000008004c5a        0x2 build/stm32l4xx_it.o
                0x0000000008004c5a                DebugMon_Handler
 .text.RTC_WKUP_IRQHandler
                0x0000000008004c5c       0x18 build/stm32l4xx_it.o
                0x0000000008004c5c                RTC_WKUP_IRQHandler
 .text.EXTI0_IRQHandler
                0x0000000008004c74       0x12 build/stm32l4xx_it.o
                0x0000000008004c74                EXTI0_IRQHandler
 .text.EXTI1_IRQHandler
                0x0000000008004c86       0x12 build/stm32l4xx_it.o
                0x0000000008004c86                EXTI1_IRQHandler
 .text.EXTI9_5_IRQHandler
                0x0000000008004c98       0x26 build/stm32l4xx_it.o
                0x0000000008004c98                EXTI9_5_IRQHandler
 *fill*         0x0000000008004cbe        0x2 
 .text.TIM6_IRQHandler
                0x0000000008004cc0       0x18 build/stm32l4xx_it.o
                0x0000000008004cc0                TIM6_IRQHandler
 .text.USB_IRQHandler
                0x0000000008004cd8       0x18 build/stm32l4xx_it.o
                0x0000000008004cd8                USB_IRQHandler
 .text.HAL_MspInit
                0x0000000008004cf0       0x40 build/stm32l4xx_hal_msp.o
                0x0000000008004cf0                HAL_MspInit
 .text.HAL_InitTick
                0x0000000008004d30       0xa0 build/stm32l4xx_hal_timebase_tim.o
                0x0000000008004d30                HAL_InitTick
 .text.HAL_SuspendTick
                0x0000000008004dd0       0x14 build/stm32l4xx_hal_timebase_tim.o
                0x0000000008004dd0                HAL_SuspendTick
 .text.HAL_ResumeTick
                0x0000000008004de4       0x14 build/stm32l4xx_hal_timebase_tim.o
                0x0000000008004de4                HAL_ResumeTick
 .text._sbrk    0x0000000008004df8       0x48 build/sysmem.o
                0x0000000008004df8                _sbrk
 .text._getpid  0x0000000008004e40        0x4 build/syscalls.o
                0x0000000008004e40                _getpid
 .text._kill    0x0000000008004e44       0x10 build/syscalls.o
                0x0000000008004e44                _kill
 .text._exit    0x0000000008004e54        0xc build/syscalls.o
                0x0000000008004e54                _exit
 .text._read    0x0000000008004e60       0x20 build/syscalls.o
                0x0000000008004e60                _read
 .text._close   0x0000000008004e80        0x6 build/syscalls.o
                0x0000000008004e80                _close
 .text._fstat   0x0000000008004e86        0xa build/syscalls.o
                0x0000000008004e86                _fstat
 .text._isatty  0x0000000008004e90        0x4 build/syscalls.o
                0x0000000008004e90                _isatty
 .text._lseek   0x0000000008004e94        0x4 build/syscalls.o
                0x0000000008004e94                _lseek
 .text.MX_CRC_Init
                0x0000000008004e98       0x2c build/crc.o
                0x0000000008004e98                MX_CRC_Init
 .text.HAL_CRC_MspInit
                0x0000000008004ec4       0x2c build/crc.o
                0x0000000008004ec4                HAL_CRC_MspInit
 .text.MX_RNG_Init
                0x0000000008004ef0       0x20 build/rng.o
                0x0000000008004ef0                MX_RNG_Init
 .text.HAL_RNG_MspInit
                0x0000000008004f10       0x54 build/rng.o
                0x0000000008004f10                HAL_RNG_MspInit
 .text.SystemInit
                0x0000000008004f64       0x14 build/system_stm32l4xx.o
                0x0000000008004f64                SystemInit
 .text.SystemClockConfig_Resume
                0x0000000008004f78        0x8 build/usbd_conf.o
 .text.HAL_PCD_SetupStageCallback
                0x0000000008004f80       0x10 build/usbd_conf.o
                0x0000000008004f80                HAL_PCD_SetupStageCallback
 .text.HAL_PCD_DataOutStageCallback
                0x0000000008004f90       0x18 build/usbd_conf.o
                0x0000000008004f90                HAL_PCD_DataOutStageCallback
 .text.HAL_PCD_DataInStageCallback
                0x0000000008004fa8       0x16 build/usbd_conf.o
                0x0000000008004fa8                HAL_PCD_DataInStageCallback
 .text.HAL_PCD_SOFCallback
                0x0000000008004fbe        0xc build/usbd_conf.o
                0x0000000008004fbe                HAL_PCD_SOFCallback
 .text.HAL_PCD_ResetCallback
                0x0000000008004fca       0x24 build/usbd_conf.o
                0x0000000008004fca                HAL_PCD_ResetCallback
 *fill*         0x0000000008004fee        0x2 
 .text.HAL_PCD_SuspendCallback
                0x0000000008004ff0       0x20 build/usbd_conf.o
                0x0000000008004ff0                HAL_PCD_SuspendCallback
 .text.HAL_PCD_ResumeCallback
                0x0000000008005010       0x28 build/usbd_conf.o
                0x0000000008005010                HAL_PCD_ResumeCallback
 .text.USBD_LL_OpenEP
                0x0000000008005038       0x24 build/usbd_conf.o
                0x0000000008005038                USBD_LL_OpenEP
 .text.USBD_LL_StallEP
                0x000000000800505c       0x1e build/usbd_conf.o
                0x000000000800505c                USBD_LL_StallEP
 .text.USBD_LL_ClearStallEP
                0x000000000800507a       0x1e build/usbd_conf.o
                0x000000000800507a                USBD_LL_ClearStallEP
 .text.USBD_LL_IsStallEP
                0x0000000008005098       0x2c build/usbd_conf.o
                0x0000000008005098                USBD_LL_IsStallEP
 .text.USBD_LL_SetUSBAddress
                0x00000000080050c4       0x1e build/usbd_conf.o
                0x00000000080050c4                USBD_LL_SetUSBAddress
 .text.USBD_LL_Transmit
                0x00000000080050e2       0x1e build/usbd_conf.o
                0x00000000080050e2                USBD_LL_Transmit
 .text.USBD_LL_PrepareReceive
                0x0000000008005100       0x1e build/usbd_conf.o
                0x0000000008005100                USBD_LL_PrepareReceive
 *fill*         0x000000000800511e        0x2 
 .text.HAL_PCDEx_LPM_Callback
                0x0000000008005120       0x48 build/usbd_conf.o
                0x0000000008005120                HAL_PCDEx_LPM_Callback
 .text.ST25DV_ReadReg
                0x0000000008005168        0xa build/st25dv_reg.o
                0x0000000008005168                ST25DV_ReadReg
 .text.ST25DV_WriteReg
                0x0000000008005172        0xa build/st25dv_reg.o
                0x0000000008005172                ST25DV_WriteReg
 .text.ST25DV_GetICREF
                0x000000000800517c       0x16 build/st25dv_reg.o
                0x000000000800517c                ST25DV_GetICREF
 .text.ST25DV_GetGPO_ALL
                0x0000000008005192       0x16 build/st25dv_reg.o
                0x0000000008005192                ST25DV_GetGPO_ALL
 .text.ST25DV_SetGPO_ALL
                0x00000000080051a8       0x16 build/st25dv_reg.o
                0x00000000080051a8                ST25DV_SetGPO_ALL
 .text.ST25DV_IsDeviceReady
                0x00000000080051be        0xa build/st25dv.o
                0x00000000080051be                ST25DV_IsDeviceReady
 .text.ST25DV_ReadData
                0x00000000080051c8       0x10 build/st25dv.o
                0x00000000080051c8                ST25DV_ReadData
 .text.ST25DV_WriteData
                0x00000000080051d8       0x78 build/st25dv.o
                0x00000000080051d8                ST25DV_WriteData
 .text.ReadRegWrap
                0x0000000008005250       0x18 build/st25dv.o
 .text.WriteRegWrap
                0x0000000008005268       0x48 build/st25dv.o
 .text.ST25DV_ReadID
                0x00000000080052b0        0xa build/st25dv.o
                0x00000000080052b0                ST25DV_ReadID
 .text.ST25DV_Init
                0x00000000080052ba       0x2e build/st25dv.o
                0x00000000080052ba                ST25DV_Init
 .text.ST25DV_GetGPOStatus
                0x00000000080052e8       0x1c build/st25dv.o
                0x00000000080052e8                ST25DV_GetGPOStatus
 .text.ST25DV_ConfigureGPO
                0x0000000008005304       0x18 build/st25dv.o
                0x0000000008005304                ST25DV_ConfigureGPO
 .text.ST25DV_RegisterBusIO
                0x000000000800531c       0x4c build/st25dv.o
                0x000000000800531c                ST25DV_RegisterBusIO
 .text.HAL_PCD_EP_DB_Receive
                0x0000000008005368      0x118 build/stm32l4xx_hal_pcd.o
 .text.HAL_PCD_EP_DB_Transmit
                0x0000000008005480      0x472 build/stm32l4xx_hal_pcd.o
 .text.PCD_EP_ISR_Handler
                0x00000000080058f2      0x4bc build/stm32l4xx_hal_pcd.o
 .text.HAL_PCD_SetAddress
                0x0000000008005dae       0x26 build/stm32l4xx_hal_pcd.o
                0x0000000008005dae                HAL_PCD_SetAddress
 .text.HAL_PCD_IRQHandler
                0x0000000008005dd4      0x1b2 build/stm32l4xx_hal_pcd.o
                0x0000000008005dd4                HAL_PCD_IRQHandler
 .text.HAL_PCD_EP_Open
                0x0000000008005f86       0x86 build/stm32l4xx_hal_pcd.o
                0x0000000008005f86                HAL_PCD_EP_Open
 .text.HAL_PCD_EP_Receive
                0x000000000800600c       0x3a build/stm32l4xx_hal_pcd.o
                0x000000000800600c                HAL_PCD_EP_Receive
 .text.HAL_PCD_EP_Transmit
                0x0000000008006046       0x4c build/stm32l4xx_hal_pcd.o
                0x0000000008006046                HAL_PCD_EP_Transmit
 .text.HAL_PCD_EP_SetStall
                0x0000000008006092       0x80 build/stm32l4xx_hal_pcd.o
                0x0000000008006092                HAL_PCD_EP_SetStall
 .text.HAL_PCD_EP_ClrStall
                0x0000000008006112       0x7e build/stm32l4xx_hal_pcd.o
                0x0000000008006112                HAL_PCD_EP_ClrStall
 .text.USB_ActivateEndpoint
                0x0000000008006190      0x51e build/stm32l4xx_ll_usb.o
                0x0000000008006190                USB_ActivateEndpoint
 .text.USB_EPSetStall
                0x00000000080066ae       0x4a build/stm32l4xx_ll_usb.o
                0x00000000080066ae                USB_EPSetStall
 .text.USB_EPClearStall
                0x00000000080066f8       0x9c build/stm32l4xx_ll_usb.o
                0x00000000080066f8                USB_EPClearStall
 .text.USB_SetDevAddress
                0x0000000008006794        0xc build/stm32l4xx_ll_usb.o
                0x0000000008006794                USB_SetDevAddress
 .text.USB_ReadInterrupts
                0x00000000080067a0        0x8 build/stm32l4xx_ll_usb.o
                0x00000000080067a0                USB_ReadInterrupts
 .text.USB_EP0_OutStart
                0x00000000080067a8        0x4 build/stm32l4xx_ll_usb.o
                0x00000000080067a8                USB_EP0_OutStart
 .text.USB_WritePMA
                0x00000000080067ac       0x28 build/stm32l4xx_ll_usb.o
                0x00000000080067ac                USB_WritePMA
 .text.USB_EPStartXfer
                0x00000000080067d4      0x584 build/stm32l4xx_ll_usb.o
                0x00000000080067d4                USB_EPStartXfer
 .text.USB_ReadPMA
                0x0000000008006d58       0x30 build/stm32l4xx_ll_usb.o
                0x0000000008006d58                USB_ReadPMA
 .text.HAL_Init
                0x0000000008006d88       0x1e build/stm32l4xx_hal.o
                0x0000000008006d88                HAL_Init
 *fill*         0x0000000008006da6        0x2 
 .text.HAL_IncTick
                0x0000000008006da8       0x18 build/stm32l4xx_hal.o
                0x0000000008006da8                HAL_IncTick
 .text.HAL_GetTick
                0x0000000008006dc0        0xc build/stm32l4xx_hal.o
                0x0000000008006dc0                HAL_GetTick
 .text.RCC_SetFlashLatencyFromMSIRange
                0x0000000008006dcc       0x90 build/stm32l4xx_hal_rcc.o
 .text.HAL_RCC_GetSysClockFreq
                0x0000000008006e5c       0xb4 build/stm32l4xx_hal_rcc.o
                0x0000000008006e5c                HAL_RCC_GetSysClockFreq
 .text.HAL_RCC_OscConfig
                0x0000000008006f10      0x6dc build/stm32l4xx_hal_rcc.o
                0x0000000008006f10                HAL_RCC_OscConfig
 .text.HAL_RCC_ClockConfig
                0x00000000080075ec      0x188 build/stm32l4xx_hal_rcc.o
                0x00000000080075ec                HAL_RCC_ClockConfig
 .text.HAL_RCC_GetHCLKFreq
                0x0000000008007774        0xc build/stm32l4xx_hal_rcc.o
                0x0000000008007774                HAL_RCC_GetHCLKFreq
 .text.HAL_RCC_GetPCLK1Freq
                0x0000000008007780       0x24 build/stm32l4xx_hal_rcc.o
                0x0000000008007780                HAL_RCC_GetPCLK1Freq
 .text.HAL_RCC_GetClockConfig
                0x00000000080077a4       0x3c build/stm32l4xx_hal_rcc.o
                0x00000000080077a4                HAL_RCC_GetClockConfig
 .text.HAL_RCCEx_PeriphCLKConfig
                0x00000000080077e0      0x234 build/stm32l4xx_hal_rcc_ex.o
                0x00000000080077e0                HAL_RCCEx_PeriphCLKConfig
 .text.HAL_RCCEx_EnableMSIPLLMode
                0x0000000008007a14       0x10 build/stm32l4xx_hal_rcc_ex.o
                0x0000000008007a14                HAL_RCCEx_EnableMSIPLLMode
 .text.HAL_GPIO_Init
                0x0000000008007a24      0x1bc build/stm32l4xx_hal_gpio.o
                0x0000000008007a24                HAL_GPIO_Init
 .text.HAL_GPIO_DeInit
                0x0000000008007be0      0x100 build/stm32l4xx_hal_gpio.o
                0x0000000008007be0                HAL_GPIO_DeInit
 .text.HAL_GPIO_WritePin
                0x0000000008007ce0        0xa build/stm32l4xx_hal_gpio.o
                0x0000000008007ce0                HAL_GPIO_WritePin
 *fill*         0x0000000008007cea        0x2 
 .text.HAL_GPIO_EXTI_IRQHandler
                0x0000000008007cec       0x1c build/stm32l4xx_hal_gpio.o
                0x0000000008007cec                HAL_GPIO_EXTI_IRQHandler
 .text.I2C_Flush_TXDR
                0x0000000008007d08       0x22 build/stm32l4xx_hal_i2c.o
 .text.I2C_TransferConfig
                0x0000000008007d2a       0x3c build/stm32l4xx_hal_i2c.o
 .text.I2C_IsErrorOccurred
                0x0000000008007d66      0x114 build/stm32l4xx_hal_i2c.o
 .text.I2C_WaitOnTXISFlagUntilTimeout
                0x0000000008007e7a       0x60 build/stm32l4xx_hal_i2c.o
 .text.I2C_WaitOnFlagUntilTimeout
                0x0000000008007eda       0x7c build/stm32l4xx_hal_i2c.o
 *fill*         0x0000000008007f56        0x2 
 .text.I2C_RequestMemoryWrite
                0x0000000008007f58       0x7c build/stm32l4xx_hal_i2c.o
 .text.I2C_RequestMemoryRead
                0x0000000008007fd4       0x78 build/stm32l4xx_hal_i2c.o
 .text.I2C_WaitOnSTOPFlagUntilTimeout
                0x000000000800804c       0x5e build/stm32l4xx_hal_i2c.o
 .text.HAL_I2C_MspInit
                0x00000000080080aa        0x2 build/stm32l4xx_hal_i2c.o
                0x00000000080080aa                HAL_I2C_MspInit
 .text.HAL_I2C_Init
                0x00000000080080ac       0xc8 build/stm32l4xx_hal_i2c.o
                0x00000000080080ac                HAL_I2C_Init
 .text.HAL_I2C_MspDeInit
                0x0000000008008174        0x2 build/stm32l4xx_hal_i2c.o
                0x0000000008008174                HAL_I2C_MspDeInit
 .text.HAL_I2C_DeInit
                0x0000000008008176       0x32 build/stm32l4xx_hal_i2c.o
                0x0000000008008176                HAL_I2C_DeInit
 .text.HAL_I2C_Mem_Write
                0x00000000080081a8      0x1a8 build/stm32l4xx_hal_i2c.o
                0x00000000080081a8                HAL_I2C_Mem_Write
 .text.HAL_I2C_Mem_Read
                0x0000000008008350      0x1b0 build/stm32l4xx_hal_i2c.o
                0x0000000008008350                HAL_I2C_Mem_Read
 .text.HAL_I2C_IsDeviceReady
                0x0000000008008500      0x13e build/stm32l4xx_hal_i2c.o
                0x0000000008008500                HAL_I2C_IsDeviceReady
 .text.HAL_I2C_GetState
                0x000000000800863e        0x6 build/stm32l4xx_hal_i2c.o
                0x000000000800863e                HAL_I2C_GetState
 .text.HAL_I2C_GetError
                0x0000000008008644        0x4 build/stm32l4xx_hal_i2c.o
                0x0000000008008644                HAL_I2C_GetError
 .text.HAL_I2CEx_ConfigAnalogFilter
                0x0000000008008648       0x5c build/stm32l4xx_hal_i2c_ex.o
                0x0000000008008648                HAL_I2CEx_ConfigAnalogFilter
 .text.HAL_I2CEx_ConfigDigitalFilter
                0x00000000080086a4       0x58 build/stm32l4xx_hal_i2c_ex.o
                0x00000000080086a4                HAL_I2CEx_ConfigDigitalFilter
 .text.HAL_PWR_EnableBkUpAccess
                0x00000000080086fc       0x10 build/stm32l4xx_hal_pwr.o
                0x00000000080086fc                HAL_PWR_EnableBkUpAccess
 .text.HAL_PWR_EnterSTANDBYMode
                0x000000000800870c       0x24 build/stm32l4xx_hal_pwr.o
                0x000000000800870c                HAL_PWR_EnterSTANDBYMode
 .text.HAL_PWREx_GetVoltageRange
                0x0000000008008730       0x10 build/stm32l4xx_hal_pwr_ex.o
                0x0000000008008730                HAL_PWREx_GetVoltageRange
 .text.HAL_PWREx_ControlVoltageScaling
                0x0000000008008740       0x90 build/stm32l4xx_hal_pwr_ex.o
                0x0000000008008740                HAL_PWREx_ControlVoltageScaling
 .text.HAL_PWREx_EnterSTOP2Mode
                0x00000000080087d0       0x3c build/stm32l4xx_hal_pwr_ex.o
                0x00000000080087d0                HAL_PWREx_EnterSTOP2Mode
 .text.HAL_NVIC_SetPriorityGrouping
                0x000000000800880c       0x24 build/stm32l4xx_hal_cortex.o
                0x000000000800880c                HAL_NVIC_SetPriorityGrouping
 .text.HAL_NVIC_SetPriority
                0x0000000008008830       0x70 build/stm32l4xx_hal_cortex.o
                0x0000000008008830                HAL_NVIC_SetPriority
 .text.HAL_NVIC_EnableIRQ
                0x00000000080088a0       0x1c build/stm32l4xx_hal_cortex.o
                0x00000000080088a0                HAL_NVIC_EnableIRQ
 .text.LPTIM_WaitForFlag
                0x00000000080088bc       0x3c build/stm32l4xx_hal_lptim.o
 .text.HAL_LPTIM_GetState
                0x00000000080088f8        0x6 build/stm32l4xx_hal_lptim.o
                0x00000000080088f8                HAL_LPTIM_GetState
 *fill*         0x00000000080088fe        0x2 
 .text.LPTIM_Disable
                0x0000000008008900      0x1ac build/stm32l4xx_hal_lptim.o
                0x0000000008008900                LPTIM_Disable
 .text.HAL_LPTIM_Init
                0x0000000008008aac       0xf0 build/stm32l4xx_hal_lptim.o
                0x0000000008008aac                HAL_LPTIM_Init
 .text.QSPI_Config
                0x0000000008008b9c      0x1ee build/stm32l4xx_hal_qspi.o
 .text.QSPI_WaitFlagStateUntilTimeout
                0x0000000008008d8a       0x54 build/stm32l4xx_hal_qspi.o
 .text.HAL_QSPI_Command
                0x0000000008008dde       0x9e build/stm32l4xx_hal_qspi.o
                0x0000000008008dde                HAL_QSPI_Command
 .text.HAL_QSPI_SetTimeout
                0x0000000008008e7c        0x4 build/stm32l4xx_hal_qspi.o
                0x0000000008008e7c                HAL_QSPI_SetTimeout
 .text.HAL_QSPI_Init
                0x0000000008008e80       0xb0 build/stm32l4xx_hal_qspi.o
                0x0000000008008e80                HAL_QSPI_Init
 .text.HAL_RTC_WaitForSynchro
                0x0000000008008f30       0x34 build/stm32l4xx_hal_rtc.o
                0x0000000008008f30                HAL_RTC_WaitForSynchro
 .text.RTC_EnterInitMode
                0x0000000008008f64       0x46 build/stm32l4xx_hal_rtc.o
                0x0000000008008f64                RTC_EnterInitMode
 *fill*         0x0000000008008faa        0x2 
 .text.RTC_ExitInitMode
                0x0000000008008fac       0x50 build/stm32l4xx_hal_rtc.o
                0x0000000008008fac                RTC_ExitInitMode
 .text.HAL_RTC_Init
                0x0000000008008ffc       0xb8 build/stm32l4xx_hal_rtc.o
                0x0000000008008ffc                HAL_RTC_Init
 .text.RTC_ByteToBcd2
                0x00000000080090b4       0x16 build/stm32l4xx_hal_rtc.o
                0x00000000080090b4                RTC_ByteToBcd2
 .text.HAL_RTC_SetTime
                0x00000000080090ca       0xc8 build/stm32l4xx_hal_rtc.o
                0x00000000080090ca                HAL_RTC_SetTime
 .text.HAL_RTC_SetDate
                0x0000000008009192       0xa6 build/stm32l4xx_hal_rtc.o
                0x0000000008009192                HAL_RTC_SetDate
 .text.RTC_Bcd2ToByte
                0x0000000008009238       0x12 build/stm32l4xx_hal_rtc.o
                0x0000000008009238                RTC_Bcd2ToByte
 .text.HAL_RTC_GetTime
                0x000000000800924a       0x4c build/stm32l4xx_hal_rtc.o
                0x000000000800924a                HAL_RTC_GetTime
 .text.HAL_RTC_GetDate
                0x0000000008009296       0x3c build/stm32l4xx_hal_rtc.o
                0x0000000008009296                HAL_RTC_GetDate
 *fill*         0x00000000080092d2        0x2 
 .text.HAL_RTCEx_SetWakeUpTimer_IT
                0x00000000080092d4       0xe4 build/stm32l4xx_hal_rtc_ex.o
                0x00000000080092d4                HAL_RTCEx_SetWakeUpTimer_IT
 .text.HAL_RTCEx_DeactivateWakeUpTimer
                0x00000000080093b8       0x7e build/stm32l4xx_hal_rtc_ex.o
                0x00000000080093b8                HAL_RTCEx_DeactivateWakeUpTimer
 *fill*         0x0000000008009436        0x2 
 .text.HAL_RTCEx_WakeUpTimerIRQHandler
                0x0000000008009438       0x2c build/stm32l4xx_hal_rtc_ex.o
                0x0000000008009438                HAL_RTCEx_WakeUpTimerIRQHandler
 .text.HAL_TIM_Base_MspInit
                0x0000000008009464        0x2 build/stm32l4xx_hal_tim.o
                0x0000000008009464                HAL_TIM_Base_MspInit
 *fill*         0x0000000008009466        0x2 
 .text.HAL_TIM_Base_Start_IT
                0x0000000008009468       0x6c build/stm32l4xx_hal_tim.o
                0x0000000008009468                HAL_TIM_Base_Start_IT
 .text.HAL_TIM_OC_DelayElapsedCallback
                0x00000000080094d4        0x2 build/stm32l4xx_hal_tim.o
                0x00000000080094d4                HAL_TIM_OC_DelayElapsedCallback
 .text.HAL_TIM_IC_CaptureCallback
                0x00000000080094d6        0x2 build/stm32l4xx_hal_tim.o
                0x00000000080094d6                HAL_TIM_IC_CaptureCallback
 .text.HAL_TIM_PWM_PulseFinishedCallback
                0x00000000080094d8        0x2 build/stm32l4xx_hal_tim.o
                0x00000000080094d8                HAL_TIM_PWM_PulseFinishedCallback
 .text.HAL_TIM_TriggerCallback
                0x00000000080094da        0x2 build/stm32l4xx_hal_tim.o
                0x00000000080094da                HAL_TIM_TriggerCallback
 .text.HAL_TIM_IRQHandler
                0x00000000080094dc      0x17a build/stm32l4xx_hal_tim.o
                0x00000000080094dc                HAL_TIM_IRQHandler
 *fill*         0x0000000008009656        0x2 
 .text.TIM_Base_SetConfig
                0x0000000008009658       0x80 build/stm32l4xx_hal_tim.o
                0x0000000008009658                TIM_Base_SetConfig
 .text.HAL_TIM_Base_Init
                0x00000000080096d8       0x60 build/stm32l4xx_hal_tim.o
                0x00000000080096d8                HAL_TIM_Base_Init
 .text.HAL_TIMEx_CommutCallback
                0x0000000008009738        0x2 build/stm32l4xx_hal_tim_ex.o
                0x0000000008009738                HAL_TIMEx_CommutCallback
 .text.HAL_TIMEx_BreakCallback
                0x000000000800973a        0x2 build/stm32l4xx_hal_tim_ex.o
                0x000000000800973a                HAL_TIMEx_BreakCallback
 .text.HAL_TIMEx_Break2Callback
                0x000000000800973c        0x2 build/stm32l4xx_hal_tim_ex.o
                0x000000000800973c                HAL_TIMEx_Break2Callback
 *fill*         0x000000000800973e        0x2 
 .text.HAL_CRC_Init
                0x0000000008009740       0x80 build/stm32l4xx_hal_crc.o
                0x0000000008009740                HAL_CRC_Init
 .text.HAL_CRCEx_Polynomial_Set
                0x00000000080097c0       0x78 build/stm32l4xx_hal_crc_ex.o
                0x00000000080097c0                HAL_CRCEx_Polynomial_Set
 .text.HAL_RNG_Init
                0x0000000008009838       0x72 build/stm32l4xx_hal_rng.o
                0x0000000008009838                HAL_RNG_Init
 .text.vListInitialise
                0x00000000080098aa       0x16 build/list.o
                0x00000000080098aa                vListInitialise
 .text.vListInitialiseItem
                0x00000000080098c0        0x6 build/list.o
                0x00000000080098c0                vListInitialiseItem
 .text.vListInsertEnd
                0x00000000080098c6       0x16 build/list.o
                0x00000000080098c6                vListInsertEnd
 .text.vListInsert
                0x00000000080098dc       0x32 build/list.o
                0x00000000080098dc                vListInsert
 .text.uxListRemove
                0x000000000800990e       0x26 build/list.o
                0x000000000800990e                uxListRemove
 .text.prvIsQueueFull
                0x0000000008009934       0x1e build/queue.o
 .text.prvIsQueueEmpty
                0x0000000008009952       0x1a build/queue.o
 .text.prvCopyDataToQueue
                0x000000000800996c       0x76 build/queue.o
 .text.prvCopyDataFromQueue
                0x00000000080099e2       0x24 build/queue.o
 .text.prvUnlockQueue
                0x0000000008009a06       0x6e build/queue.o
 .text.xQueueGenericReset
                0x0000000008009a74       0x84 build/queue.o
                0x0000000008009a74                xQueueGenericReset
 .text.prvInitialiseNewQueue
                0x0000000008009af8       0x30 build/queue.o
 .text.xQueueGenericCreateStatic
                0x0000000008009b28       0x94 build/queue.o
                0x0000000008009b28                xQueueGenericCreateStatic
 .text.xQueueGenericCreate
                0x0000000008009bbc       0x48 build/queue.o
                0x0000000008009bbc                xQueueGenericCreate
 .text.xQueueGenericSend
                0x0000000008009c04      0x1c4 build/queue.o
                0x0000000008009c04                xQueueGenericSend
 .text.xQueueGenericSendFromISR
                0x0000000008009dc8       0xee build/queue.o
                0x0000000008009dc8                xQueueGenericSendFromISR
 .text.xQueueReceive
                0x0000000008009eb6      0x1b8 build/queue.o
                0x0000000008009eb6                xQueueReceive
 .text.xQueueReceiveFromISR
                0x000000000800a06e       0xe0 build/queue.o
                0x000000000800a06e                xQueueReceiveFromISR
 *fill*         0x000000000800a14e        0x2 
 .text.vQueueAddToRegistry
                0x000000000800a150       0x38 build/queue.o
                0x000000000800a150                vQueueAddToRegistry
 .text.vQueueWaitForMessageRestricted
                0x000000000800a188       0x52 build/queue.o
                0x000000000800a188                vQueueWaitForMessageRestricted
 *fill*         0x000000000800a1da        0x2 
 .text.prvGetExpectedIdleTime
                0x000000000800a1dc       0x40 build/tasks.o
 .text.prvTaskCheckFreeStackSpace
                0x000000000800a21c       0x14 build/tasks.o
 .text.prvResetNextTaskUnblockTime
                0x000000000800a230       0x2c build/tasks.o
 .text.prvInitialiseNewTask
                0x000000000800a25c       0xa6 build/tasks.o
 *fill*         0x000000000800a302        0x2 
 .text.prvInitialiseTaskLists
                0x000000000800a304       0x68 build/tasks.o
 .text.prvAddNewTaskToReadyList
                0x000000000800a36c       0xd0 build/tasks.o
 .text.prvDeleteTCB
                0x000000000800a43c       0x38 build/tasks.o
 .text.prvCheckTasksWaitingTermination
                0x000000000800a474       0x4c build/tasks.o
 .text.prvAddCurrentTaskToDelayedList
                0x000000000800a4c0       0x94 build/tasks.o
 .text.xTaskCreateStatic
                0x000000000800a554       0x76 build/tasks.o
                0x000000000800a554                xTaskCreateStatic
 .text.xTaskCreate
                0x000000000800a5ca       0x68 build/tasks.o
                0x000000000800a5ca                xTaskCreate
 *fill*         0x000000000800a632        0x2 
 .text.vTaskStartScheduler
                0x000000000800a634       0xbc build/tasks.o
                0x000000000800a634                vTaskStartScheduler
 .text.vTaskSuspendAll
                0x000000000800a6f0       0x10 build/tasks.o
                0x000000000800a6f0                vTaskSuspendAll
 .text.xTaskGetTickCount
                0x000000000800a700        0xc build/tasks.o
                0x000000000800a700                xTaskGetTickCount
 .text.xTaskGetTickCountFromISR
                0x000000000800a70c       0x10 build/tasks.o
                0x000000000800a70c                xTaskGetTickCountFromISR
 .text.vTaskStepTick
                0x000000000800a71c       0x3c build/tasks.o
                0x000000000800a71c                vTaskStepTick
 .text.xTaskIncrementTick
                0x000000000800a758      0x120 build/tasks.o
                0x000000000800a758                xTaskIncrementTick
 .text.xTaskResumeAll
                0x000000000800a878       0xfc build/tasks.o
                0x000000000800a878                xTaskResumeAll
 .text.vTaskDelay
                0x000000000800a974       0x54 build/tasks.o
                0x000000000800a974                vTaskDelay
 .text.prvIdleTask
                0x000000000800a9c8       0x70 build/tasks.o
 .text.vTaskSwitchContext
                0x000000000800aa38       0xb8 build/tasks.o
                0x000000000800aa38                vTaskSwitchContext
 .text.vTaskPlaceOnEventList
                0x000000000800aaf0       0x30 build/tasks.o
                0x000000000800aaf0                vTaskPlaceOnEventList
 .text.vTaskPlaceOnEventListRestricted
                0x000000000800ab20       0x40 build/tasks.o
                0x000000000800ab20                vTaskPlaceOnEventListRestricted
 .text.xTaskRemoveFromEventList
                0x000000000800ab60       0x94 build/tasks.o
                0x000000000800ab60                xTaskRemoveFromEventList
 .text.vTaskInternalSetTimeOutState
                0x000000000800abf4       0x18 build/tasks.o
                0x000000000800abf4                vTaskInternalSetTimeOutState
 .text.xTaskCheckForTimeOut
                0x000000000800ac0c       0x84 build/tasks.o
                0x000000000800ac0c                xTaskCheckForTimeOut
 .text.vTaskMissedYield
                0x000000000800ac90        0xc build/tasks.o
                0x000000000800ac90                vTaskMissedYield
 .text.eTaskConfirmSleepModeStatus
                0x000000000800ac9c       0x3c build/tasks.o
                0x000000000800ac9c                eTaskConfirmSleepModeStatus
 .text.uxTaskGetStackHighWaterMark
                0x000000000800acd8       0x18 build/tasks.o
                0x000000000800acd8                uxTaskGetStackHighWaterMark
 .text.xTaskGetSchedulerState
                0x000000000800acf0       0x20 build/tasks.o
                0x000000000800acf0                xTaskGetSchedulerState
 .text.xTaskPriorityDisinherit
                0x000000000800ad10       0x98 build/tasks.o
                0x000000000800ad10                xTaskPriorityDisinherit
 .text.prvGetNextExpireTime
                0x000000000800ada8       0x20 build/timers.o
 .text.prvInsertTimerInActiveList
                0x000000000800adc8       0x48 build/timers.o
 .text.prvCheckForValidListAndQueue
                0x000000000800ae10       0x70 build/timers.o
 .text.xTimerCreateTimerTask
                0x000000000800ae80       0x64 build/timers.o
                0x000000000800ae80                xTimerCreateTimerTask
 .text.xTimerGenericCommand
                0x000000000800aee4       0x6c build/timers.o
                0x000000000800aee4                xTimerGenericCommand
 .text.prvSwitchTimerLists
                0x000000000800af50       0x7c build/timers.o
 .text.prvSampleTimeNow
                0x000000000800afcc       0x2c build/timers.o
 .text.prvProcessExpiredTimer
                0x000000000800aff8       0x6c build/timers.o
 .text.prvProcessTimerOrBlockTask
                0x000000000800b064       0x74 build/timers.o
 .text.prvProcessReceivedCommands
                0x000000000800b0d8      0x10c build/timers.o
 .text.prvTimerTask
                0x000000000800b1e4       0x16 build/timers.o
 .text.SysTick_Handler
                0x000000000800b1fa       0x18 build/cmsis_os2.o
                0x000000000800b1fa                SysTick_Handler
 *fill*         0x000000000800b212        0x2 
 .text.osKernelInitialize
                0x000000000800b214       0x24 build/cmsis_os2.o
                0x000000000800b214                osKernelInitialize
 .text.osKernelStart
                0x000000000800b238       0x38 build/cmsis_os2.o
                0x000000000800b238                osKernelStart
 .text.osThreadNew
                0x000000000800b270       0xbc build/cmsis_os2.o
                0x000000000800b270                osThreadNew
 .text.osDelay  0x000000000800b32c       0x1c build/cmsis_os2.o
                0x000000000800b32c                osDelay
 .text.osMessageQueueNew
                0x000000000800b348       0x96 build/cmsis_os2.o
                0x000000000800b348                osMessageQueueNew
 .text.osMessageQueuePut
                0x000000000800b3de       0x90 build/cmsis_os2.o
                0x000000000800b3de                osMessageQueuePut
 .text.osMessageQueueGet
                0x000000000800b46e       0x8e build/cmsis_os2.o
                0x000000000800b46e                osMessageQueueGet
 .text.vApplicationGetIdleTaskMemory
                0x000000000800b4fc       0x18 build/cmsis_os2.o
                0x000000000800b4fc                vApplicationGetIdleTaskMemory
 .text.vApplicationGetTimerTaskMemory
                0x000000000800b514       0x18 build/cmsis_os2.o
                0x000000000800b514                vApplicationGetTimerTaskMemory
 .text.prvHeapInit
                0x000000000800b52c       0x64 build/heap_4.o
 .text.prvInsertBlockIntoFreeList
                0x000000000800b590       0x64 build/heap_4.o
 .text.pvPortMalloc
                0x000000000800b5f4       0xfc build/heap_4.o
                0x000000000800b5f4                pvPortMalloc
 .text.vPortFree
                0x000000000800b6f0       0x7c build/heap_4.o
                0x000000000800b6f0                vPortFree
 .text.prvTaskExitError
                0x000000000800b76c       0x40 build/port.o
 .text.prvPortStartFirstTask
                0x000000000800b7ac       0x28 build/port.o
 .text.vPortEnableVFP
                0x000000000800b7d4       0x14 build/port.o
 .text.pxPortInitialiseStack
                0x000000000800b7e8       0x2c build/port.o
                0x000000000800b7e8                pxPortInitialiseStack
 *fill*         0x000000000800b814        0xc 
 .text.SVC_Handler
                0x000000000800b820       0x24 build/port.o
                0x000000000800b820                SVC_Handler
 .text.vPortEnterCritical
                0x000000000800b844       0x44 build/port.o
                0x000000000800b844                vPortEnterCritical
 .text.vPortExitCritical
                0x000000000800b888       0x2c build/port.o
                0x000000000800b888                vPortExitCritical
 *fill*         0x000000000800b8b4        0xc 
 .text.PendSV_Handler
                0x000000000800b8c0       0x64 build/port.o
                0x000000000800b8c0                PendSV_Handler
 .text.xPortSysTickHandler
                0x000000000800b924       0x3a build/port.o
                0x000000000800b924                xPortSysTickHandler
 *fill*         0x000000000800b95e        0x2 
 .text.vPortSuppressTicksAndSleep
                0x000000000800b960      0x104 build/port.o
                0x000000000800b960                vPortSuppressTicksAndSleep
 .text.vPortSetupTimerInterrupt
                0x000000000800ba64       0x54 build/port.o
                0x000000000800ba64                vPortSetupTimerInterrupt
 .text.xPortStartScheduler
                0x000000000800bab8      0x118 build/port.o
                0x000000000800bab8                xPortStartScheduler
 .text.vPortValidateInterruptPriority
                0x000000000800bbd0       0x5c build/port.o
                0x000000000800bbd0                vPortValidateInterruptPriority
 .text.USBD_SetClassConfig
                0x000000000800bc2c       0x12 build/usbd_core.o
                0x000000000800bc2c                USBD_SetClassConfig
 .text.USBD_ClrClassConfig
                0x000000000800bc3e       0x12 build/usbd_core.o
                0x000000000800bc3e                USBD_ClrClassConfig
 .text.USBD_LL_SetupStage
                0x000000000800bc50       0x58 build/usbd_core.o
                0x000000000800bc50                USBD_LL_SetupStage
 .text.USBD_LL_Reset
                0x000000000800bca8       0x64 build/usbd_core.o
                0x000000000800bca8                USBD_LL_Reset
 .text.USBD_LL_SetSpeed
                0x000000000800bd0c        0x6 build/usbd_core.o
                0x000000000800bd0c                USBD_LL_SetSpeed
 .text.USBD_LL_Suspend
                0x000000000800bd12       0x1e build/usbd_core.o
                0x000000000800bd12                USBD_LL_Suspend
 .text.USBD_LL_Resume
                0x000000000800bd30       0x1a build/usbd_core.o
                0x000000000800bd30                USBD_LL_Resume
 .text.USBD_LL_SOF
                0x000000000800bd4a       0x22 build/usbd_core.o
                0x000000000800bd4a                USBD_LL_SOF
 .text.USBD_CoreFindIF
                0x000000000800bd6c        0x4 build/usbd_core.o
                0x000000000800bd6c                USBD_CoreFindIF
 .text.USBD_CoreFindEP
                0x000000000800bd70        0x4 build/usbd_core.o
                0x000000000800bd70                USBD_CoreFindEP
 .text.USBD_LL_DataOutStage
                0x000000000800bd74       0xc6 build/usbd_core.o
                0x000000000800bd74                USBD_LL_DataOutStage
 .text.USBD_LL_DataInStage
                0x000000000800be3a       0xd6 build/usbd_core.o
                0x000000000800be3a                USBD_LL_DataInStage
 .text.USBD_ParseSetupRequest
                0x000000000800bf10       0x28 build/usbd_ctlreq.o
                0x000000000800bf10                USBD_ParseSetupRequest
 .text.USBD_CtlError
                0x000000000800bf38       0x14 build/usbd_ctlreq.o
                0x000000000800bf38                USBD_CtlError
 .text.USBD_GetDescriptor
                0x000000000800bf4c      0x1ac build/usbd_ctlreq.o
 .text.USBD_SetAddress
                0x000000000800c0f8       0x50 build/usbd_ctlreq.o
 .text.USBD_SetConfig
                0x000000000800c148       0xcc build/usbd_ctlreq.o
 .text.USBD_GetConfig
                0x000000000800c214       0x40 build/usbd_ctlreq.o
 .text.USBD_GetStatus
                0x000000000800c254       0x38 build/usbd_ctlreq.o
 .text.USBD_SetFeature
                0x000000000800c28c       0x2a build/usbd_ctlreq.o
 .text.USBD_ClrFeature
                0x000000000800c2b6       0x26 build/usbd_ctlreq.o
 .text.USBD_StdDevReq
                0x000000000800c2dc       0x76 build/usbd_ctlreq.o
                0x000000000800c2dc                USBD_StdDevReq
 .text.USBD_StdItfReq
                0x000000000800c352       0x84 build/usbd_ctlreq.o
                0x000000000800c352                USBD_StdItfReq
 .text.USBD_StdEPReq
                0x000000000800c3d6      0x230 build/usbd_ctlreq.o
                0x000000000800c3d6                USBD_StdEPReq
 .text.USBD_CtlSendData
                0x000000000800c606       0x1a build/usbd_ioreq.o
                0x000000000800c606                USBD_CtlSendData
 .text.USBD_CtlContinueSendData
                0x000000000800c620       0x10 build/usbd_ioreq.o
                0x000000000800c620                USBD_CtlContinueSendData
 .text.USBD_CtlContinueRx
                0x000000000800c630       0x10 build/usbd_ioreq.o
                0x000000000800c630                USBD_CtlContinueRx
 .text.USBD_CtlSendStatus
                0x000000000800c640       0x16 build/usbd_ioreq.o
                0x000000000800c640                USBD_CtlSendStatus
 .text.USBD_CtlReceiveStatus
                0x000000000800c656       0x16 build/usbd_ioreq.o
                0x000000000800c656                USBD_CtlReceiveStatus
 .text._DoInit  0x000000000800c66c       0x60 build/SEGGER_RTT.o
 .text._GetAvailWriteSpace
                0x000000000800c6cc       0x18 build/SEGGER_RTT.o
 .text._WriteNoCheck
                0x000000000800c6e4       0x4c build/SEGGER_RTT.o
 .text._WriteBlocking
                0x000000000800c730       0x62 build/SEGGER_RTT.o
 *fill*         0x000000000800c792        0x2 
 .text.SEGGER_RTT_ReadNoLock
                0x000000000800c794       0xa0 build/SEGGER_RTT.o
                0x000000000800c794                SEGGER_RTT_ReadNoLock
 .text.SEGGER_RTT_WriteNoLock
                0x000000000800c834       0x6c build/SEGGER_RTT.o
                0x000000000800c834                SEGGER_RTT_WriteNoLock
 .text.SEGGER_RTT_Write
                0x000000000800c8a0       0x34 build/SEGGER_RTT.o
                0x000000000800c8a0                SEGGER_RTT_Write
 .text.SEGGER_RTT_AllocUpBuffer
                0x000000000800c8d4       0x8c build/SEGGER_RTT.o
                0x000000000800c8d4                SEGGER_RTT_AllocUpBuffer
 .text.SEGGER_RTT_ConfigDownBuffer
                0x000000000800c960       0x68 build/SEGGER_RTT.o
                0x000000000800c960                SEGGER_RTT_ConfigDownBuffer
 .text._write_r
                0x000000000800c9c8       0x12 build/SEGGER_RTT_Syscalls_GCC.o
                0x000000000800c9c8                _write_r
 .text._EncodeStr
                0x000000000800c9da       0x6c build/SEGGER_SYSVIEW.o
 .text._PreparePacket
                0x000000000800ca46        0x4 build/SEGGER_SYSVIEW.o
 *fill*         0x000000000800ca4a        0x2 
 .text._TrySendOverflowPacket
                0x000000000800ca4c       0x74 build/SEGGER_SYSVIEW.o
 .text.SEGGER_SYSVIEW_Init
                0x000000000800cac0       0x6c build/SEGGER_SYSVIEW.o
                0x000000000800cac0                SEGGER_SYSVIEW_Init
 .text.SEGGER_SYSVIEW_SetRAMBase
                0x000000000800cb2c        0xc build/SEGGER_SYSVIEW.o
                0x000000000800cb2c                SEGGER_SYSVIEW_SetRAMBase
 .text.SEGGER_SYSVIEW_SendTaskList
                0x000000000800cb38       0x14 build/SEGGER_SYSVIEW.o
                0x000000000800cb38                SEGGER_SYSVIEW_SendTaskList
 .text.SEGGER_SYSVIEW_ShrinkId
                0x000000000800cb4c        0xc build/SEGGER_SYSVIEW.o
                0x000000000800cb4c                SEGGER_SYSVIEW_ShrinkId
 .text.SEGGER_SYSVIEW_SendModuleDescription
                0x000000000800cb58       0x20 build/SEGGER_SYSVIEW.o
                0x000000000800cb58                SEGGER_SYSVIEW_SendModuleDescription
 .text.SEGGER_SYSVIEW_SendNumModules
                0x000000000800cb78       0x44 build/SEGGER_SYSVIEW.o
                0x000000000800cb78                SEGGER_SYSVIEW_SendNumModules
 .text.SEGGER_SYSVIEW_Start
                0x000000000800cbbc       0xb4 build/SEGGER_SYSVIEW.o
                0x000000000800cbbc                SEGGER_SYSVIEW_Start
 .text._HandleIncomingPacket
                0x000000000800cc70       0x9c build/SEGGER_SYSVIEW.o
 .text._SendPacket
                0x000000000800cd0c      0x18c build/SEGGER_SYSVIEW.o
 .text.SEGGER_SYSVIEW_RecordVoid
                0x000000000800ce98       0x28 build/SEGGER_SYSVIEW.o
                0x000000000800ce98                SEGGER_SYSVIEW_RecordVoid
 .text.SEGGER_SYSVIEW_RecordU32
                0x000000000800cec0       0x40 build/SEGGER_SYSVIEW.o
                0x000000000800cec0                SEGGER_SYSVIEW_RecordU32
 .text.SEGGER_SYSVIEW_RecordU32x2
                0x000000000800cf00       0x54 build/SEGGER_SYSVIEW.o
                0x000000000800cf00                SEGGER_SYSVIEW_RecordU32x2
 .text.SEGGER_SYSVIEW_RecordSystime
                0x000000000800cf54       0x30 build/SEGGER_SYSVIEW.o
                0x000000000800cf54                SEGGER_SYSVIEW_RecordSystime
 .text.SEGGER_SYSVIEW_RecordU32x3
                0x000000000800cf84       0x74 build/SEGGER_SYSVIEW.o
                0x000000000800cf84                SEGGER_SYSVIEW_RecordU32x3
 .text.SEGGER_SYSVIEW_RecordU32x4
                0x000000000800cff8       0x8c build/SEGGER_SYSVIEW.o
                0x000000000800cff8                SEGGER_SYSVIEW_RecordU32x4
 .text.SEGGER_SYSVIEW_Stop
                0x000000000800d084       0x38 build/SEGGER_SYSVIEW.o
                0x000000000800d084                SEGGER_SYSVIEW_Stop
 .text.SEGGER_SYSVIEW_GetSysDesc
                0x000000000800d0bc       0x80 build/SEGGER_SYSVIEW.o
                0x000000000800d0bc                SEGGER_SYSVIEW_GetSysDesc
 .text.SEGGER_SYSVIEW_SendTaskInfo
                0x000000000800d13c       0xc4 build/SEGGER_SYSVIEW.o
                0x000000000800d13c                SEGGER_SYSVIEW_SendTaskInfo
 .text.SEGGER_SYSVIEW_SendSysDesc
                0x000000000800d200       0x34 build/SEGGER_SYSVIEW.o
                0x000000000800d200                SEGGER_SYSVIEW_SendSysDesc
 .text.SEGGER_SYSVIEW_RecordEnterISR
                0x000000000800d234       0x48 build/SEGGER_SYSVIEW.o
                0x000000000800d234                SEGGER_SYSVIEW_RecordEnterISR
 .text.SEGGER_SYSVIEW_RecordExitISR
                0x000000000800d27c       0x28 build/SEGGER_SYSVIEW.o
                0x000000000800d27c                SEGGER_SYSVIEW_RecordExitISR
 .text.SEGGER_SYSVIEW_RecordExitISRToScheduler
                0x000000000800d2a4       0x28 build/SEGGER_SYSVIEW.o
                0x000000000800d2a4                SEGGER_SYSVIEW_RecordExitISRToScheduler
 .text.SEGGER_SYSVIEW_OnIdle
                0x000000000800d2cc       0x28 build/SEGGER_SYSVIEW.o
                0x000000000800d2cc                SEGGER_SYSVIEW_OnIdle
 .text.SEGGER_SYSVIEW_OnTaskCreate
                0x000000000800d2f4       0x48 build/SEGGER_SYSVIEW.o
                0x000000000800d2f4                SEGGER_SYSVIEW_OnTaskCreate
 .text.SEGGER_SYSVIEW_OnTaskStartExec
                0x000000000800d33c       0x48 build/SEGGER_SYSVIEW.o
                0x000000000800d33c                SEGGER_SYSVIEW_OnTaskStartExec
 .text.SEGGER_SYSVIEW_OnTaskStartReady
                0x000000000800d384       0x48 build/SEGGER_SYSVIEW.o
                0x000000000800d384                SEGGER_SYSVIEW_OnTaskStartReady
 .text.SEGGER_SYSVIEW_OnTaskStopReady
                0x000000000800d3cc       0x5c build/SEGGER_SYSVIEW.o
                0x000000000800d3cc                SEGGER_SYSVIEW_OnTaskStopReady
 .text.SEGGER_SYSVIEW_SendModule
                0x000000000800d428       0x78 build/SEGGER_SYSVIEW.o
                0x000000000800d428                SEGGER_SYSVIEW_SendModule
 .text.SEGGER_SYSVIEW_Print
                0x000000000800d4a0       0x3c build/SEGGER_SYSVIEW.o
                0x000000000800d4a0                SEGGER_SYSVIEW_Print
 .text.SEGGER_SYSVIEW_Warn
                0x000000000800d4dc       0x40 build/SEGGER_SYSVIEW.o
                0x000000000800d4dc                SEGGER_SYSVIEW_Warn
 .text.SEGGER_SYSVIEW_Error
                0x000000000800d51c       0x40 build/SEGGER_SYSVIEW.o
                0x000000000800d51c                SEGGER_SYSVIEW_Error
 .text._cbGetTime
                0x000000000800d55c       0x28 build/SEGGER_SYSVIEW_FreeRTOS.o
 .text.SYSVIEW_SendTaskInfo
                0x000000000800d584       0x26 build/SEGGER_SYSVIEW_FreeRTOS.o
                0x000000000800d584                SYSVIEW_SendTaskInfo
 *fill*         0x000000000800d5aa        0x2 
 .text.SYSVIEW_AddTask
                0x000000000800d5ac       0x6c build/SEGGER_SYSVIEW_FreeRTOS.o
                0x000000000800d5ac                SYSVIEW_AddTask
 .text._cbSendTaskList
                0x000000000800d618       0x40 build/SEGGER_SYSVIEW_FreeRTOS.o
 .text._cbSendSystemDesc
                0x000000000800d658       0x60 build/SEGGER_SYSVIEW_Config_FreeRTOS.o
 .text.SEGGER_SYSVIEW_Conf
                0x000000000800d6b8       0x28 build/SEGGER_SYSVIEW_Config_FreeRTOS.o
                0x000000000800d6b8                SEGGER_SYSVIEW_Conf
 .text.retargetWriteError
                0x000000000800d6e0       0x1a build/retarget.o
 .text.retargetWriteInfo
                0x000000000800d6fa       0x1a build/retarget.o
 .text.RETARGET_Init
                0x000000000800d714       0x3c build/retarget.o
                0x000000000800d714                RETARGET_Init
 .text.handlePwrModeManagerMessage
                0x000000000800d750        0x4 build/power_mode_manager.o
 .text.PreSleepProcessing
                0x000000000800d754       0x60 build/power_mode_manager.o
                0x000000000800d754                PreSleepProcessing
 .text.PostSleepProcessing
                0x000000000800d7b4       0x30 build/power_mode_manager.o
                0x000000000800d7b4                PostSleepProcessing
 .text.PWRM_MANAGER_ActorInit
                0x000000000800d7e4       0x28 build/power_mode_manager.o
                0x000000000800d7e4                PWRM_MANAGER_ActorInit
 .text.publishEventToSubscribers
                0x000000000800d80c       0x68 build/event_manager.o
 .text.handleEvManagerMessage
                0x000000000800d874       0x70 build/event_manager.o
 .text.EV_MANAGER_ActorInit
                0x000000000800d8e4       0x68 build/event_manager.o
                0x000000000800d8e4                EV_MANAGER_ActorInit
 .text.setTimeFromUnixTimestamp
                0x000000000800d94c       0x84 build/cron.o
 .text.setWakeUpPeriod
                0x000000000800d9d0       0x2c build/cron.o
 .text.handleCronMessage
                0x000000000800d9fc       0x20 build/cron.o
 .text.setCurrentTime
                0x000000000800da1c       0x5c build/cron.o
 .text.monthStrToNumber
                0x000000000800da78       0xe0 build/cron.o
 .text.setCurrentDate
                0x000000000800db58       0x68 build/cron.o
 .text.getCurrentUnixTimestamp
                0x000000000800dbc0       0x68 build/cron.o
 .text.CRON_ActorInit
                0x000000000800dc28       0x38 build/cron.o
                0x000000000800dc28                CRON_ActorInit
 .text.HAL_RTCEx_WakeUpTimerEventCallback
                0x000000000800dc60       0x30 build/cron.o
                0x000000000800dc60                HAL_RTCEx_WakeUpTimerEventCallback
 .text.INFO_LED_Init
                0x000000000800dc90       0x12 build/info_led.o
                0x000000000800dc90                INFO_LED_Init
 *fill*         0x000000000800dca2        0x2 
 .text.OPT3001_InitIO
                0x000000000800dca4       0x10 build/opt3001.o
                0x000000000800dca4                OPT3001_InitIO
 .text.OPT3001_ReadDeviceID
                0x000000000800dcb4       0x34 build/opt3001.o
                0x000000000800dcb4                OPT3001_ReadDeviceID
 .text.OPT3001_ReadConfig
                0x000000000800dce8       0x34 build/opt3001.o
                0x000000000800dce8                OPT3001_ReadConfig
 .text.OPT3001_WriteConfig
                0x000000000800dd1c       0x24 build/opt3001.o
                0x000000000800dd1c                OPT3001_WriteConfig
 .text.OPT3001_WriteLowLimit
                0x000000000800dd40       0x24 build/opt3001.o
                0x000000000800dd40                OPT3001_WriteLowLimit
 .text.OPT3001_WriteHighLimit
                0x000000000800dd64       0x24 build/opt3001.o
                0x000000000800dd64                OPT3001_WriteHighLimit
 .text.OPT3001_ReadResultRawLux
                0x000000000800dd88       0x34 build/opt3001.o
                0x000000000800dd88                OPT3001_ReadResultRawLux
 .text.OPT3001_RawToMilliLux
                0x000000000800ddbc        0xa build/opt3001.o
                0x000000000800ddbc                OPT3001_RawToMilliLux
 *fill*         0x000000000800ddc6        0x2 
 .text.SHT3x_InitIO
                0x000000000800ddc8       0x18 build/sht3x.o
                0x000000000800ddc8                SHT3x_InitIO
 .text.SHT3x_ReadDeviceID
                0x000000000800dde0       0x7c build/sht3x.o
                0x000000000800dde0                SHT3x_ReadDeviceID
 .text.handleMemoryFSM
                0x000000000800de5c        0x4 build/memory.o
 .text.MEMORY_Task
                0x000000000800de60       0x48 build/memory.o
                0x000000000800de60                MEMORY_Task
 .text.MEMORY_TaskInit
                0x000000000800dea8       0x90 build/memory.o
                0x000000000800dea8                MEMORY_TaskInit
 .text.handleError
                0x000000000800df38        0x4 build/temperature_humidity_sensor.o
 .text.handleIdle
                0x000000000800df3c       0x60 build/temperature_humidity_sensor.o
 .text.handleContinuousMeasure
                0x000000000800df9c       0x30 build/temperature_humidity_sensor.o
 .text.handleInit
                0x000000000800dfcc       0xcc build/temperature_humidity_sensor.o
 .text.handleTHSensorFSM
                0x000000000800e098       0x2e build/temperature_humidity_sensor.o
 *fill*         0x000000000800e0c6        0x2 
 .text.TH_SENS_Task
                0x000000000800e0c8       0xa0 build/temperature_humidity_sensor.o
                0x000000000800e0c8                TH_SENS_Task
 .text.TH_SENS_TaskInit
                0x000000000800e168       0x48 build/temperature_humidity_sensor.o
                0x000000000800e168                TH_SENS_TaskInit
 .text.handleInit
                0x000000000800e1b0      0x128 build/light_sensor.o
 .text.handleContinuousMeasure
                0x000000000800e2d8       0xbc build/light_sensor.o
 .text.handleOutOfRange
                0x000000000800e394       0xb8 build/light_sensor.o
 .text.handleTurnedOff
                0x000000000800e44c       0xd4 build/light_sensor.o
 .text.handleLightSensorFSM
                0x000000000800e520       0x2c build/light_sensor.o
 .text.LIGHT_SENS_Task
                0x000000000800e54c       0xa0 build/light_sensor.o
                0x000000000800e54c                LIGHT_SENS_Task
 .text.LIGHT_SENS_TaskInit
                0x000000000800e5ec       0x48 build/light_sensor.o
                0x000000000800e5ec                LIGHT_SENS_TaskInit
 .text.NFC_ST25DVInit
                0x000000000800e634       0x84 build/nfc_handlers.o
                0x000000000800e634                NFC_ST25DVInit
 .text.handleInit
                0x000000000800e6b8       0x22 build/nfc.o
 .text.handleNFCFSM
                0x000000000800e6da       0x10 build/nfc.o
 *fill*         0x000000000800e6ea        0x2 
 .text.NFC_Task
                0x000000000800e6ec       0x30 build/nfc.o
                0x000000000800e6ec                NFC_Task
 .text.NFC_TaskInit
                0x000000000800e71c       0x48 build/nfc.o
                0x000000000800e71c                NFC_TaskInit
 .text.HAL_GPIO_EXTI_Callback
                0x000000000800e764       0x48 build/nfc.o
                0x000000000800e764                HAL_GPIO_EXTI_Callback
 .text.Reset_Handler
                0x000000000800e7ac       0x50 build/startup_stm32l412xx.o
                0x000000000800e7ac                Reset_Handler
 .text.Default_Handler
                0x000000000800e7fc        0x2 build/startup_stm32l412xx.o
                0x000000000800e7fc                RTC_Alarm_IRQHandler
                0x000000000800e7fc                EXTI2_IRQHandler
                0x000000000800e7fc                TIM1_CC_IRQHandler
                0x000000000800e7fc                TSC_IRQHandler
                0x000000000800e7fc                TAMP_STAMP_IRQHandler
                0x000000000800e7fc                EXTI3_IRQHandler
                0x000000000800e7fc                LPTIM2_IRQHandler
                0x000000000800e7fc                I2C3_ER_IRQHandler
                0x000000000800e7fc                I2C2_EV_IRQHandler
                0x000000000800e7fc                FPU_IRQHandler
                0x000000000800e7fc                TIM1_UP_TIM16_IRQHandler
                0x000000000800e7fc                ADC1_2_IRQHandler
                0x000000000800e7fc                SPI1_IRQHandler
                0x000000000800e7fc                DMA2_Channel2_IRQHandler
                0x000000000800e7fc                DMA1_Channel4_IRQHandler
                0x000000000800e7fc                USART3_IRQHandler
                0x000000000800e7fc                DMA1_Channel7_IRQHandler
                0x000000000800e7fc                DMA2_Channel1_IRQHandler
                0x000000000800e7fc                QUADSPI_IRQHandler
                0x000000000800e7fc                I2C1_EV_IRQHandler
                0x000000000800e7fc                DMA1_Channel6_IRQHandler
                0x000000000800e7fc                DMA2_Channel4_IRQHandler
                0x000000000800e7fc                RCC_IRQHandler
                0x000000000800e7fc                TIM1_TRG_COM_IRQHandler
                0x000000000800e7fc                DMA1_Channel1_IRQHandler
                0x000000000800e7fc                Default_Handler
                0x000000000800e7fc                DMA2_Channel7_IRQHandler
                0x000000000800e7fc                EXTI15_10_IRQHandler
                0x000000000800e7fc                I2C3_EV_IRQHandler
                0x000000000800e7fc                PVD_PVM_IRQHandler
                0x000000000800e7fc                SPI2_IRQHandler
                0x000000000800e7fc                DMA2_Channel5_IRQHandler
                0x000000000800e7fc                CRS_IRQHandler
                0x000000000800e7fc                DMA1_Channel5_IRQHandler
                0x000000000800e7fc                EXTI4_IRQHandler
                0x000000000800e7fc                RNG_IRQHandler
                0x000000000800e7fc                DMA1_Channel3_IRQHandler
                0x000000000800e7fc                COMP_IRQHandler
                0x000000000800e7fc                WWDG_IRQHandler
                0x000000000800e7fc                LPUART1_IRQHandler
                0x000000000800e7fc                DMA2_Channel6_IRQHandler
                0x000000000800e7fc                TIM2_IRQHandler
                0x000000000800e7fc                USART2_IRQHandler
                0x000000000800e7fc                I2C2_ER_IRQHandler
                0x000000000800e7fc                DMA1_Channel2_IRQHandler
                0x000000000800e7fc                FLASH_IRQHandler
                0x000000000800e7fc                USART1_IRQHandler
                0x000000000800e7fc                I2C1_ER_IRQHandler
                0x000000000800e7fc                LPTIM1_IRQHandler
                0x000000000800e7fc                DMA2_Channel3_IRQHandler
                0x000000000800e7fc                TIM1_BRK_TIM15_IRQHandler
 *(.glue_7)
 .glue_7        0x000000000800e7fe        0x0 linker stubs
 *(.glue_7t)
 .glue_7t       0x000000000800e7fe        0x0 linker stubs
 *(.eh_frame)
 *fill*         0x000000000800e7fe        0x2 
 .eh_frame      0x000000000800e800        0x0 /usr/lib/gcc/arm-none-eabi/10.3.1/thumb/v7e-m+fp/hard/crtbegin.o
 *(.init)
 .init          0x000000000800e800        0x4 /usr/lib/gcc/arm-none-eabi/10.3.1/thumb/v7e-m+fp/hard/crti.o
                0x000000000800e800                _init
 .init          0x000000000800e804        0x8 /usr/lib/gcc/arm-none-eabi/10.3.1/thumb/v7e-m+fp/hard/crtn.o
 *(.fini)
 .fini          0x000000000800e80c        0x4 /usr/lib/gcc/arm-none-eabi/10.3.1/thumb/v7e-m+fp/hard/crti.o
                0x000000000800e80c                _fini
 .fini          0x000000000800e810        0x8 /usr/lib/gcc/arm-none-eabi/10.3.1/thumb/v7e-m+fp/hard/crtn.o
                0x000000000800e818                . = ALIGN (0x8)
                0x000000000800e818                _etext = .

.vfp11_veneer   0x000000000800e818        0x0
 .vfp11_veneer  0x000000000800e818        0x0 linker stubs

.v4_bx          0x000000000800e818        0x0
 .v4_bx         0x000000000800e818        0x0 linker stubs

.iplt           0x000000000800e818        0x0
 .iplt          0x000000000800e818        0x0 /usr/lib/gcc/arm-none-eabi/10.3.1/thumb/v7e-m+fp/hard/crtbegin.o

.rodata         0x000000000800e818      0xb40
                0x000000000800e818                . = ALIGN (0x8)
 *(.rodata)
 .rodata        0x000000000800e818        0x4 /usr/lib/gcc/arm-none-eabi/10.3.1/../../../arm-none-eabi/lib/thumb/v7e-m+fp/hard/libc_nano.a(lib_a-impure.o)
                0x000000000800e818                _global_impure_ptr
 .rodata        0x000000000800e81c       0x60 /usr/lib/gcc/arm-none-eabi/10.3.1/../../../arm-none-eabi/lib/thumb/v7e-m+fp/hard/libc_nano.a(lib_a-mktime.o)
 .rodata        0x000000000800e87c      0x101 /usr/lib/gcc/arm-none-eabi/10.3.1/../../../arm-none-eabi/lib/thumb/v7e-m+fp/hard/libc_nano.a(lib_a-ctype_.o)
                0x000000000800e87c                _ctype_
 *fill*         0x000000000800e97d        0x3 
 .rodata        0x000000000800e980       0x60 /usr/lib/gcc/arm-none-eabi/10.3.1/../../../arm-none-eabi/lib/thumb/v7e-m+fp/hard/libc_nano.a(lib_a-findfp.o)
                0x000000000800e980                __sf_fake_stderr
                0x000000000800e9a0                __sf_fake_stdout
                0x000000000800e9c0                __sf_fake_stdin
 .rodata        0x000000000800e9e0       0x60 /usr/lib/gcc/arm-none-eabi/10.3.1/../../../arm-none-eabi/lib/thumb/v7e-m+fp/hard/libc_nano.a(lib_a-month_lengths.o)
                0x000000000800e9e0                __month_lengths
 .rodata        0x000000000800ea40        0xc /usr/lib/gcc/arm-none-eabi/10.3.1/../../../arm-none-eabi/lib/thumb/v7e-m+fp/hard/libc_nano.a(lib_a-nano-vfscanf_i.o)
 *(.rodata*)
 .rodata.str1.4
                0x000000000800ea4c        0xc build/freertos.o
 .rodata.defaultTask_attributes
                0x000000000800ea58       0x24 build/freertos.o
                0x000000000800ea58                defaultTask_attributes
 .rodata.AHBPrescTable
                0x000000000800ea7c       0x10 build/system_stm32l4xx.o
                0x000000000800ea7c                AHBPrescTable
 .rodata.APBPrescTable
                0x000000000800ea8c        0x8 build/system_stm32l4xx.o
                0x000000000800ea8c                APBPrescTable
 .rodata.MSIRangeTable
                0x000000000800ea94       0x30 build/system_stm32l4xx.o
                0x000000000800ea94                MSIRangeTable
 .rodata.vTaskStartScheduler.str1.4
                0x000000000800eac4        0x5 build/tasks.o
 *fill*         0x000000000800eac9        0x3 
 .rodata.prvCheckForValidListAndQueue.str1.4
                0x000000000800eacc        0x5 build/timers.o
 *fill*         0x000000000800ead1        0x3 
 .rodata.xTimerCreateTimerTask.str1.4
                0x000000000800ead4        0x8 build/timers.o
 .rodata._DoInit.str1.4
                0x000000000800eadc        0x9 build/SEGGER_RTT.o
 *fill*         0x000000000800eae5        0x3 
 .rodata._aInitStr.0
                0x000000000800eae8       0x11 build/SEGGER_RTT.o
 *fill*         0x000000000800eaf9        0x3 
 .rodata.SEGGER_SYSVIEW_Init.str1.4
                0x000000000800eafc        0x8 build/SEGGER_SYSVIEW.o
 .rodata._abSync
                0x000000000800eb04        0xa build/SEGGER_SYSVIEW.o
 *fill*         0x000000000800eb0e        0x2 
 .rodata.SYSVIEW_AddTask.str1.4
                0x000000000800eb10       0x50 build/SEGGER_SYSVIEW_FreeRTOS.o
                                         0x58 (size before relaxing)
 .rodata.SYSVIEW_X_OS_TraceAPI
                0x000000000800eb60        0x8 build/SEGGER_SYSVIEW_FreeRTOS.o
                0x000000000800eb60                SYSVIEW_X_OS_TraceAPI
 .rodata._cbSendSystemDesc.str1.4
                0x000000000800eb68      0x13d build/SEGGER_SYSVIEW_Config_FreeRTOS.o
 *fill*         0x000000000800eca5        0x3 
 .rodata.PreSleepProcessing.str1.4
                0x000000000800eca8       0x34 build/power_mode_manager.o
 .rodata.PostSleepProcessing.str1.4
                0x000000000800ecdc       0x16 build/power_mode_manager.o
 *fill*         0x000000000800ecf2        0x2 
 .rodata.PWRM_MANAGER_ActorInit.str1.4
                0x000000000800ecf4       0x20 build/power_mode_manager.o
 .rodata.publishEventToSubscribers.str1.4
                0x000000000800ed14       0x58 build/event_manager.o
 .rodata.EV_MANAGER_ActorInit.str1.4
                0x000000000800ed6c       0x2f build/event_manager.o
 *fill*         0x000000000800ed9b        0x1 
 .rodata.EV_MANAGER_SubscribersIdsMatrix
                0x000000000800ed9c       0x82 build/event_manager.o
                0x000000000800ed9c                EV_MANAGER_SubscribersIdsMatrix
 *fill*         0x000000000800ee1e        0x2 
 .rodata.setCurrentTime.str1.4
                0x000000000800ee20        0x9 build/cron.o
 *fill*         0x000000000800ee29        0x3 
 .rodata.monthStrToNumber.str1.4
                0x000000000800ee2c       0x30 build/cron.o
 .rodata.setCurrentDate.str1.4
                0x000000000800ee5c        0xc build/cron.o
 .rodata.CRON_ActorInit.str1.4
                0x000000000800ee68       0x16 build/cron.o
 *fill*         0x000000000800ee7e        0x2 
 .rodata.MEMORY_Task.str1.4
                0x000000000800ee80       0x19 build/memory.o
 *fill*         0x000000000800ee99        0x3 
 .rodata.MEMORY_TaskInit.str1.4
                0x000000000800ee9c       0x2c build/memory.o
 .rodata.str1.4
                0x000000000800eec8        0xb build/memory.o
 *fill*         0x000000000800eed3        0x1 
 .rodata.memoryTaskDescription
                0x000000000800eed4       0x24 build/memory.o
                0x000000000800eed4                memoryTaskDescription
 .rodata.handleIdle.str1.4
                0x000000000800eef8       0x67 build/temperature_humidity_sensor.o
 *fill*         0x000000000800ef5f        0x1 
 .rodata.handleInit.str1.4
                0x000000000800ef60       0x3f build/temperature_humidity_sensor.o
 *fill*         0x000000000800ef9f        0x1 
 .rodata.TH_SENS_Task.str1.4
                0x000000000800efa0       0x64 build/temperature_humidity_sensor.o
 .rodata.TH_SENS_TaskInit.str1.4
                0x000000000800f004        0xe build/temperature_humidity_sensor.o
 *fill*         0x000000000800f012        0x2 
 .rodata.thSensorTaskDescription
                0x000000000800f014       0x24 build/temperature_humidity_sensor.o
                0x000000000800f014                thSensorTaskDescription
 .rodata.handleInit.str1.4
                0x000000000800f038       0x98 build/light_sensor.o
                                         0xa1 (size before relaxing)
 .rodata.handleContinuousMeasure.str1.4
                0x000000000800f0d0       0x42 build/light_sensor.o
 *fill*         0x000000000800f112        0x2 
 .rodata.handleTurnedOff.str1.4
                0x000000000800f114       0x18 build/light_sensor.o
 .rodata.LIGHT_SENS_Task.str1.4
                0x000000000800f12c       0x27 build/light_sensor.o
                                         0x67 (size before relaxing)
 *fill*         0x000000000800f153        0x1 
 .rodata.LIGHT_SENS_TaskInit.str1.4
                0x000000000800f154       0x11 build/light_sensor.o
 *fill*         0x000000000800f165        0x3 
 .rodata.lightSensorTaskDescription
                0x000000000800f168       0x24 build/light_sensor.o
                0x000000000800f168                lightSensorTaskDescription
 .rodata.NFC_ST25DVInit.str1.4
                0x000000000800f18c       0x43 build/nfc_handlers.o
 *fill*         0x000000000800f1cf        0x1 
 .rodata.NFC_TaskInit.str1.4
                0x000000000800f1d0        0x9 build/nfc.o
 *fill*         0x000000000800f1d9        0x3 
 .rodata.HAL_GPIO_EXTI_Callback.str1.4
                0x000000000800f1dc       0x13 build/nfc.o
 *fill*         0x000000000800f1ef        0x1 
 .rodata.str1.4
                0x000000000800f1f0        0x8 build/nfc.o
 .rodata.nfcTaskDescription
                0x000000000800f1f8       0x24 build/nfc.o