Archive member included to satisfy reference by file (symbol)

/usr/lib/gcc/arm-none-eabi/10.3.1/../../../arm-none-eabi/lib/thumb/v7e-m+fp/hard/libc_nano.a(lib_a-atexit.o)
                              /usr/lib/gcc/arm-none-eabi/10.3.1/../../../arm-none-eabi/lib/thumb/v7e-m+fp/hard/crt0.o (atexit)
/usr/lib/gcc/arm-none-eabi/10.3.1/../../../arm-none-eabi/lib/thumb/v7e-m+fp/hard/libc_nano.a(lib_a-atoi.o)
                              build/cron.o (atoi)
/usr/lib/gcc/arm-none-eabi/10.3.1/../../../arm-none-eabi/lib/thumb/v7e-m+fp/hard/libc_nano.a(lib_a-errno.o)
                              build/sysmem.o (__errno)
/usr/lib/gcc/arm-none-eabi/10.3.1/../../../arm-none-eabi/lib/thumb/v7e-m+fp/hard/libc_nano.a(lib_a-exit.o)
                              /usr/lib/gcc/arm-none-eabi/10.3.1/../../../arm-none-eabi/lib/thumb/v7e-m+fp/hard/crt0.o (exit)
/usr/lib/gcc/arm-none-eabi/10.3.1/../../../arm-none-eabi/lib/thumb/v7e-m+fp/hard/libc_nano.a(lib_a-fini.o)
                              /usr/lib/gcc/arm-none-eabi/10.3.1/../../../arm-none-eabi/lib/thumb/v7e-m+fp/hard/crt0.o (__libc_fini_array)
/usr/lib/gcc/arm-none-eabi/10.3.1/../../../arm-none-eabi/lib/thumb/v7e-m+fp/hard/libc_nano.a(lib_a-fprintf.o)
                              build/event_manager.o (fprintf)
/usr/lib/gcc/arm-none-eabi/10.3.1/../../../arm-none-eabi/lib/thumb/v7e-m+fp/hard/libc_nano.a(lib_a-fwrite.o)
                              build/power_mode_manager.o (fwrite)
/usr/lib/gcc/arm-none-eabi/10.3.1/../../../arm-none-eabi/lib/thumb/v7e-m+fp/hard/libc_nano.a(lib_a-gmtime.o)
                              build/cron.o (gmtime)
/usr/lib/gcc/arm-none-eabi/10.3.1/../../../arm-none-eabi/lib/thumb/v7e-m+fp/hard/libc_nano.a(lib_a-gmtime_r.o)
                              /usr/lib/gcc/arm-none-eabi/10.3.1/../../../arm-none-eabi/lib/thumb/v7e-m+fp/hard/libc_nano.a(lib_a-gmtime.o) (gmtime_r)
/usr/lib/gcc/arm-none-eabi/10.3.1/../../../arm-none-eabi/lib/thumb/v7e-m+fp/hard/libc_nano.a(lib_a-impure.o)
                              /usr/lib/gcc/arm-none-eabi/10.3.1/../../../arm-none-eabi/lib/thumb/v7e-m+fp/hard/libc_nano.a(lib_a-exit.o) (_global_impure_ptr)
/usr/lib/gcc/arm-none-eabi/10.3.1/../../../arm-none-eabi/lib/thumb/v7e-m+fp/hard/libc_nano.a(lib_a-init.o)
                              /usr/lib/gcc/arm-none-eabi/10.3.1/../../../arm-none-eabi/lib/thumb/v7e-m+fp/hard/crt0.o (__libc_init_array)
/usr/lib/gcc/arm-none-eabi/10.3.1/../../../arm-none-eabi/lib/thumb/v7e-m+fp/hard/libc_nano.a(lib_a-malloc.o)
                              /usr/lib/gcc/arm-none-eabi/10.3.1/../../../arm-none-eabi/lib/thumb/v7e-m+fp/hard/libc_nano.a(lib_a-gmtime.o) (malloc)
/usr/lib/gcc/arm-none-eabi/10.3.1/../../../arm-none-eabi/lib/thumb/v7e-m+fp/hard/libc_nano.a(lib_a-memcmp.o)
                              build/tasks.o (memcmp)
/usr/lib/gcc/arm-none-eabi/10.3.1/../../../arm-none-eabi/lib/thumb/v7e-m+fp/hard/libc_nano.a(lib_a-memcpy.o)
                              build/queue.o (memcpy)
/usr/lib/gcc/arm-none-eabi/10.3.1/../../../arm-none-eabi/lib/thumb/v7e-m+fp/hard/libc_nano.a(lib_a-memset.o)
                              /usr/lib/gcc/arm-none-eabi/10.3.1/../../../arm-none-eabi/lib/thumb/v7e-m+fp/hard/crt0.o (memset)
/usr/lib/gcc/arm-none-eabi/10.3.1/../../../arm-none-eabi/lib/thumb/v7e-m+fp/hard/libc_nano.a(lib_a-mktime.o)
                              build/cron.o (mktime)
/usr/lib/gcc/arm-none-eabi/10.3.1/../../../arm-none-eabi/lib/thumb/v7e-m+fp/hard/libc_nano.a(lib_a-nano-freer.o)
                              /usr/lib/gcc/arm-none-eabi/10.3.1/../../../arm-none-eabi/lib/thumb/v7e-m+fp/hard/libc_nano.a(lib_a-malloc.o) (_free_r)
/usr/lib/gcc/arm-none-eabi/10.3.1/../../../arm-none-eabi/lib/thumb/v7e-m+fp/hard/libc_nano.a(lib_a-nano-mallocr.o)
                              /usr/lib/gcc/arm-none-eabi/10.3.1/../../../arm-none-eabi/lib/thumb/v7e-m+fp/hard/libc_nano.a(lib_a-malloc.o) (_malloc_r)
/usr/lib/gcc/arm-none-eabi/10.3.1/../../../arm-none-eabi/lib/thumb/v7e-m+fp/hard/libc_nano.a(lib_a-nano-vfprintf.o)
                              /usr/lib/gcc/arm-none-eabi/10.3.1/../../../arm-none-eabi/lib/thumb/v7e-m+fp/hard/libc_nano.a(lib_a-fprintf.o) (_vfprintf_r)
/usr/lib/gcc/arm-none-eabi/10.3.1/../../../arm-none-eabi/lib/thumb/v7e-m+fp/hard/libc_nano.a(lib_a-nano-vfprintf_i.o)
                              /usr/lib/gcc/arm-none-eabi/10.3.1/../../../arm-none-eabi/lib/thumb/v7e-m+fp/hard/libc_nano.a(lib_a-nano-vfprintf.o) (_printf_i)
/usr/lib/gcc/arm-none-eabi/10.3.1/../../../arm-none-eabi/lib/thumb/v7e-m+fp/hard/libc_nano.a(lib_a-sbrkr.o)
                              /usr/lib/gcc/arm-none-eabi/10.3.1/../../../arm-none-eabi/lib/thumb/v7e-m+fp/hard/libc_nano.a(lib_a-nano-mallocr.o) (_sbrk_r)
/usr/lib/gcc/arm-none-eabi/10.3.1/../../../arm-none-eabi/lib/thumb/v7e-m+fp/hard/libc_nano.a(lib_a-setvbuf.o)
                              build/retarget.o (setvbuf)
/usr/lib/gcc/arm-none-eabi/10.3.1/../../../arm-none-eabi/lib/thumb/v7e-m+fp/hard/libc_nano.a(lib_a-strcmp.o)
[...]
Memory Configuration

Name             Origin             Length             Attributes
RAM              0x0000000020000000 0x000000000000a000 xrw
RAM2             0x0000000010000000 0x0000000000002000 xrw
FLASH            0x0000000008000000 0x0000000000020000 xr
*default*        0x0000000000000000 0xffffffffffffffff

Linker script and memory map

LOAD /usr/lib/gcc/arm-none-eabi/10.3.1/thumb/v7e-m+fp/hard/crti.o
LOAD /usr/lib/gcc/arm-none-eabi/10.3.1/thumb/v7e-m+fp/hard/crtbegin.o
LOAD /usr/lib/gcc/arm-none-eabi/10.3.1/../../../arm-none-eabi/lib/thumb/v7e-m+fp/hard/crt0.o
LOAD build/main.o
LOAD build/gpio.o
LOAD build/freertos.o
LOAD build/lptim.o
LOAD build/quadspi.o
LOAD build/rtc.o
LOAD build/custom_bus.o
LOAD build/stm32l4xx_it.o
LOAD build/stm32l4xx_hal_msp.o
LOAD build/stm32l4xx_hal_timebase_tim.o
LOAD build/sysmem.o
LOAD build/syscalls.o
LOAD build/crc.o
LOAD build/rng.o
LOAD build/system_stm32l4xx.o
LOAD build/usb_device.o
LOAD build/usbd_desc.o
LOAD build/usbd_storage_if.o
LOAD build/usbd_conf.o
LOAD build/lis2dw12_reg.o
LOAD build/lis2dw12.o
LOAD build/st25dv_reg.o
LOAD build/st25dv.o
LOAD build/stm32l4xx_hal_pcd.o
LOAD build/stm32l4xx_hal_pcd_ex.o
LOAD build/stm32l4xx_ll_usb.o
LOAD build/stm32l4xx_hal.o
LOAD build/stm32l4xx_hal_rcc.o
LOAD build/stm32l4xx_hal_rcc_ex.o
LOAD build/stm32l4xx_hal_flash.o
LOAD build/stm32l4xx_hal_flash_ex.o
LOAD build/stm32l4xx_hal_flash_ramfunc.o
LOAD build/stm32l4xx_hal_gpio.o
LOAD build/stm32l4xx_hal_i2c.o
LOAD build/stm32l4xx_hal_i2c_ex.o
LOAD build/stm32l4xx_hal_dma.o
LOAD build/stm32l4xx_hal_dma_ex.o
LOAD build/stm32l4xx_hal_pwr.o
LOAD build/stm32l4xx_hal_pwr_ex.o
LOAD build/stm32l4xx_hal_cortex.o
LOAD build/stm32l4xx_hal_exti.o
LOAD build/stm32l4xx_hal_lptim.o
LOAD build/stm32l4xx_hal_qspi.o
LOAD build/stm32l4xx_hal_rtc.o
LOAD build/stm32l4xx_hal_rtc_ex.o
LOAD build/stm32l4xx_hal_tim.o
LOAD build/stm32l4xx_hal_tim_ex.o
LOAD build/stm32l4xx_hal_crc.o
LOAD build/stm32l4xx_hal_crc_ex.o
LOAD build/stm32l4xx_hal_rng.o
LOAD build/croutine.o
LOAD build/event_groups.o
LOAD build/list.o
LOAD build/queue.o
LOAD build/stream_buffer.o
LOAD build/tasks.o
LOAD build/timers.o
LOAD build/cmsis_os2.o
LOAD build/heap_4.o
LOAD build/port.o
LOAD build/usbd_core.o
LOAD build/usbd_ctlreq.o
LOAD build/usbd_ioreq.o
LOAD build/usbd_msc.o
LOAD build/usbd_msc_bot.o
LOAD build/usbd_msc_data.o
LOAD build/usbd_msc_scsi.o
LOAD build/SEGGER_RTT.o
LOAD build/SEGGER_RTT_printf.o
LOAD build/SEGGER_RTT_Syscalls_GCC.o
LOAD build/SEGGER_SYSVIEW.o
LOAD build/SEGGER_SYSVIEW_FreeRTOS.o
LOAD build/SEGGER_SYSVIEW_Config_FreeRTOS.o
LOAD build/actor.o
LOAD build/actors_list.o
LOAD build/events_list.o
LOAD build/retarget.o
LOAD build/power_mode_manager.o
LOAD build/event_manager.o
LOAD build/cron.o
LOAD build/info_led.o
LOAD build/opt3001.o
LOAD build/sht3x.o
LOAD build/memory.o
LOAD build/temperature_humidity_sensor.o
LOAD build/light_sensor.o
LOAD build/nfc_handlers.o
LOAD build/nfc.o
LOAD build/startup_stm32l412xx.o
LOAD build/SEGGER_RTT_ASM_ARMv7M.o
LOAD /usr/lib/gcc/arm-none-eabi/10.3.1/../../../arm-none-eabi/lib/thumb/v7e-m+fp/hard/libc_nano.a
LOAD /usr/lib/gcc/arm-none-eabi/10.3.1/../../../arm-none-eabi/lib/thumb/v7e-m+fp/hard/libm.a
LOAD /usr/lib/gcc/arm-none-eabi/10.3.1/../../../arm-none-eabi/lib/thumb/v7e-m+fp/hard/libnosys.a
START GROUP
LOAD /usr/lib/gcc/arm-none-eabi/10.3.1/thumb/v7e-m+fp/hard/libgcc.a
LOAD /usr/lib/gcc/arm-none-eabi/10.3.1/../../../arm-none-eabi/lib/thumb/v7e-m+fp/hard/libc_nano.a
END GROUP
START GROUP
LOAD /usr/lib/gcc/arm-none-eabi/10.3.1/thumb/v7e-m+fp/hard/libgcc.a
LOAD /usr/lib/gcc/arm-none-eabi/10.3.1/../../../arm-none-eabi/lib/thumb/v7e-m+fp/hard/libc_nano.a
END GROUP
LOAD /usr/lib/gcc/arm-none-eabi/10.3.1/thumb/v7e-m+fp/hard/crtend.o
LOAD /usr/lib/gcc/arm-none-eabi/10.3.1/thumb/v7e-m+fp/hard/crtn.o
                0x000000002000a000                _estack = (ORIGIN (RAM) + LENGTH (RAM))
                0x0000000000000200                _Min_Heap_Size = 0x200
                0x0000000000000400                _Min_Stack_Size = 0x400

.isr_vector     0x0000000008000000      0x190
                0x0000000008000000                . = ALIGN (0x8)
 *(.isr_vector)
 .isr_vector    0x0000000008000000      0x18c build/startup_stm32l412xx.o
                0x0000000008000000                g_pfnVectors
                0x0000000008000190                . = ALIGN (0x8)
 *fill*         0x000000000800018c        0x4 

.text           0x00000000080001c0     0xeb38
                0x00000000080001c0                . = ALIGN (0x8)
 *(.text)
 .text          0x00000000080001c0       0x88 /usr/lib/gcc/arm-none-eabi/10.3.1/thumb/v7e-m+fp/hard/crtbegin.o
 .text          0x0000000008000248       0x94 build/SEGGER_RTT_ASM_ARMv7M.o
                0x0000000008000248                SEGGER_RTT_ASM_WriteSkipNoLock
 .text          0x00000000080002dc       0x10 /usr/lib/gcc/arm-none-eabi/10.3.1/../../../arm-none-eabi/lib/thumb/v7e-m+fp/hard/libc_nano.a(lib_a-atoi.o)
                0x00000000080002dc                atoi
                0x00000000080002e4                _atoi_r
 .text          0x00000000080002ec        0xc /usr/lib/gcc/arm-none-eabi/10.3.1/../../../arm-none-eabi/lib/thumb/v7e-m+fp/hard/libc_nano.a(lib_a-errno.o)
                0x00000000080002ec                __errno
 .text          0x00000000080002f8       0x44 /usr/lib/gcc/arm-none-eabi/10.3.1/../../../arm-none-eabi/lib/thumb/v7e-m+fp/hard/libc_nano.a(lib_a-fprintf.o)
                0x00000000080002f8                _fprintf_r
                0x00000000080002f8                _fiprintf_r
                0x0000000008000314                fprintf
                0x0000000008000314                fiprintf
 .text          0x000000000800033c       0xe4 /usr/lib/gcc/arm-none-eabi/10.3.1/../../../arm-none-eabi/lib/thumb/v7e-m+fp/hard/libc_nano.a(lib_a-fwrite.o)
                0x000000000800033c                _fwrite_r
                0x0000000008000400                fwrite
 .text          0x0000000008000420       0x3c /usr/lib/gcc/arm-none-eabi/10.3.1/../../../arm-none-eabi/lib/thumb/v7e-m+fp/hard/libc_nano.a(lib_a-gmtime.o)
                0x0000000008000420                gmtime
 .text          0x000000000800045c      0x1d4 /usr/lib/gcc/arm-none-eabi/10.3.1/../../../arm-none-eabi/lib/thumb/v7e-m+fp/hard/libc_nano.a(lib_a-gmtime_r.o)
                0x000000000800045c                gmtime_r
 .text          0x0000000008000630       0x48 /usr/lib/gcc/arm-none-eabi/10.3.1/../../../arm-none-eabi/lib/thumb/v7e-m+fp/hard/libc_nano.a(lib_a-init.o)
                0x0000000008000630                __libc_init_array
 .text          0x0000000008000678       0x20 /usr/lib/gcc/arm-none-eabi/10.3.1/../../../arm-none-eabi/lib/thumb/v7e-m+fp/hard/libc_nano.a(lib_a-malloc.o)
                0x0000000008000678                malloc
                0x0000000008000688                free
 .text          0x0000000008000698       0x64 /usr/lib/gcc/arm-none-eabi/10.3.1/../../../arm-none-eabi/lib/thumb/v7e-m+fp/hard/libc_nano.a(lib_a-memcmp.o)
                0x0000000008000698                memcmp
 .text          0x00000000080006fc      0x134 /usr/lib/gcc/arm-none-eabi/10.3.1/../../../arm-none-eabi/lib/thumb/v7e-m+fp/hard/libc_nano.a(lib_a-memcpy.o)
                0x00000000080006fc                memcpy
 .text          0x0000000008000830       0xa4 /usr/lib/gcc/arm-none-eabi/10.3.1/../../../arm-none-eabi/lib/thumb/v7e-m+fp/hard/libc_nano.a(lib_a-memset.o)
                0x0000000008000830                memset
 .text          0x00000000080008d4      0x5c8 /usr/lib/gcc/arm-none-eabi/10.3.1/../../../arm-none-eabi/lib/thumb/v7e-m+fp/hard/libc_nano.a(lib_a-mktime.o)
                0x0000000008000ad8                mktime
 .text          0x0000000008000e9c       0xc4 /usr/lib/gcc/arm-none-eabi/10.3.1/../../../arm-none-eabi/lib/thumb/v7e-m+fp/hard/libc_nano.a(lib_a-nano-freer.o)
                0x0000000008000e9c                _free_r
 .text          0x0000000008000f60       0xb4 /usr/lib/gcc/arm-none-eabi/10.3.1/../../../arm-none-eabi/lib/thumb/v7e-m+fp/hard/libc_nano.a(lib_a-nano-mallocr.o)
                0x0000000008000f60                _malloc_r
 .text          0x0000000008001014      0x328 /usr/lib/gcc/arm-none-eabi/10.3.1/../../../arm-none-eabi/lib/thumb/v7e-m+fp/hard/libc_nano.a(lib_a-nano-vfprintf.o)
                0x0000000008001050                __sfputs_r
                0x0000000008001080                __sprint_r
                0x000000000800109c                _vfiprintf_r
                0x000000000800109c                _vfprintf_r
                0x0000000008001320                vfiprintf
                0x0000000008001320                vfprintf
 .text          0x000000000800133c      0x3dc /usr/lib/gcc/arm-none-eabi/10.3.1/../../../arm-none-eabi/lib/thumb/v7e-m+fp/hard/libc_nano.a(lib_a-nano-vfprintf_i.o)
                0x000000000800133c                _printf_common
                0x0000000008001468                _printf_i
 .text          0x0000000008001718       0x24 /usr/lib/gcc/arm-none-eabi/10.3.1/../../../arm-none-eabi/lib/thumb/v7e-m+fp/hard/libc_nano.a(lib_a-sbrkr.o)
                0x0000000008001718                _sbrk_r
 .text          0x000000000800173c      0x180 /usr/lib/gcc/arm-none-eabi/10.3.1/../../../arm-none-eabi/lib/thumb/v7e-m+fp/hard/libc_nano.a(lib_a-setvbuf.o)
                0x000000000800173c                setvbuf
 *fill*         0x00000000080018bc        0x4 
 .text          0x00000000080018c0      0x2dc /usr/lib/gcc/arm-none-eabi/10.3.1/../../../arm-none-eabi/lib/thumb/v7e-m+fp/hard/libc_nano.a(lib_a-strcmp.o)
                0x00000000080018c8                strcmp
 *fill*         0x0000000008001b9c       0x24 
 .text          0x0000000008001bc0       0xdc /usr/lib/gcc/arm-none-eabi/10.3.1/../../../arm-none-eabi/lib/thumb/v7e-m+fp/hard/libc_nano.a(lib_a-strlen.o)
                0x0000000008001bc0                strlen
 .text          0x0000000008001c9c      0x188 /usr/lib/gcc/arm-none-eabi/10.3.1/../../../arm-none-eabi/lib/thumb/v7e-m+fp/hard/libc_nano.a(lib_a-strtol.o)
                0x0000000008001dbc                _strtol_r
                0x0000000008001dd4                strtol_l
                0x0000000008001dfc                strtol
 .text          0x0000000008001e24      0x19c /usr/lib/gcc/arm-none-eabi/10.3.1/../../../arm-none-eabi/lib/thumb/v7e-m+fp/hard/libc_nano.a(lib_a-tzcalc_limits.o)
                0x0000000008001e24                __tzcalc_limits
 .text          0x0000000008001fc0        0x8 /usr/lib/gcc/arm-none-eabi/10.3.1/../../../arm-none-eabi/lib/thumb/v7e-m+fp/hard/libc_nano.a(lib_a-tzlock.o)
                0x0000000008001fc0                __tz_lock
                0x0000000008001fc4                __tz_unlock
 .text          0x0000000008001fc8       0x28 /usr/lib/gcc/arm-none-eabi/10.3.1/../../../arm-none-eabi/lib/thumb/v7e-m+fp/hard/libc_nano.a(lib_a-tzset.o)
                0x0000000008001fc8                _tzset_unlocked
                0x0000000008001fd4                tzset
 .text          0x0000000008001ff0      0x33c /usr/lib/gcc/arm-none-eabi/10.3.1/../../../arm-none-eabi/lib/thumb/v7e-m+fp/hard/libc_nano.a(lib_a-tzset_r.o)
                0x0000000008001ff0                _tzset_unlocked_r
                0x0000000008002310                _tzset_r
 .text          0x000000000800232c       0xc8 /usr/lib/gcc/arm-none-eabi/10.3.1/../../../arm-none-eabi/lib/thumb/v7e-m+fp/hard/libc_nano.a(lib_a-wbuf.o)
                0x000000000800232c                __swbuf_r
                0x00000000080023dc                __swbuf
 .text          0x00000000080023f4      0x104 /usr/lib/gcc/arm-none-eabi/10.3.1/../../../arm-none-eabi/lib/thumb/v7e-m+fp/hard/libc_nano.a(lib_a-wsetup.o)
                0x00000000080023f4                __swsetup_r
 .text          0x00000000080024f8       0x4c /usr/lib/gcc/arm-none-eabi/10.3.1/../../../arm-none-eabi/lib/thumb/v7e-m+fp/hard/libc_nano.a(lib_a-assert.o)
                0x00000000080024f8                __assert_func
                0x0000000008002538                __assert
 .text          0x0000000008002544       0x40 /usr/lib/gcc/arm-none-eabi/10.3.1/../../../arm-none-eabi/lib/thumb/v7e-m+fp/hard/libc_nano.a(lib_a-div.o)
                0x0000000008002544                div
 .text          0x0000000008002584      0x1e8 /usr/lib/gcc/arm-none-eabi/10.3.1/../../../arm-none-eabi/lib/thumb/v7e-m+fp/hard/libc_nano.a(lib_a-fflush.o)
                0x0000000008002584                __sflush_r
                0x0000000008002698                _fflush_r
                0x00000000080026ec                fflush
 .text          0x000000000800276c      0x238 /usr/lib/gcc/arm-none-eabi/10.3.1/../../../arm-none-eabi/lib/thumb/v7e-m+fp/hard/libc_nano.a(lib_a-findfp.o)
                0x0000000008002770                _cleanup_r
                0x0000000008002780                __sfmoreglue
                0x00000000080027b0                __sfp
                0x0000000008002950                _cleanup
                0x0000000008002964                __sinit
                0x000000000800296c                __sfp_lock_acquire
                0x0000000008002970                __sfp_lock_release
                0x0000000008002974                __sinit_lock_acquire
                0x0000000008002978                __sinit_lock_release
                0x000000000800297c                __fp_lock_all
                0x0000000008002990                __fp_unlock_all
 .text          0x00000000080029a4      0x2f0 /usr/lib/gcc/arm-none-eabi/10.3.1/../../../arm-none-eabi/lib/thumb/v7e-m+fp/hard/libc_nano.a(lib_a-fvwrite.o)
                0x00000000080029a4                __sfvwrite_r
 .text          0x0000000008002c94       0x88 /usr/lib/gcc/arm-none-eabi/10.3.1/../../../arm-none-eabi/lib/thumb/v7e-m+fp/hard/libc_nano.a(lib_a-fwalk.o)
                0x0000000008002c94                _fwalk
                0x0000000008002cd4                _fwalk_reent
 .text          0x0000000008002d1c       0x90 /usr/lib/gcc/arm-none-eabi/10.3.1/../../../arm-none-eabi/lib/thumb/v7e-m+fp/hard/libc_nano.a(lib_a-getenv_r.o)
                0x0000000008002d1c                _findenv_r
                0x0000000008002d9c                _getenv_r
 .text          0x0000000008002dac        0x8 /usr/lib/gcc/arm-none-eabi/10.3.1/../../../arm-none-eabi/lib/thumb/v7e-m+fp/hard/libc_nano.a(lib_a-gettzinfo.o)
                0x0000000008002dac                __gettzinfo
 .text          0x0000000008002db4      0x11c /usr/lib/gcc/arm-none-eabi/10.3.1/../../../arm-none-eabi/lib/thumb/v7e-m+fp/hard/libc_nano.a(lib_a-makebuf.o)
                0x0000000008002db4                __smakebuf_r
                0x0000000008002e74                __swhatbuf_r
 .text          0x0000000008002ed0       0xa0 /usr/lib/gcc/arm-none-eabi/10.3.1/../../../arm-none-eabi/lib/thumb/v7e-m+fp/hard/libc_nano.a(lib_a-memchr.o)
                0x0000000008002ed0                memchr
 .text          0x0000000008002f70       0xf8 /usr/lib/gcc/arm-none-eabi/10.3.1/../../../arm-none-eabi/lib/thumb/v7e-m+fp/hard/libc_nano.a(lib_a-memmove.o)
                0x0000000008002f70                memmove
 .text          0x0000000008003068        0x8 /usr/lib/gcc/arm-none-eabi/10.3.1/../../../arm-none-eabi/lib/thumb/v7e-m+fp/hard/libc_nano.a(lib_a-mlock.o)
                0x0000000008003068                __malloc_lock
                0x000000000800306c                __malloc_unlock
 .text          0x0000000008003070       0x50 /usr/lib/gcc/arm-none-eabi/10.3.1/../../../arm-none-eabi/lib/thumb/v7e-m+fp/hard/libc_nano.a(lib_a-nano-reallocr.o)
                0x0000000008003070                _realloc_r
 .text          0x00000000080030c0       0xb0 /usr/lib/gcc/arm-none-eabi/10.3.1/../../../arm-none-eabi/lib/thumb/v7e-m+fp/hard/libc_nano.a(lib_a-sscanf.o)
                0x00000000080030c0                sscanf
                0x00000000080030c0                siscanf
                0x0000000008003118                _siscanf_r
                0x0000000008003118                _sscanf_r
 .text          0x0000000008003170       0x90 /usr/lib/gcc/arm-none-eabi/10.3.1/../../../arm-none-eabi/lib/thumb/v7e-m+fp/hard/libc_nano.a(lib_a-stdio.o)
                0x0000000008003170                __sread
                0x0000000008003194                __seofread
                0x0000000008003198                __swrite
                0x00000000080031d8                __sseek
                0x00000000080031f8                __sclose
 .text          0x0000000008003200       0xbc /usr/lib/gcc/arm-none-eabi/10.3.1/../../../arm-none-eabi/lib/thumb/v7e-m+fp/hard/libc_nano.a(lib_a-strcpy.o)
                0x0000000008003200                strcpy
 .text          0x00000000080032bc       0x80 /usr/lib/gcc/arm-none-eabi/10.3.1/../../../arm-none-eabi/lib/thumb/v7e-m+fp/hard/libc_nano.a(lib_a-strncmp.o)
                0x00000000080032bc                strncmp
 .text          0x000000000800333c      0x170 /usr/lib/gcc/arm-none-eabi/10.3.1/../../../arm-none-eabi/lib/thumb/v7e-m+fp/hard/libc_nano.a(lib_a-strtoul.o)
                0x0000000008003478                _strtoul_r
                0x000000000800347c                strtoul_l
                0x0000000008003494                strtoul
 .text          0x00000000080034ac       0x10 /usr/lib/gcc/arm-none-eabi/10.3.1/../../../arm-none-eabi/lib/thumb/v7e-m+fp/hard/libc_nano.a(lib_a-abort.o)
                0x00000000080034ac                abort
 .text          0x00000000080034bc       0x24 /usr/lib/gcc/arm-none-eabi/10.3.1/../../../arm-none-eabi/lib/thumb/v7e-m+fp/hard/libc_nano.a(lib_a-closer.o)
                0x00000000080034bc                _close_r
 .text          0x00000000080034e0        0x8 /usr/lib/gcc/arm-none-eabi/10.3.1/../../../arm-none-eabi/lib/thumb/v7e-m+fp/hard/libc_nano.a(lib_a-envlock.o)
                0x00000000080034e0                __env_lock
                0x00000000080034e4                __env_unlock
 .text          0x00000000080034e8       0x2c /usr/lib/gcc/arm-none-eabi/10.3.1/../../../arm-none-eabi/lib/thumb/v7e-m+fp/hard/libc_nano.a(lib_a-fstatr.o)
                0x00000000080034e8                _fstat_r
 .text          0x0000000008003514       0x24 /usr/lib/gcc/arm-none-eabi/10.3.1/../../../arm-none-eabi/lib/thumb/v7e-m+fp/hard/libc_nano.a(lib_a-isattyr.o)
                0x0000000008003514                _isatty_r
 .text          0x0000000008003538       0x2c /usr/lib/gcc/arm-none-eabi/10.3.1/../../../arm-none-eabi/lib/thumb/v7e-m+fp/hard/libc_nano.a(lib_a-lseekr.o)
                0x0000000008003538                _lseek_r
 .text          0x0000000008003564       0x14 /usr/lib/gcc/arm-none-eabi/10.3.1/../../../arm-none-eabi/lib/thumb/v7e-m+fp/hard/libc_nano.a(lib_a-nano-msizer.o)
                0x0000000008003564                _malloc_usable_size_r
 .text          0x0000000008003578      0x43c /usr/lib/gcc/arm-none-eabi/10.3.1/../../../arm-none-eabi/lib/thumb/v7e-m+fp/hard/libc_nano.a(lib_a-nano-svfscanf.o)
                0x0000000008003578                _sungetc_r
                0x00000000080035f8                __ssrefill_r
                0x0000000008003634                __ssvfscanf_r
                0x0000000008003634                __ssvfiscanf_r
 .text          0x00000000080039b4      0x2b0 /usr/lib/gcc/arm-none-eabi/10.3.1/../../../arm-none-eabi/lib/thumb/v7e-m+fp/hard/libc_nano.a(lib_a-nano-vfscanf_i.o)
                0x00000000080039b4                _scanf_chars
                0x0000000008003a78                _scanf_i
 .text          0x0000000008003c64       0x2c /usr/lib/gcc/arm-none-eabi/10.3.1/../../../arm-none-eabi/lib/thumb/v7e-m+fp/hard/libc_nano.a(lib_a-readr.o)
                0x0000000008003c64                _read_r
 .text          0x0000000008003c90       0x8c /usr/lib/gcc/arm-none-eabi/10.3.1/../../../arm-none-eabi/lib/thumb/v7e-m+fp/hard/libc_nano.a(lib_a-sccl.o)
                0x0000000008003c90                __sccl
 .text          0x0000000008003d1c      0x268 /usr/lib/gcc/arm-none-eabi/10.3.1/../../../arm-none-eabi/lib/thumb/v7e-m+fp/hard/libc_nano.a(lib_a-signal.o)
                0x0000000008003d1c                _init_signal_r
                0x0000000008003d48                _signal_r
                0x0000000008003d90                _raise_r
                0x0000000008003de4                __sigtramp_r
                0x0000000008003e44                raise
                0x0000000008003e9c                signal
                0x0000000008003eec                _init_signal
                0x0000000008003f20                __sigtramp
 .text          0x0000000008003f84       0x30 /usr/lib/gcc/arm-none-eabi/10.3.1/../../../arm-none-eabi/lib/thumb/v7e-m+fp/hard/libc_nano.a(lib_a-signalr.o)
                0x0000000008003f84                _kill_r
                0x0000000008003fb0                _getpid_r
 .text          0x0000000008003fb4      0x180 /usr/lib/gcc/arm-none-eabi/10.3.1/../../../arm-none-eabi/lib/thumb/v7e-m+fp/hard/libc_nano.a(lib_a-ungetc.o)
                0x0000000008003fb4                __submore
                0x000000000800402c                _ungetc_r
                0x000000000800411c                ungetc
 .text          0x0000000008004134      0x378 /usr/lib/gcc/arm-none-eabi/10.3.1/thumb/v7e-m+fp/hard/libgcc.a(_arm_addsubdf3.o)
                0x0000000008004134                __aeabi_drsub
                0x000000000800413c                __aeabi_dsub
                0x000000000800413c                __subdf3
                0x0000000008004140                __adddf3
                0x0000000008004140                __aeabi_dadd
                0x00000000080043b8                __aeabi_ui2d
                0x00000000080043b8                __floatunsidf
                0x00000000080043d8                __floatsidf
                0x00000000080043d8                __aeabi_i2d
                0x00000000080043fc                __extendsfdf2
                0x00000000080043fc                __aeabi_f2d
                0x0000000008004440                __aeabi_ul2d
                0x0000000008004440                __floatundidf
                0x0000000008004450                __floatdidf
                0x0000000008004450                __aeabi_l2d
 .text          0x00000000080044ac       0xa0 /usr/lib/gcc/arm-none-eabi/10.3.1/thumb/v7e-m+fp/hard/libgcc.a(_aeabi_ldivmod.o)
                0x00000000080044ac                __aeabi_ldivmod
 .text          0x000000000800454c      0x2d0 /usr/lib/gcc/arm-none-eabi/10.3.1/thumb/v7e-m+fp/hard/libgcc.a(_udivmoddi4.o)
                0x000000000800454c                __udivmoddi4
 .text          0x000000000800481c        0x4 /usr/lib/gcc/arm-none-eabi/10.3.1/thumb/v7e-m+fp/hard/libgcc.a(_dvmd_tls.o)
                0x000000000800481c                __aeabi_ldiv0
                0x000000000800481c                __aeabi_idiv0
 *(.text*)
 .text.HAL_TIM_PeriodElapsedCallback
                0x0000000008004820       0x18 build/main.o
                0x0000000008004820                HAL_TIM_PeriodElapsedCallback
 .text.Error_Handler
                0x0000000008004838        0x4 build/main.o
                0x0000000008004838                Error_Handler
 .text.SystemClock_Config
                0x000000000800483c       0x98 build/main.o
                0x000000000800483c                SystemClock_Config
 .text.main     0x00000000080048d4       0x40 build/main.o
                0x00000000080048d4                main
 .text.MX_GPIO_Init
                0x0000000008004914      0x14c build/gpio.o
                0x0000000008004914                MX_GPIO_Init
 .text.StartDefaultTask
                0x0000000008004a60       0x28 build/freertos.o
                0x0000000008004a60                StartDefaultTask
 .text.MX_FREERTOS_Init
                0x0000000008004a88       0x50 build/freertos.o
                0x0000000008004a88                MX_FREERTOS_Init
 .text.MX_LPTIM1_Init
                0x0000000008004ad8       0x38 build/lptim.o
                0x0000000008004ad8                MX_LPTIM1_Init
 .text.HAL_LPTIM_MspInit
                0x0000000008004b10       0x50 build/lptim.o
                0x0000000008004b10                HAL_LPTIM_MspInit
 .text.MX_QUADSPI_Init
                0x0000000008004b60       0x34 build/quadspi.o
                0x0000000008004b60                MX_QUADSPI_Init
 .text.HAL_QSPI_MspInit
                0x0000000008004b94       0x94 build/quadspi.o
                0x0000000008004b94                HAL_QSPI_MspInit
 .text.MX_RTC_Init
                0x0000000008004c28       0xa4 build/rtc.o
                0x0000000008004c28                MX_RTC_Init
 .text.HAL_RTC_MspInit
                0x0000000008004ccc       0x60 build/rtc.o
                0x0000000008004ccc                HAL_RTC_MspInit
 .text.I2C1_MspInit
                0x0000000008004d2c       0x88 build/custom_bus.o
 .text.I2C1_MspDeInit
                0x0000000008004db4       0x2c build/custom_bus.o
 .text.BSP_I2C1_DeInit
                0x0000000008004de0       0x38 build/custom_bus.o
                0x0000000008004de0                BSP_I2C1_DeInit
 .text.BSP_I2C1_IsReady
                0x0000000008004e18       0x20 build/custom_bus.o
                0x0000000008004e18                BSP_I2C1_IsReady
 .text.BSP_I2C1_WriteReg16
                0x0000000008004e38       0x3c build/custom_bus.o
                0x0000000008004e38                BSP_I2C1_WriteReg16
 .text.BSP_I2C1_ReadReg16
                0x0000000008004e74       0x3c build/custom_bus.o
                0x0000000008004e74                BSP_I2C1_ReadReg16
 .text.BSP_I2C1_Send
                0x0000000008004eb0       0x3c build/custom_bus.o
                0x0000000008004eb0                BSP_I2C1_Send
 .text.BSP_I2C1_Recv
                0x0000000008004eec       0x3c build/custom_bus.o
                0x0000000008004eec                BSP_I2C1_Recv
 .text.MX_I2C1_Init
                0x0000000008004f28       0x4c build/custom_bus.o
                0x0000000008004f28                MX_I2C1_Init
 .text.BSP_I2C1_Init
                0x0000000008004f74       0x58 build/custom_bus.o
                0x0000000008004f74                BSP_I2C1_Init
 .text.NMI_Handler
                0x0000000008004fcc        0x2 build/stm32l4xx_it.o
                0x0000000008004fcc                NMI_Handler
 .text.HardFault_Handler
                0x0000000008004fce        0x2 build/stm32l4xx_it.o
                0x0000000008004fce                HardFault_Handler
 .text.MemManage_Handler
                0x0000000008004fd0        0x2 build/stm32l4xx_it.o
                0x0000000008004fd0                MemManage_Handler
 .text.BusFault_Handler
                0x0000000008004fd2        0x2 build/stm32l4xx_it.o
                0x0000000008004fd2                BusFault_Handler
 .text.UsageFault_Handler
                0x0000000008004fd4        0x2 build/stm32l4xx_it.o
                0x0000000008004fd4                UsageFault_Handler
 .text.DebugMon_Handler
                0x0000000008004fd6        0x2 build/stm32l4xx_it.o
                0x0000000008004fd6                DebugMon_Handler
 .text.RTC_WKUP_IRQHandler
                0x0000000008004fd8       0x18 build/stm32l4xx_it.o
                0x0000000008004fd8                RTC_WKUP_IRQHandler
 .text.EXTI0_IRQHandler
                0x0000000008004ff0       0x12 build/stm32l4xx_it.o
                0x0000000008004ff0                EXTI0_IRQHandler
 .text.EXTI1_IRQHandler
                0x0000000008005002       0x12 build/stm32l4xx_it.o
                0x0000000008005002                EXTI1_IRQHandler
 .text.EXTI9_5_IRQHandler
                0x0000000008005014       0x26 build/stm32l4xx_it.o
                0x0000000008005014                EXTI9_5_IRQHandler
 *fill*         0x000000000800503a        0x2 
 .text.TIM6_IRQHandler
                0x000000000800503c       0x18 build/stm32l4xx_it.o
                0x000000000800503c                TIM6_IRQHandler
 .text.USB_IRQHandler
                0x0000000008005054       0x18 build/stm32l4xx_it.o
                0x0000000008005054                USB_IRQHandler
 .text.HAL_MspInit
                0x000000000800506c       0x40 build/stm32l4xx_hal_msp.o
                0x000000000800506c                HAL_MspInit
 .text.HAL_InitTick
                0x00000000080050ac       0xa0 build/stm32l4xx_hal_timebase_tim.o
                0x00000000080050ac                HAL_InitTick
 .text.HAL_SuspendTick
                0x000000000800514c       0x14 build/stm32l4xx_hal_timebase_tim.o
                0x000000000800514c                HAL_SuspendTick
 .text.HAL_ResumeTick
                0x0000000008005160       0x14 build/stm32l4xx_hal_timebase_tim.o
                0x0000000008005160                HAL_ResumeTick
 .text._sbrk    0x0000000008005174       0x48 build/sysmem.o
                0x0000000008005174                _sbrk
 .text._getpid  0x00000000080051bc        0x4 build/syscalls.o
                0x00000000080051bc                _getpid
 .text._kill    0x00000000080051c0       0x10 build/syscalls.o
                0x00000000080051c0                _kill
 .text._exit    0x00000000080051d0        0xc build/syscalls.o
                0x00000000080051d0                _exit
 .text._read    0x00000000080051dc       0x20 build/syscalls.o
                0x00000000080051dc                _read
 .text._close   0x00000000080051fc        0x6 build/syscalls.o
                0x00000000080051fc                _close
 .text._fstat   0x0000000008005202        0xa build/syscalls.o
                0x0000000008005202                _fstat
 .text._isatty  0x000000000800520c        0x4 build/syscalls.o
                0x000000000800520c                _isatty
 .text._lseek   0x0000000008005210        0x4 build/syscalls.o
                0x0000000008005210                _lseek
 .text.MX_CRC_Init
                0x0000000008005214       0x2c build/crc.o
                0x0000000008005214                MX_CRC_Init
 .text.HAL_CRC_MspInit
                0x0000000008005240       0x2c build/crc.o
                0x0000000008005240                HAL_CRC_MspInit
 .text.MX_RNG_Init
                0x000000000800526c       0x20 build/rng.o
                0x000000000800526c                MX_RNG_Init
 .text.HAL_RNG_MspInit
                0x000000000800528c       0x54 build/rng.o
                0x000000000800528c                HAL_RNG_MspInit
 .text.SystemInit
                0x00000000080052e0       0x14 build/system_stm32l4xx.o
                0x00000000080052e0                SystemInit
 .text.SystemClockConfig_Resume
                0x00000000080052f4        0x8 build/usbd_conf.o
 .text.HAL_PCD_SetupStageCallback
                0x00000000080052fc       0x10 build/usbd_conf.o
                0x00000000080052fc                HAL_PCD_SetupStageCallback
 .text.HAL_PCD_DataOutStageCallback
                0x000000000800530c       0x18 build/usbd_conf.o
                0x000000000800530c                HAL_PCD_DataOutStageCallback
 .text.HAL_PCD_DataInStageCallback
                0x0000000008005324       0x16 build/usbd_conf.o
                0x0000000008005324                HAL_PCD_DataInStageCallback
 .text.HAL_PCD_SOFCallback
                0x000000000800533a        0xc build/usbd_conf.o
                0x000000000800533a                HAL_PCD_SOFCallback
 .text.HAL_PCD_ResetCallback
                0x0000000008005346       0x24 build/usbd_conf.o
                0x0000000008005346                HAL_PCD_ResetCallback
 *fill*         0x000000000800536a        0x2 
 .text.HAL_PCD_SuspendCallback
                0x000000000800536c       0x20 build/usbd_conf.o
                0x000000000800536c                HAL_PCD_SuspendCallback
 .text.HAL_PCD_ResumeCallback
                0x000000000800538c       0x28 build/usbd_conf.o
                0x000000000800538c                HAL_PCD_ResumeCallback
 .text.USBD_LL_OpenEP
                0x00000000080053b4       0x24 build/usbd_conf.o
                0x00000000080053b4                USBD_LL_OpenEP
 .text.USBD_LL_StallEP
                0x00000000080053d8       0x1e build/usbd_conf.o
                0x00000000080053d8                USBD_LL_StallEP
 .text.USBD_LL_ClearStallEP
                0x00000000080053f6       0x1e build/usbd_conf.o
                0x00000000080053f6                USBD_LL_ClearStallEP
 .text.USBD_LL_IsStallEP
                0x0000000008005414       0x2c build/usbd_conf.o
                0x0000000008005414                USBD_LL_IsStallEP
 .text.USBD_LL_SetUSBAddress
                0x0000000008005440       0x1e build/usbd_conf.o
                0x0000000008005440                USBD_LL_SetUSBAddress
 .text.USBD_LL_Transmit
                0x000000000800545e       0x1e build/usbd_conf.o
                0x000000000800545e                USBD_LL_Transmit
 .text.USBD_LL_PrepareReceive
                0x000000000800547c       0x1e build/usbd_conf.o
                0x000000000800547c                USBD_LL_PrepareReceive
 *fill*         0x000000000800549a        0x2 
 .text.HAL_PCDEx_LPM_Callback
                0x000000000800549c       0x48 build/usbd_conf.o
                0x000000000800549c                HAL_PCDEx_LPM_Callback
 .text.ST25DV_ReadReg
                0x00000000080054e4        0xa build/st25dv_reg.o
                0x00000000080054e4                ST25DV_ReadReg
 .text.ST25DV_WriteReg
                0x00000000080054ee        0xa build/st25dv_reg.o
                0x00000000080054ee                ST25DV_WriteReg
 .text.ST25DV_GetICREF
                0x00000000080054f8       0x16 build/st25dv_reg.o
                0x00000000080054f8                ST25DV_GetICREF
 .text.ST25DV_GetGPO_ALL
                0x000000000800550e       0x16 build/st25dv_reg.o
                0x000000000800550e                ST25DV_GetGPO_ALL
 .text.ST25DV_SetGPO_ALL
                0x0000000008005524       0x16 build/st25dv_reg.o
                0x0000000008005524                ST25DV_SetGPO_ALL
 .text.ST25DV_IsDeviceReady
                0x000000000800553a        0xa build/st25dv.o
                0x000000000800553a                ST25DV_IsDeviceReady
 .text.ST25DV_ReadData
                0x0000000008005544       0x10 build/st25dv.o
                0x0000000008005544                ST25DV_ReadData
 .text.ST25DV_WriteData
                0x0000000008005554       0x78 build/st25dv.o
                0x0000000008005554                ST25DV_WriteData
 .text.ReadRegWrap
                0x00000000080055cc       0x18 build/st25dv.o
 .text.WriteRegWrap
                0x00000000080055e4       0x48 build/st25dv.o
 .text.ST25DV_ReadID
                0x000000000800562c        0xa build/st25dv.o
                0x000000000800562c                ST25DV_ReadID
 .text.ST25DV_Init
                0x0000000008005636       0x2e build/st25dv.o
                0x0000000008005636                ST25DV_Init
 .text.ST25DV_GetGPOStatus
                0x0000000008005664       0x1c build/st25dv.o
                0x0000000008005664                ST25DV_GetGPOStatus
 .text.ST25DV_ConfigureGPO
                0x0000000008005680       0x18 build/st25dv.o
                0x0000000008005680                ST25DV_ConfigureGPO
 .text.ST25DV_RegisterBusIO
                0x0000000008005698       0x4c build/st25dv.o
                0x0000000008005698                ST25DV_RegisterBusIO
 .text.HAL_PCD_EP_DB_Receive
                0x00000000080056e4      0x118 build/stm32l4xx_hal_pcd.o
 .text.HAL_PCD_EP_DB_Transmit
                0x00000000080057fc      0x472 build/stm32l4xx_hal_pcd.o
 .text.PCD_EP_ISR_Handler
                0x0000000008005c6e      0x4bc build/stm32l4xx_hal_pcd.o
 .text.HAL_PCD_SetAddress
                0x000000000800612a       0x26 build/stm32l4xx_hal_pcd.o
                0x000000000800612a                HAL_PCD_SetAddress
 .text.HAL_PCD_IRQHandler
                0x0000000008006150      0x1b2 build/stm32l4xx_hal_pcd.o
                0x0000000008006150                HAL_PCD_IRQHandler
 .text.HAL_PCD_EP_Open
                0x0000000008006302       0x86 build/stm32l4xx_hal_pcd.o
                0x0000000008006302                HAL_PCD_EP_Open
 .text.HAL_PCD_EP_Receive
                0x0000000008006388       0x3a build/stm32l4xx_hal_pcd.o
                0x0000000008006388                HAL_PCD_EP_Receive
 .text.HAL_PCD_EP_Transmit
                0x00000000080063c2       0x4c build/stm32l4xx_hal_pcd.o
                0x00000000080063c2                HAL_PCD_EP_Transmit
 .text.HAL_PCD_EP_SetStall
                0x000000000800640e       0x80 build/stm32l4xx_hal_pcd.o
                0x000000000800640e                HAL_PCD_EP_SetStall
 .text.HAL_PCD_EP_ClrStall
                0x000000000800648e       0x7e build/stm32l4xx_hal_pcd.o
                0x000000000800648e                HAL_PCD_EP_ClrStall
 .text.USB_ActivateEndpoint
                0x000000000800650c      0x51e build/stm32l4xx_ll_usb.o
                0x000000000800650c                USB_ActivateEndpoint
 .text.USB_EPSetStall
                0x0000000008006a2a       0x4a build/stm32l4xx_ll_usb.o
                0x0000000008006a2a                USB_EPSetStall
 .text.USB_EPClearStall
                0x0000000008006a74       0x9c build/stm32l4xx_ll_usb.o
                0x0000000008006a74                USB_EPClearStall
 .text.USB_SetDevAddress
                0x0000000008006b10        0xc build/stm32l4xx_ll_usb.o
                0x0000000008006b10                USB_SetDevAddress
 .text.USB_ReadInterrupts
                0x0000000008006b1c        0x8 build/stm32l4xx_ll_usb.o
                0x0000000008006b1c                USB_ReadInterrupts
 .text.USB_EP0_OutStart
                0x0000000008006b24        0x4 build/stm32l4xx_ll_usb.o
                0x0000000008006b24                USB_EP0_OutStart
 .text.USB_WritePMA
                0x0000000008006b28       0x28 build/stm32l4xx_ll_usb.o
                0x0000000008006b28                USB_WritePMA
 .text.USB_EPStartXfer
                0x0000000008006b50      0x584 build/stm32l4xx_ll_usb.o
                0x0000000008006b50                USB_EPStartXfer
 .text.USB_ReadPMA
                0x00000000080070d4       0x30 build/stm32l4xx_ll_usb.o
                0x00000000080070d4                USB_ReadPMA
 .text.HAL_Init
                0x0000000008007104       0x1e build/stm32l4xx_hal.o
                0x0000000008007104                HAL_Init
 *fill*         0x0000000008007122        0x2 
 .text.HAL_IncTick
                0x0000000008007124       0x18 build/stm32l4xx_hal.o
                0x0000000008007124                HAL_IncTick
 .text.HAL_GetTick
                0x000000000800713c        0xc build/stm32l4xx_hal.o
                0x000000000800713c                HAL_GetTick
 .text.RCC_SetFlashLatencyFromMSIRange
                0x0000000008007148       0x90 build/stm32l4xx_hal_rcc.o
 .text.HAL_RCC_GetSysClockFreq
                0x00000000080071d8       0xb4 build/stm32l4xx_hal_rcc.o
                0x00000000080071d8                HAL_RCC_GetSysClockFreq
 .text.HAL_RCC_OscConfig
                0x000000000800728c      0x6dc build/stm32l4xx_hal_rcc.o
                0x000000000800728c                HAL_RCC_OscConfig
 .text.HAL_RCC_ClockConfig
                0x0000000008007968      0x188 build/stm32l4xx_hal_rcc.o
                0x0000000008007968                HAL_RCC_ClockConfig
 .text.HAL_RCC_GetHCLKFreq
                0x0000000008007af0        0xc build/stm32l4xx_hal_rcc.o
                0x0000000008007af0                HAL_RCC_GetHCLKFreq
 .text.HAL_RCC_GetPCLK1Freq
                0x0000000008007afc       0x24 build/stm32l4xx_hal_rcc.o
                0x0000000008007afc                HAL_RCC_GetPCLK1Freq
 .text.HAL_RCC_GetClockConfig
                0x0000000008007b20       0x3c build/stm32l4xx_hal_rcc.o
                0x0000000008007b20                HAL_RCC_GetClockConfig
 .text.HAL_RCCEx_PeriphCLKConfig
                0x0000000008007b5c      0x234 build/stm32l4xx_hal_rcc_ex.o
                0x0000000008007b5c                HAL_RCCEx_PeriphCLKConfig
 .text.HAL_RCCEx_EnableMSIPLLMode
                0x0000000008007d90       0x10 build/stm32l4xx_hal_rcc_ex.o
                0x0000000008007d90                HAL_RCCEx_EnableMSIPLLMode
 .text.HAL_GPIO_Init
                0x0000000008007da0      0x1bc build/stm32l4xx_hal_gpio.o
                0x0000000008007da0                HAL_GPIO_Init
 .text.HAL_GPIO_DeInit
                0x0000000008007f5c      0x100 build/stm32l4xx_hal_gpio.o
                0x0000000008007f5c                HAL_GPIO_DeInit
 .text.HAL_GPIO_WritePin
                0x000000000800805c        0xa build/stm32l4xx_hal_gpio.o
                0x000000000800805c                HAL_GPIO_WritePin
 *fill*         0x0000000008008066        0x2 
 .text.HAL_GPIO_EXTI_IRQHandler
                0x0000000008008068       0x1c build/stm32l4xx_hal_gpio.o
                0x0000000008008068                HAL_GPIO_EXTI_IRQHandler
 .text.I2C_Flush_TXDR
                0x0000000008008084       0x22 build/stm32l4xx_hal_i2c.o
 .text.I2C_TransferConfig
                0x00000000080080a6       0x3c build/stm32l4xx_hal_i2c.o
 .text.I2C_IsErrorOccurred
                0x00000000080080e2      0x114 build/stm32l4xx_hal_i2c.o
 .text.I2C_WaitOnTXISFlagUntilTimeout
                0x00000000080081f6       0x60 build/stm32l4xx_hal_i2c.o
 .text.I2C_WaitOnFlagUntilTimeout
                0x0000000008008256       0x7c build/stm32l4xx_hal_i2c.o
 *fill*         0x00000000080082d2        0x2 
 .text.I2C_RequestMemoryWrite
                0x00000000080082d4       0x7c build/stm32l4xx_hal_i2c.o
 .text.I2C_RequestMemoryRead
                0x0000000008008350       0x78 build/stm32l4xx_hal_i2c.o
 .text.I2C_WaitOnSTOPFlagUntilTimeout
                0x00000000080083c8       0x5e build/stm32l4xx_hal_i2c.o
 .text.I2C_WaitOnRXNEFlagUntilTimeout
                0x0000000008008426       0xaa build/stm32l4xx_hal_i2c.o
 .text.HAL_I2C_MspInit
                0x00000000080084d0        0x2 build/stm32l4xx_hal_i2c.o
                0x00000000080084d0                HAL_I2C_MspInit
 .text.HAL_I2C_Init
                0x00000000080084d2       0xc8 build/stm32l4xx_hal_i2c.o
                0x00000000080084d2                HAL_I2C_Init
 .text.HAL_I2C_MspDeInit
                0x000000000800859a        0x2 build/stm32l4xx_hal_i2c.o
                0x000000000800859a                HAL_I2C_MspDeInit
 .text.HAL_I2C_DeInit
                0x000000000800859c       0x32 build/stm32l4xx_hal_i2c.o
                0x000000000800859c                HAL_I2C_DeInit
 *fill*         0x00000000080085ce        0x2 
 .text.HAL_I2C_Master_Transmit
                0x00000000080085d0      0x1a4 build/stm32l4xx_hal_i2c.o
                0x00000000080085d0                HAL_I2C_Master_Transmit
 .text.HAL_I2C_Master_Receive
                0x0000000008008774      0x17c build/stm32l4xx_hal_i2c.o
                0x0000000008008774                HAL_I2C_Master_Receive
 .text.HAL_I2C_Mem_Write
                0x00000000080088f0      0x1a8 build/stm32l4xx_hal_i2c.o
                0x00000000080088f0                HAL_I2C_Mem_Write
 .text.HAL_I2C_Mem_Read
                0x0000000008008a98      0x1b0 build/stm32l4xx_hal_i2c.o
                0x0000000008008a98                HAL_I2C_Mem_Read
 .text.HAL_I2C_IsDeviceReady
                0x0000000008008c48      0x13e build/stm32l4xx_hal_i2c.o
                0x0000000008008c48                HAL_I2C_IsDeviceReady
 .text.HAL_I2C_GetState
                0x0000000008008d86        0x6 build/stm32l4xx_hal_i2c.o
                0x0000000008008d86                HAL_I2C_GetState
 .text.HAL_I2C_GetError
                0x0000000008008d8c        0x4 build/stm32l4xx_hal_i2c.o
                0x0000000008008d8c                HAL_I2C_GetError
 .text.HAL_I2CEx_ConfigAnalogFilter
                0x0000000008008d90       0x5c build/stm32l4xx_hal_i2c_ex.o
                0x0000000008008d90                HAL_I2CEx_ConfigAnalogFilter
 .text.HAL_I2CEx_ConfigDigitalFilter
                0x0000000008008dec       0x58 build/stm32l4xx_hal_i2c_ex.o
                0x0000000008008dec                HAL_I2CEx_ConfigDigitalFilter
 .text.HAL_PWR_EnableBkUpAccess
                0x0000000008008e44       0x10 build/stm32l4xx_hal_pwr.o
                0x0000000008008e44                HAL_PWR_EnableBkUpAccess
 .text.HAL_PWR_EnterSTANDBYMode
                0x0000000008008e54       0x24 build/stm32l4xx_hal_pwr.o
                0x0000000008008e54                HAL_PWR_EnterSTANDBYMode
 .text.HAL_PWREx_GetVoltageRange
                0x0000000008008e78       0x10 build/stm32l4xx_hal_pwr_ex.o
                0x0000000008008e78                HAL_PWREx_GetVoltageRange
 .text.HAL_PWREx_ControlVoltageScaling
                0x0000000008008e88       0x90 build/stm32l4xx_hal_pwr_ex.o
                0x0000000008008e88                HAL_PWREx_ControlVoltageScaling
 .text.HAL_PWREx_EnterSTOP2Mode
                0x0000000008008f18       0x3c build/stm32l4xx_hal_pwr_ex.o
                0x0000000008008f18                HAL_PWREx_EnterSTOP2Mode
 .text.HAL_NVIC_SetPriorityGrouping
                0x0000000008008f54       0x24 build/stm32l4xx_hal_cortex.o
                0x0000000008008f54                HAL_NVIC_SetPriorityGrouping
 .text.HAL_NVIC_SetPriority
                0x0000000008008f78       0x70 build/stm32l4xx_hal_cortex.o
                0x0000000008008f78                HAL_NVIC_SetPriority
 .text.HAL_NVIC_EnableIRQ
                0x0000000008008fe8       0x1c build/stm32l4xx_hal_cortex.o
                0x0000000008008fe8                HAL_NVIC_EnableIRQ
 .text.LPTIM_WaitForFlag
                0x0000000008009004       0x3c build/stm32l4xx_hal_lptim.o
 .text.HAL_LPTIM_GetState
                0x0000000008009040        0x6 build/stm32l4xx_hal_lptim.o
                0x0000000008009040                HAL_LPTIM_GetState
 *fill*         0x0000000008009046        0x2 
 .text.LPTIM_Disable
                0x0000000008009048      0x1ac build/stm32l4xx_hal_lptim.o
                0x0000000008009048                LPTIM_Disable
 .text.HAL_LPTIM_Init
                0x00000000080091f4       0xf0 build/stm32l4xx_hal_lptim.o
                0x00000000080091f4                HAL_LPTIM_Init
 .text.QSPI_WaitFlagStateUntilTimeout
                0x00000000080092e4       0x54 build/stm32l4xx_hal_qspi.o
 .text.HAL_QSPI_SetTimeout
                0x0000000008009338        0x4 build/stm32l4xx_hal_qspi.o
                0x0000000008009338                HAL_QSPI_SetTimeout
 .text.HAL_QSPI_Init
                0x000000000800933c       0xb0 build/stm32l4xx_hal_qspi.o
                0x000000000800933c                HAL_QSPI_Init
 .text.HAL_RTC_WaitForSynchro
                0x00000000080093ec       0x34 build/stm32l4xx_hal_rtc.o
                0x00000000080093ec                HAL_RTC_WaitForSynchro
 .text.RTC_EnterInitMode
                0x0000000008009420       0x46 build/stm32l4xx_hal_rtc.o
                0x0000000008009420                RTC_EnterInitMode
 *fill*         0x0000000008009466        0x2 
 .text.RTC_ExitInitMode
                0x0000000008009468       0x50 build/stm32l4xx_hal_rtc.o
                0x0000000008009468                RTC_ExitInitMode
 .text.HAL_RTC_Init
                0x00000000080094b8       0xb8 build/stm32l4xx_hal_rtc.o
                0x00000000080094b8                HAL_RTC_Init
 .text.RTC_ByteToBcd2
                0x0000000008009570       0x16 build/stm32l4xx_hal_rtc.o
                0x0000000008009570                RTC_ByteToBcd2
 .text.HAL_RTC_SetTime
                0x0000000008009586       0xc8 build/stm32l4xx_hal_rtc.o
                0x0000000008009586                HAL_RTC_SetTime
 .text.HAL_RTC_SetDate
                0x000000000800964e       0xa6 build/stm32l4xx_hal_rtc.o
                0x000000000800964e                HAL_RTC_SetDate
 .text.RTC_Bcd2ToByte
                0x00000000080096f4       0x12 build/stm32l4xx_hal_rtc.o
                0x00000000080096f4                RTC_Bcd2ToByte
 .text.HAL_RTC_GetTime
                0x0000000008009706       0x4c build/stm32l4xx_hal_rtc.o
                0x0000000008009706                HAL_RTC_GetTime
 .text.HAL_RTC_GetDate
                0x0000000008009752       0x3c build/stm32l4xx_hal_rtc.o
                0x0000000008009752                HAL_RTC_GetDate
 *fill*         0x000000000800978e        0x2 
 .text.HAL_RTCEx_SetWakeUpTimer_IT
                0x0000000008009790       0xe4 build/stm32l4xx_hal_rtc_ex.o
                0x0000000008009790                HAL_RTCEx_SetWakeUpTimer_IT
 .text.HAL_RTCEx_DeactivateWakeUpTimer
                0x0000000008009874       0x7e build/stm32l4xx_hal_rtc_ex.o
                0x0000000008009874                HAL_RTCEx_DeactivateWakeUpTimer
 *fill*         0x00000000080098f2        0x2 
 .text.HAL_RTCEx_WakeUpTimerIRQHandler
                0x00000000080098f4       0x2c build/stm32l4xx_hal_rtc_ex.o
                0x00000000080098f4                HAL_RTCEx_WakeUpTimerIRQHandler
 .text.HAL_TIM_Base_MspInit
                0x0000000008009920        0x2 build/stm32l4xx_hal_tim.o
                0x0000000008009920                HAL_TIM_Base_MspInit
 *fill*         0x0000000008009922        0x2 
 .text.HAL_TIM_Base_Start_IT
                0x0000000008009924       0x6c build/stm32l4xx_hal_tim.o
                0x0000000008009924                HAL_TIM_Base_Start_IT
 .text.HAL_TIM_OC_DelayElapsedCallback
                0x0000000008009990        0x2 build/stm32l4xx_hal_tim.o
                0x0000000008009990                HAL_TIM_OC_DelayElapsedCallback
 .text.HAL_TIM_IC_CaptureCallback
                0x0000000008009992        0x2 build/stm32l4xx_hal_tim.o
                0x0000000008009992                HAL_TIM_IC_CaptureCallback
 .text.HAL_TIM_PWM_PulseFinishedCallback
                0x0000000008009994        0x2 build/stm32l4xx_hal_tim.o
                0x0000000008009994                HAL_TIM_PWM_PulseFinishedCallback
 .text.HAL_TIM_TriggerCallback
                0x0000000008009996        0x2 build/stm32l4xx_hal_tim.o
                0x0000000008009996                HAL_TIM_TriggerCallback
 .text.HAL_TIM_IRQHandler
                0x0000000008009998      0x17a build/stm32l4xx_hal_tim.o
                0x0000000008009998                HAL_TIM_IRQHandler
 *fill*         0x0000000008009b12        0x2 
 .text.TIM_Base_SetConfig
                0x0000000008009b14       0x80 build/stm32l4xx_hal_tim.o
                0x0000000008009b14                TIM_Base_SetConfig
 .text.HAL_TIM_Base_Init
                0x0000000008009b94       0x60 build/stm32l4xx_hal_tim.o
                0x0000000008009b94                HAL_TIM_Base_Init
 .text.HAL_TIMEx_CommutCallback
                0x0000000008009bf4        0x2 build/stm32l4xx_hal_tim_ex.o
                0x0000000008009bf4                HAL_TIMEx_CommutCallback
 .text.HAL_TIMEx_BreakCallback
                0x0000000008009bf6        0x2 build/stm32l4xx_hal_tim_ex.o
                0x0000000008009bf6                HAL_TIMEx_BreakCallback
 .text.HAL_TIMEx_Break2Callback
                0x0000000008009bf8        0x2 build/stm32l4xx_hal_tim_ex.o
                0x0000000008009bf8                HAL_TIMEx_Break2Callback
 *fill*         0x0000000008009bfa        0x2 
 .text.HAL_CRC_Init
                0x0000000008009bfc       0x80 build/stm32l4xx_hal_crc.o
                0x0000000008009bfc                HAL_CRC_Init
 .text.HAL_CRCEx_Polynomial_Set
                0x0000000008009c7c       0x78 build/stm32l4xx_hal_crc_ex.o
                0x0000000008009c7c                HAL_CRCEx_Polynomial_Set
 .text.HAL_RNG_Init
                0x0000000008009cf4       0x72 build/stm32l4xx_hal_rng.o
                0x0000000008009cf4                HAL_RNG_Init
 .text.vListInitialise
                0x0000000008009d66       0x16 build/list.o
                0x0000000008009d66                vListInitialise
 .text.vListInitialiseItem
                0x0000000008009d7c        0x6 build/list.o
                0x0000000008009d7c                vListInitialiseItem
 .text.vListInsertEnd
                0x0000000008009d82       0x16 build/list.o
                0x0000000008009d82                vListInsertEnd
 .text.vListInsert
                0x0000000008009d98       0x32 build/list.o
                0x0000000008009d98                vListInsert
 .text.uxListRemove
                0x0000000008009dca       0x26 build/list.o
                0x0000000008009dca                uxListRemove
 .text.prvIsQueueFull
                0x0000000008009df0       0x1e build/queue.o
 .text.prvIsQueueEmpty
                0x0000000008009e0e       0x1a build/queue.o
 .text.prvCopyDataToQueue
                0x0000000008009e28       0x76 build/queue.o
 .text.prvCopyDataFromQueue
                0x0000000008009e9e       0x24 build/queue.o
 .text.prvUnlockQueue
                0x0000000008009ec2       0x6e build/queue.o
 .text.xQueueGenericReset
                0x0000000008009f30       0x84 build/queue.o
                0x0000000008009f30                xQueueGenericReset
 .text.prvInitialiseNewQueue
                0x0000000008009fb4       0x30 build/queue.o
 .text.xQueueGenericCreateStatic
                0x0000000008009fe4       0x94 build/queue.o
                0x0000000008009fe4                xQueueGenericCreateStatic
 .text.xQueueGenericCreate
                0x000000000800a078       0x48 build/queue.o
                0x000000000800a078                xQueueGenericCreate
 .text.xQueueGenericSend
                0x000000000800a0c0      0x1c4 build/queue.o
                0x000000000800a0c0                xQueueGenericSend
 .text.xQueueGenericSendFromISR
                0x000000000800a284       0xee build/queue.o
                0x000000000800a284                xQueueGenericSendFromISR
 .text.xQueueReceive
                0x000000000800a372      0x1b8 build/queue.o
                0x000000000800a372                xQueueReceive
 .text.xQueueReceiveFromISR
                0x000000000800a52a       0xe0 build/queue.o
                0x000000000800a52a                xQueueReceiveFromISR
 *fill*         0x000000000800a60a        0x2 
 .text.vQueueAddToRegistry
                0x000000000800a60c       0x38 build/queue.o
                0x000000000800a60c                vQueueAddToRegistry
 .text.vQueueWaitForMessageRestricted
                0x000000000800a644       0x52 build/queue.o
                0x000000000800a644                vQueueWaitForMessageRestricted
 *fill*         0x000000000800a696        0x2 
 .text.prvGetExpectedIdleTime
                0x000000000800a698       0x40 build/tasks.o
 .text.prvTaskCheckFreeStackSpace
                0x000000000800a6d8       0x14 build/tasks.o
 .text.prvResetNextTaskUnblockTime
                0x000000000800a6ec       0x2c build/tasks.o
 .text.prvInitialiseNewTask
                0x000000000800a718       0xa6 build/tasks.o
 *fill*         0x000000000800a7be        0x2 
 .text.prvInitialiseTaskLists
                0x000000000800a7c0       0x68 build/tasks.o
 .text.prvAddNewTaskToReadyList
                0x000000000800a828       0xd0 build/tasks.o
 .text.prvDeleteTCB
                0x000000000800a8f8       0x38 build/tasks.o
 .text.prvCheckTasksWaitingTermination
                0x000000000800a930       0x4c build/tasks.o
 .text.prvAddCurrentTaskToDelayedList
                0x000000000800a97c       0x94 build/tasks.o
 .text.xTaskCreateStatic
                0x000000000800aa10       0x76 build/tasks.o
                0x000000000800aa10                xTaskCreateStatic
 .text.xTaskCreate
                0x000000000800aa86       0x68 build/tasks.o
                0x000000000800aa86                xTaskCreate
 *fill*         0x000000000800aaee        0x2 
 .text.vTaskStartScheduler
                0x000000000800aaf0       0xbc build/tasks.o
                0x000000000800aaf0                vTaskStartScheduler
 .text.vTaskSuspendAll
                0x000000000800abac       0x10 build/tasks.o
                0x000000000800abac                vTaskSuspendAll
 .text.xTaskGetTickCount
                0x000000000800abbc        0xc build/tasks.o
                0x000000000800abbc                xTaskGetTickCount
 .text.xTaskGetTickCountFromISR
                0x000000000800abc8       0x10 build/tasks.o
                0x000000000800abc8                xTaskGetTickCountFromISR
 .text.vTaskStepTick
                0x000000000800abd8       0x3c build/tasks.o
                0x000000000800abd8                vTaskStepTick
 .text.xTaskIncrementTick
                0x000000000800ac14      0x120 build/tasks.o
                0x000000000800ac14                xTaskIncrementTick
 .text.xTaskResumeAll
                0x000000000800ad34       0xfc build/tasks.o
                0x000000000800ad34                xTaskResumeAll
 .text.vTaskDelay
                0x000000000800ae30       0x54 build/tasks.o
                0x000000000800ae30                vTaskDelay
 .text.prvIdleTask
                0x000000000800ae84       0x70 build/tasks.o
 .text.vTaskSwitchContext
                0x000000000800aef4       0xb8 build/tasks.o
                0x000000000800aef4                vTaskSwitchContext
 .text.vTaskPlaceOnEventList
                0x000000000800afac       0x30 build/tasks.o
                0x000000000800afac                vTaskPlaceOnEventList
 .text.vTaskPlaceOnEventListRestricted
                0x000000000800afdc       0x40 build/tasks.o
                0x000000000800afdc                vTaskPlaceOnEventListRestricted
 .text.xTaskRemoveFromEventList
                0x000000000800b01c       0x94 build/tasks.o
                0x000000000800b01c                xTaskRemoveFromEventList
 .text.vTaskInternalSetTimeOutState
                0x000000000800b0b0       0x18 build/tasks.o
                0x000000000800b0b0                vTaskInternalSetTimeOutState
 .text.xTaskCheckForTimeOut
                0x000000000800b0c8       0x84 build/tasks.o
                0x000000000800b0c8                xTaskCheckForTimeOut
 .text.vTaskMissedYield
                0x000000000800b14c        0xc build/tasks.o
                0x000000000800b14c                vTaskMissedYield
 .text.eTaskConfirmSleepModeStatus
                0x000000000800b158       0x3c build/tasks.o
                0x000000000800b158                eTaskConfirmSleepModeStatus
 .text.uxTaskGetStackHighWaterMark
                0x000000000800b194       0x18 build/tasks.o
                0x000000000800b194                uxTaskGetStackHighWaterMark
 .text.xTaskGetSchedulerState
                0x000000000800b1ac       0x20 build/tasks.o
                0x000000000800b1ac                xTaskGetSchedulerState
 .text.xTaskPriorityDisinherit
                0x000000000800b1cc       0x98 build/tasks.o
                0x000000000800b1cc                xTaskPriorityDisinherit
 .text.prvGetNextExpireTime
                0x000000000800b264       0x20 build/timers.o
 .text.prvInsertTimerInActiveList
                0x000000000800b284       0x48 build/timers.o
 .text.prvCheckForValidListAndQueue
                0x000000000800b2cc       0x70 build/timers.o
 .text.xTimerCreateTimerTask
                0x000000000800b33c       0x64 build/timers.o
                0x000000000800b33c                xTimerCreateTimerTask
 .text.xTimerGenericCommand
                0x000000000800b3a0       0x6c build/timers.o
                0x000000000800b3a0                xTimerGenericCommand
 .text.prvSwitchTimerLists
                0x000000000800b40c       0x7c build/timers.o
 .text.prvSampleTimeNow
                0x000000000800b488       0x2c build/timers.o
 .text.prvProcessExpiredTimer
                0x000000000800b4b4       0x6c build/timers.o
 .text.prvProcessTimerOrBlockTask
                0x000000000800b520       0x74 build/timers.o
 .text.prvProcessReceivedCommands
                0x000000000800b594      0x10c build/timers.o
 .text.prvTimerTask
                0x000000000800b6a0       0x16 build/timers.o
 .text.SysTick_Handler
                0x000000000800b6b6       0x18 build/cmsis_os2.o
                0x000000000800b6b6                SysTick_Handler
 *fill*         0x000000000800b6ce        0x2 
 .text.osKernelInitialize
                0x000000000800b6d0       0x24 build/cmsis_os2.o
                0x000000000800b6d0                osKernelInitialize
 .text.osKernelStart
                0x000000000800b6f4       0x38 build/cmsis_os2.o
                0x000000000800b6f4                osKernelStart
 .text.osThreadNew
                0x000000000800b72c       0xbc build/cmsis_os2.o
                0x000000000800b72c                osThreadNew
 .text.osDelay  0x000000000800b7e8       0x1c build/cmsis_os2.o
                0x000000000800b7e8                osDelay
 .text.osMessageQueueNew
                0x000000000800b804       0x96 build/cmsis_os2.o
                0x000000000800b804                osMessageQueueNew
 .text.osMessageQueuePut
                0x000000000800b89a       0x90 build/cmsis_os2.o
                0x000000000800b89a                osMessageQueuePut
 .text.osMessageQueueGet
                0x000000000800b92a       0x8e build/cmsis_os2.o
                0x000000000800b92a                osMessageQueueGet
 .text.vApplicationGetIdleTaskMemory
                0x000000000800b9b8       0x18 build/cmsis_os2.o
                0x000000000800b9b8                vApplicationGetIdleTaskMemory
 .text.vApplicationGetTimerTaskMemory
                0x000000000800b9d0       0x18 build/cmsis_os2.o
                0x000000000800b9d0                vApplicationGetTimerTaskMemory
 .text.prvHeapInit
                0x000000000800b9e8       0x64 build/heap_4.o
 .text.prvInsertBlockIntoFreeList
                0x000000000800ba4c       0x64 build/heap_4.o
 .text.pvPortMalloc
                0x000000000800bab0       0xfc build/heap_4.o
                0x000000000800bab0                pvPortMalloc
 .text.vPortFree
                0x000000000800bbac       0x7c build/heap_4.o
                0x000000000800bbac                vPortFree
 .text.prvTaskExitError
                0x000000000800bc28       0x40 build/port.o
 .text.prvPortStartFirstTask
                0x000000000800bc68       0x28 build/port.o
 .text.vPortEnableVFP
                0x000000000800bc90       0x14 build/port.o
 .text.pxPortInitialiseStack
                0x000000000800bca4       0x2c build/port.o
                0x000000000800bca4                pxPortInitialiseStack
 .text.SVC_Handler
                0x000000000800bcd0       0x24 build/port.o
                0x000000000800bcd0                SVC_Handler
 .text.vPortEnterCritical
                0x000000000800bcf4       0x44 build/port.o
                0x000000000800bcf4                vPortEnterCritical
 .text.vPortExitCritical
                0x000000000800bd38       0x2c build/port.o
                0x000000000800bd38                vPortExitCritical
 *fill*         0x000000000800bd64        0xc 
 .text.PendSV_Handler
                0x000000000800bd70       0x64 build/port.o
                0x000000000800bd70                PendSV_Handler
 .text.xPortSysTickHandler
                0x000000000800bdd4       0x3a build/port.o
                0x000000000800bdd4                xPortSysTickHandler
 *fill*         0x000000000800be0e        0x2 
 .text.vPortSuppressTicksAndSleep
                0x000000000800be10      0x104 build/port.o
                0x000000000800be10                vPortSuppressTicksAndSleep
 .text.vPortSetupTimerInterrupt
                0x000000000800bf14       0x54 build/port.o
                0x000000000800bf14                vPortSetupTimerInterrupt
 .text.xPortStartScheduler
                0x000000000800bf68      0x118 build/port.o
                0x000000000800bf68                xPortStartScheduler
 .text.vPortValidateInterruptPriority
                0x000000000800c080       0x5c build/port.o
                0x000000000800c080                vPortValidateInterruptPriority
 .text.USBD_SetClassConfig
                0x000000000800c0dc       0x12 build/usbd_core.o
                0x000000000800c0dc                USBD_SetClassConfig
 .text.USBD_ClrClassConfig
                0x000000000800c0ee       0x12 build/usbd_core.o
                0x000000000800c0ee                USBD_ClrClassConfig
 .text.USBD_LL_SetupStage
                0x000000000800c100       0x58 build/usbd_core.o
                0x000000000800c100                USBD_LL_SetupStage
 .text.USBD_LL_Reset
                0x000000000800c158       0x64 build/usbd_core.o
                0x000000000800c158                USBD_LL_Reset
 .text.USBD_LL_SetSpeed
                0x000000000800c1bc        0x6 build/usbd_core.o
                0x000000000800c1bc                USBD_LL_SetSpeed
 .text.USBD_LL_Suspend
                0x000000000800c1c2       0x1e build/usbd_core.o
                0x000000000800c1c2                USBD_LL_Suspend
 .text.USBD_LL_Resume
                0x000000000800c1e0       0x1a build/usbd_core.o
                0x000000000800c1e0                USBD_LL_Resume
 .text.USBD_LL_SOF
                0x000000000800c1fa       0x22 build/usbd_core.o
                0x000000000800c1fa                USBD_LL_SOF
 .text.USBD_CoreFindIF
                0x000000000800c21c        0x4 build/usbd_core.o
                0x000000000800c21c                USBD_CoreFindIF
 .text.USBD_CoreFindEP
                0x000000000800c220        0x4 build/usbd_core.o
                0x000000000800c220                USBD_CoreFindEP
 .text.USBD_LL_DataOutStage
                0x000000000800c224       0xc6 build/usbd_core.o
                0x000000000800c224                USBD_LL_DataOutStage
 .text.USBD_LL_DataInStage
                0x000000000800c2ea       0xd6 build/usbd_core.o
                0x000000000800c2ea                USBD_LL_DataInStage
 .text.USBD_ParseSetupRequest
                0x000000000800c3c0       0x28 build/usbd_ctlreq.o
                0x000000000800c3c0                USBD_ParseSetupRequest
 .text.USBD_CtlError
                0x000000000800c3e8       0x14 build/usbd_ctlreq.o
                0x000000000800c3e8                USBD_CtlError
 .text.USBD_GetDescriptor
                0x000000000800c3fc      0x1ac build/usbd_ctlreq.o
 .text.USBD_SetAddress
                0x000000000800c5a8       0x50 build/usbd_ctlreq.o
 .text.USBD_SetConfig
                0x000000000800c5f8       0xcc build/usbd_ctlreq.o
 .text.USBD_GetConfig
                0x000000000800c6c4       0x40 build/usbd_ctlreq.o
 .text.USBD_GetStatus
                0x000000000800c704       0x38 build/usbd_ctlreq.o
 .text.USBD_SetFeature
                0x000000000800c73c       0x2a build/usbd_ctlreq.o
 .text.USBD_ClrFeature
                0x000000000800c766       0x26 build/usbd_ctlreq.o
 .text.USBD_StdDevReq
                0x000000000800c78c       0x76 build/usbd_ctlreq.o
                0x000000000800c78c                USBD_StdDevReq
 .text.USBD_StdItfReq
                0x000000000800c802       0x84 build/usbd_ctlreq.o
                0x000000000800c802                USBD_StdItfReq
 .text.USBD_StdEPReq
                0x000000000800c886      0x230 build/usbd_ctlreq.o
                0x000000000800c886                USBD_StdEPReq
 .text.USBD_CtlSendData
                0x000000000800cab6       0x1a build/usbd_ioreq.o
                0x000000000800cab6                USBD_CtlSendData
 .text.USBD_CtlContinueSendData
                0x000000000800cad0       0x10 build/usbd_ioreq.o
                0x000000000800cad0                USBD_CtlContinueSendData
 .text.USBD_CtlContinueRx
                0x000000000800cae0       0x10 build/usbd_ioreq.o
                0x000000000800cae0                USBD_CtlContinueRx
 .text.USBD_CtlSendStatus
                0x000000000800caf0       0x16 build/usbd_ioreq.o
                0x000000000800caf0                USBD_CtlSendStatus
 .text.USBD_CtlReceiveStatus
                0x000000000800cb06       0x16 build/usbd_ioreq.o
                0x000000000800cb06                USBD_CtlReceiveStatus
 .text._DoInit  0x000000000800cb1c       0x60 build/SEGGER_RTT.o
 .text._GetAvailWriteSpace
                0x000000000800cb7c       0x18 build/SEGGER_RTT.o
 .text._WriteNoCheck
                0x000000000800cb94       0x4c build/SEGGER_RTT.o
 .text._WriteBlocking
                0x000000000800cbe0       0x62 build/SEGGER_RTT.o
 *fill*         0x000000000800cc42        0x2 
 .text.SEGGER_RTT_ReadNoLock
                0x000000000800cc44       0xa0 build/SEGGER_RTT.o
                0x000000000800cc44                SEGGER_RTT_ReadNoLock
 .text.SEGGER_RTT_WriteNoLock
                0x000000000800cce4       0x6c build/SEGGER_RTT.o
                0x000000000800cce4                SEGGER_RTT_WriteNoLock
 .text.SEGGER_RTT_Write
                0x000000000800cd50       0x34 build/SEGGER_RTT.o
                0x000000000800cd50                SEGGER_RTT_Write
 .text.SEGGER_RTT_AllocUpBuffer
                0x000000000800cd84       0x8c build/SEGGER_RTT.o
                0x000000000800cd84                SEGGER_RTT_AllocUpBuffer
 .text.SEGGER_RTT_ConfigDownBuffer
                0x000000000800ce10       0x68 build/SEGGER_RTT.o
                0x000000000800ce10                SEGGER_RTT_ConfigDownBuffer
 .text._write_r
                0x000000000800ce78       0x12 build/SEGGER_RTT_Syscalls_GCC.o
                0x000000000800ce78                _write_r
 .text._EncodeStr
                0x000000000800ce8a       0x6c build/SEGGER_SYSVIEW.o
 .text._PreparePacket
                0x000000000800cef6        0x4 build/SEGGER_SYSVIEW.o
 *fill*         0x000000000800cefa        0x2 
 .text._TrySendOverflowPacket
                0x000000000800cefc       0x74 build/SEGGER_SYSVIEW.o
 .text.SEGGER_SYSVIEW_Init
                0x000000000800cf70       0x6c build/SEGGER_SYSVIEW.o
                0x000000000800cf70                SEGGER_SYSVIEW_Init
 .text.SEGGER_SYSVIEW_SetRAMBase
                0x000000000800cfdc        0xc build/SEGGER_SYSVIEW.o
                0x000000000800cfdc                SEGGER_SYSVIEW_SetRAMBase
 .text.SEGGER_SYSVIEW_SendTaskList
                0x000000000800cfe8       0x14 build/SEGGER_SYSVIEW.o
                0x000000000800cfe8                SEGGER_SYSVIEW_SendTaskList
 .text.SEGGER_SYSVIEW_ShrinkId
                0x000000000800cffc        0xc build/SEGGER_SYSVIEW.o
                0x000000000800cffc                SEGGER_SYSVIEW_ShrinkId
 .text.SEGGER_SYSVIEW_SendModuleDescription
                0x000000000800d008       0x20 build/SEGGER_SYSVIEW.o
                0x000000000800d008                SEGGER_SYSVIEW_SendModuleDescription
 .text.SEGGER_SYSVIEW_SendNumModules
                0x000000000800d028       0x44 build/SEGGER_SYSVIEW.o
                0x000000000800d028                SEGGER_SYSVIEW_SendNumModules
 .text.SEGGER_SYSVIEW_Start
                0x000000000800d06c       0xb4 build/SEGGER_SYSVIEW.o
                0x000000000800d06c                SEGGER_SYSVIEW_Start
 .text._HandleIncomingPacket
                0x000000000800d120       0x9c build/SEGGER_SYSVIEW.o
 .text._SendPacket
                0x000000000800d1bc      0x18c build/SEGGER_SYSVIEW.o
 .text.SEGGER_SYSVIEW_RecordVoid
                0x000000000800d348       0x28 build/SEGGER_SYSVIEW.o
                0x000000000800d348                SEGGER_SYSVIEW_RecordVoid
 .text.SEGGER_SYSVIEW_RecordU32
                0x000000000800d370       0x40 build/SEGGER_SYSVIEW.o
                0x000000000800d370                SEGGER_SYSVIEW_RecordU32
 .text.SEGGER_SYSVIEW_RecordU32x2
                0x000000000800d3b0       0x54 build/SEGGER_SYSVIEW.o
                0x000000000800d3b0                SEGGER_SYSVIEW_RecordU32x2
 .text.SEGGER_SYSVIEW_RecordSystime
                0x000000000800d404       0x30 build/SEGGER_SYSVIEW.o
                0x000000000800d404                SEGGER_SYSVIEW_RecordSystime
 .text.SEGGER_SYSVIEW_RecordU32x3
                0x000000000800d434       0x74 build/SEGGER_SYSVIEW.o
                0x000000000800d434                SEGGER_SYSVIEW_RecordU32x3
 .text.SEGGER_SYSVIEW_RecordU32x4
                0x000000000800d4a8       0x8c build/SEGGER_SYSVIEW.o
                0x000000000800d4a8                SEGGER_SYSVIEW_RecordU32x4
 .text.SEGGER_SYSVIEW_Stop
                0x000000000800d534       0x38 build/SEGGER_SYSVIEW.o
                0x000000000800d534                SEGGER_SYSVIEW_Stop
 .text.SEGGER_SYSVIEW_GetSysDesc
                0x000000000800d56c       0x80 build/SEGGER_SYSVIEW.o
                0x000000000800d56c                SEGGER_SYSVIEW_GetSysDesc
 .text.SEGGER_SYSVIEW_SendTaskInfo
                0x000000000800d5ec       0xc4 build/SEGGER_SYSVIEW.o
                0x000000000800d5ec                SEGGER_SYSVIEW_SendTaskInfo
 .text.SEGGER_SYSVIEW_SendSysDesc
                0x000000000800d6b0       0x34 build/SEGGER_SYSVIEW.o
                0x000000000800d6b0                SEGGER_SYSVIEW_SendSysDesc
 .text.SEGGER_SYSVIEW_RecordEnterISR
                0x000000000800d6e4       0x48 build/SEGGER_SYSVIEW.o
                0x000000000800d6e4                SEGGER_SYSVIEW_RecordEnterISR
 .text.SEGGER_SYSVIEW_RecordExitISR
                0x000000000800d72c       0x28 build/SEGGER_SYSVIEW.o
                0x000000000800d72c                SEGGER_SYSVIEW_RecordExitISR
 .text.SEGGER_SYSVIEW_RecordExitISRToScheduler
                0x000000000800d754       0x28 build/SEGGER_SYSVIEW.o
                0x000000000800d754                SEGGER_SYSVIEW_RecordExitISRToScheduler
 .text.SEGGER_SYSVIEW_OnIdle
                0x000000000800d77c       0x28 build/SEGGER_SYSVIEW.o
                0x000000000800d77c                SEGGER_SYSVIEW_OnIdle
 .text.SEGGER_SYSVIEW_OnTaskCreate
                0x000000000800d7a4       0x48 build/SEGGER_SYSVIEW.o
                0x000000000800d7a4                SEGGER_SYSVIEW_OnTaskCreate
 .text.SEGGER_SYSVIEW_OnTaskStartExec
                0x000000000800d7ec       0x48 build/SEGGER_SYSVIEW.o
                0x000000000800d7ec                SEGGER_SYSVIEW_OnTaskStartExec
 .text.SEGGER_SYSVIEW_OnTaskStartReady
                0x000000000800d834       0x48 build/SEGGER_SYSVIEW.o
                0x000000000800d834                SEGGER_SYSVIEW_OnTaskStartReady
 .text.SEGGER_SYSVIEW_OnTaskStopReady
                0x000000000800d87c       0x5c build/SEGGER_SYSVIEW.o
                0x000000000800d87c                SEGGER_SYSVIEW_OnTaskStopReady
 .text.SEGGER_SYSVIEW_SendModule
                0x000000000800d8d8       0x78 build/SEGGER_SYSVIEW.o
                0x000000000800d8d8                SEGGER_SYSVIEW_SendModule
 .text.SEGGER_SYSVIEW_Print
                0x000000000800d950       0x3c build/SEGGER_SYSVIEW.o
                0x000000000800d950                SEGGER_SYSVIEW_Print
 .text.SEGGER_SYSVIEW_Warn
                0x000000000800d98c       0x40 build/SEGGER_SYSVIEW.o
                0x000000000800d98c                SEGGER_SYSVIEW_Warn
 .text.SEGGER_SYSVIEW_Error
                0x000000000800d9cc       0x40 build/SEGGER_SYSVIEW.o
                0x000000000800d9cc                SEGGER_SYSVIEW_Error
 .text._cbGetTime
                0x000000000800da0c       0x28 build/SEGGER_SYSVIEW_FreeRTOS.o
 .text.SYSVIEW_SendTaskInfo
                0x000000000800da34       0x26 build/SEGGER_SYSVIEW_FreeRTOS.o
                0x000000000800da34                SYSVIEW_SendTaskInfo
 *fill*         0x000000000800da5a        0x2 
 .text.SYSVIEW_AddTask
                0x000000000800da5c       0x6c build/SEGGER_SYSVIEW_FreeRTOS.o
                0x000000000800da5c                SYSVIEW_AddTask
 .text._cbSendTaskList
                0x000000000800dac8       0x40 build/SEGGER_SYSVIEW_FreeRTOS.o
 .text._cbSendSystemDesc
                0x000000000800db08       0x60 build/SEGGER_SYSVIEW_Config_FreeRTOS.o
 .text.SEGGER_SYSVIEW_Conf
                0x000000000800db68       0x28 build/SEGGER_SYSVIEW_Config_FreeRTOS.o
                0x000000000800db68                SEGGER_SYSVIEW_Conf
 .text.retargetWriteError
                0x000000000800db90       0x1a build/retarget.o
 .text.retargetWriteInfo
                0x000000000800dbaa       0x1a build/retarget.o
 .text.RETARGET_Init
                0x000000000800dbc4       0x3c build/retarget.o
                0x000000000800dbc4                RETARGET_Init
 .text.handlePwrModeManagerMessage
                0x000000000800dc00        0x4 build/power_mode_manager.o
 .text.PreSleepProcessing
                0x000000000800dc04       0x60 build/power_mode_manager.o
                0x000000000800dc04                PreSleepProcessing
 .text.PostSleepProcessing
                0x000000000800dc64       0x30 build/power_mode_manager.o
                0x000000000800dc64                PostSleepProcessing
 .text.PWRM_MANAGER_ActorInit
                0x000000000800dc94       0x28 build/power_mode_manager.o
                0x000000000800dc94                PWRM_MANAGER_ActorInit
 .text.publishEventToSubscribers
                0x000000000800dcbc       0x68 build/event_manager.o
 .text.handleEvManagerMessage
                0x000000000800dd24       0x70 build/event_manager.o
 .text.EV_MANAGER_ActorInit
                0x000000000800dd94       0x68 build/event_manager.o
                0x000000000800dd94                EV_MANAGER_ActorInit
 .text.setTimeFromUnixTimestamp
                0x000000000800ddfc       0x84 build/cron.o
 .text.setWakeUpPeriod
                0x000000000800de80       0x2c build/cron.o
 .text.handleCronMessage
                0x000000000800deac       0x20 build/cron.o
 .text.setCurrentTime
                0x000000000800decc       0x5c build/cron.o
 .text.monthStrToNumber
                0x000000000800df28       0xe0 build/cron.o
 .text.setCurrentDate
                0x000000000800e008       0x68 build/cron.o
 .text.getCurrentUnixTimestamp
                0x000000000800e070       0x68 build/cron.o
 .text.CRON_ActorInit
                0x000000000800e0d8       0x38 build/cron.o
                0x000000000800e0d8                CRON_ActorInit
 .text.HAL_RTCEx_WakeUpTimerEventCallback
                0x000000000800e110       0x30 build/cron.o
                0x000000000800e110                HAL_RTCEx_WakeUpTimerEventCallback
 .text.INFO_LED_Init
                0x000000000800e140       0x12 build/info_led.o
                0x000000000800e140                INFO_LED_Init
 *fill*         0x000000000800e152        0x2 
 .text.OPT3001_WriteConfig
                0x000000000800e154       0x24 build/opt3001.o
                0x000000000800e154                OPT3001_WriteConfig
 .text.OPT3001_WriteLowLimit
                0x000000000800e178       0x24 build/opt3001.o
                0x000000000800e178                OPT3001_WriteLowLimit
 .text.OPT3001_WriteHighLimit
                0x000000000800e19c       0x24 build/opt3001.o
                0x000000000800e19c                OPT3001_WriteHighLimit
 .text.OPT3001_ReadResultRawLux
                0x000000000800e1c0       0x34 build/opt3001.o
                0x000000000800e1c0                OPT3001_ReadResultRawLux
 .text.OPT3001_RawToMilliLux
                0x000000000800e1f4        0xa build/opt3001.o
                0x000000000800e1f4                OPT3001_RawToMilliLux
 *fill*         0x000000000800e1fe        0x2 
 .text.SHT3x_CRC8
                0x000000000800e200       0x2c build/sht3x.o
                0x000000000800e200                SHT3x_CRC8
 .text.SHT3x_InitIO
                0x000000000800e22c       0x28 build/sht3x.o
                0x000000000800e22c                SHT3x_InitIO
 .text.SHT3x_ReadDeviceID
                0x000000000800e254       0xa4 build/sht3x.o
                0x000000000800e254                SHT3x_ReadDeviceID
 .text.SHT3x_PeriodicAcquisitionMode
                0x000000000800e2f8       0x24 build/sht3x.o
                0x000000000800e2f8                SHT3x_PeriodicAcquisitionMode
 .text.SHT3x_ReadMeasurements
                0x000000000800e31c       0xa0 build/sht3x.o
                0x000000000800e31c                SHT3x_ReadMeasurements
 .text.SHT3x_RawToTemperatureC
                0x000000000800e3bc       0x30 build/sht3x.o
                0x000000000800e3bc                SHT3x_RawToTemperatureC
 .text.SHT3x_RawToHumidityRH
                0x000000000800e3ec       0x24 build/sht3x.o
                0x000000000800e3ec                SHT3x_RawToHumidityRH
 .text.handleMemoryFSM
                0x000000000800e410        0x4 build/memory.o
 .text.MEMORY_Task
                0x000000000800e414       0x48 build/memory.o
                0x000000000800e414                MEMORY_Task
 .text.MEMORY_TaskInit
                0x000000000800e45c       0x48 build/memory.o
                0x000000000800e45c                MEMORY_TaskInit
 .text.handleError
                0x000000000800e4a4        0x4 build/temperature_humidity_sensor.o
 .text.delayMs  0x000000000800e4a8       0x1c build/temperature_humidity_sensor.o
 .text.handleInit
                0x000000000800e4c4       0xd4 build/temperature_humidity_sensor.o
 .text.handleIdle
                0x000000000800e598       0x78 build/temperature_humidity_sensor.o
 .text.handleContinuousMeasure
                0x000000000800e610       0x94 build/temperature_humidity_sensor.o
 .text.handleTHSensorFSM
                0x000000000800e6a4       0x2e build/temperature_humidity_sensor.o
 *fill*         0x000000000800e6d2        0x2 
 .text.TH_SENS_Task
                0x000000000800e6d4       0xa0 build/temperature_humidity_sensor.o
                0x000000000800e6d4                TH_SENS_Task
 .text.TH_SENS_TaskInit
                0x000000000800e774       0x48 build/temperature_humidity_sensor.o
                0x000000000800e774                TH_SENS_TaskInit
 .text.handleTurnedOff
                0x000000000800e7bc       0xd4 build/light_sensor.o
 .text.handleContinuousMeasure
                0x000000000800e890       0xbc build/light_sensor.o
 .text.handleOutOfRange
                0x000000000800e94c       0xb8 build/light_sensor.o
 .text.handleLightSensorFSM
                0x000000000800ea04       0x26 build/light_sensor.o
 *fill*         0x000000000800ea2a        0x2 
 .text.LIGHT_SENS_Task
                0x000000000800ea2c       0xa0 build/light_sensor.o
                0x000000000800ea2c                LIGHT_SENS_Task
 .text.LIGHT_SENS_TaskInit
                0x000000000800eacc       0x48 build/light_sensor.o
                0x000000000800eacc                LIGHT_SENS_TaskInit
 .text.NFC_ST25DVInit
                0x000000000800eb14       0x84 build/nfc_handlers.o
                0x000000000800eb14                NFC_ST25DVInit
 .text.handleInit
                0x000000000800eb98       0x22 build/nfc.o
 .text.handleNFCFSM
                0x000000000800ebba       0x10 build/nfc.o
 *fill*         0x000000000800ebca        0x2 
 .text.NFC_Task
                0x000000000800ebcc       0x30 build/nfc.o
                0x000000000800ebcc                NFC_Task
 .text.NFC_TaskInit
                0x000000000800ebfc       0x48 build/nfc.o
                0x000000000800ebfc                NFC_TaskInit
 .text.HAL_GPIO_EXTI_Callback
                0x000000000800ec44       0x48 build/nfc.o
                0x000000000800ec44                HAL_GPIO_EXTI_Callback
 .text.Reset_Handler
                0x000000000800ec8c       0x50 build/startup_stm32l412xx.o
                0x000000000800ec8c                Reset_Handler
 .text.Default_Handler
                0x000000000800ecdc        0x2 build/startup_stm32l412xx.o
                0x000000000800ecdc                RTC_Alarm_IRQHandler
                0x000000000800ecdc                EXTI2_IRQHandler
                0x000000000800ecdc                TIM1_CC_IRQHandler
                0x000000000800ecdc                TSC_IRQHandler
                0x000000000800ecdc                TAMP_STAMP_IRQHandler
                0x000000000800ecdc                EXTI3_IRQHandler
                0x000000000800ecdc                LPTIM2_IRQHandler
                0x000000000800ecdc                I2C3_ER_IRQHandler
                0x000000000800ecdc                I2C2_EV_IRQHandler
                0x000000000800ecdc                FPU_IRQHandler
                0x000000000800ecdc                TIM1_UP_TIM16_IRQHandler
                0x000000000800ecdc                ADC1_2_IRQHandler
                0x000000000800ecdc                SPI1_IRQHandler
                0x000000000800ecdc                DMA2_Channel2_IRQHandler
                0x000000000800ecdc                DMA1_Channel4_IRQHandler
                0x000000000800ecdc                USART3_IRQHandler
                0x000000000800ecdc                DMA1_Channel7_IRQHandler
                0x000000000800ecdc                DMA2_Channel1_IRQHandler
                0x000000000800ecdc                QUADSPI_IRQHandler
                0x000000000800ecdc                I2C1_EV_IRQHandler
                0x000000000800ecdc                DMA1_Channel6_IRQHandler
                0x000000000800ecdc                DMA2_Channel4_IRQHandler
                0x000000000800ecdc                RCC_IRQHandler
                0x000000000800ecdc                TIM1_TRG_COM_IRQHandler
                0x000000000800ecdc                DMA1_Channel1_IRQHandler
                0x000000000800ecdc                Default_Handler
                0x000000000800ecdc                DMA2_Channel7_IRQHandler
                0x000000000800ecdc                EXTI15_10_IRQHandler
                0x000000000800ecdc                I2C3_EV_IRQHandler
                0x000000000800ecdc                PVD_PVM_IRQHandler
                0x000000000800ecdc                SPI2_IRQHandler
                0x000000000800ecdc                DMA2_Channel5_IRQHandler
                0x000000000800ecdc                CRS_IRQHandler
                0x000000000800ecdc                DMA1_Channel5_IRQHandler
                0x000000000800ecdc                EXTI4_IRQHandler
                0x000000000800ecdc                RNG_IRQHandler
                0x000000000800ecdc                DMA1_Channel3_IRQHandler
                0x000000000800ecdc                COMP_IRQHandler
                0x000000000800ecdc                WWDG_IRQHandler
                0x000000000800ecdc                LPUART1_IRQHandler
                0x000000000800ecdc                DMA2_Channel6_IRQHandler
                0x000000000800ecdc                TIM2_IRQHandler
                0x000000000800ecdc                USART2_IRQHandler
                0x000000000800ecdc                I2C2_ER_IRQHandler
                0x000000000800ecdc                DMA1_Channel2_IRQHandler
                0x000000000800ecdc                FLASH_IRQHandler
                0x000000000800ecdc                USART1_IRQHandler
                0x000000000800ecdc                I2C1_ER_IRQHandler
                0x000000000800ecdc                LPTIM1_IRQHandler
                0x000000000800ecdc                DMA2_Channel3_IRQHandler
                0x000000000800ecdc                TIM1_BRK_TIM15_IRQHandler
 *(.glue_7)
 .glue_7        0x000000000800ecde        0x0 linker stubs
 *(.glue_7t)
 .glue_7t       0x000000000800ecde        0x0 linker stubs
 *(.eh_frame)
 *fill*         0x000000000800ecde        0x2 
 .eh_frame      0x000000000800ece0        0x0 /usr/lib/gcc/arm-none-eabi/10.3.1/thumb/v7e-m+fp/hard/crtbegin.o
 *(.init)
 .init          0x000000000800ece0        0x4 /usr/lib/gcc/arm-none-eabi/10.3.1/thumb/v7e-m+fp/hard/crti.o
                0x000000000800ece0                _init
 .init          0x000000000800ece4        0x8 /usr/lib/gcc/arm-none-eabi/10.3.1/thumb/v7e-m+fp/hard/crtn.o
 *(.fini)
 .fini          0x000000000800ecec        0x4 /usr/lib/gcc/arm-none-eabi/10.3.1/thumb/v7e-m+fp/hard/crti.o
                0x000000000800ecec                _fini
 .fini          0x000000000800ecf0        0x8 /usr/lib/gcc/arm-none-eabi/10.3.1/thumb/v7e-m+fp/hard/crtn.o
                0x000000000800ecf8                . = ALIGN (0x8)
                0x000000000800ecf8                _etext = .

.vfp11_veneer   0x000000000800ecf8        0x0
 .vfp11_veneer  0x000000000800ecf8        0x0 linker stubs

.v4_bx          0x000000000800ecf8        0x0
 .v4_bx         0x000000000800ecf8        0x0 linker stubs

.iplt           0x000000000800ecf8        0x0
 .iplt          0x000000000800ecf8        0x0 /usr/lib/gcc/arm-none-eabi/10.3.1/thumb/v7e-m+fp/hard/crtbegin.o

.rodata         0x000000000800ecf8      0xbd0
                0x000000000800ecf8                . = ALIGN (0x8)
 *(.rodata)
 .rodata        0x000000000800ecf8        0x6 build/sht3x.o
 *fill*         0x000000000800ecfe        0x2 
 .rodata        0x000000000800ed00        0x4 /usr/lib/gcc/arm-none-eabi/10.3.1/../../../arm-none-eabi/lib/thumb/v7e-m+fp/hard/libc_nano.a(lib_a-impure.o)
                0x000000000800ed00                _global_impure_ptr
 .rodata        0x000000000800ed04       0x60 /usr/lib/gcc/arm-none-eabi/10.3.1/../../../arm-none-eabi/lib/thumb/v7e-m+fp/hard/libc_nano.a(lib_a-mktime.o)
 .rodata        0x000000000800ed64      0x101 /usr/lib/gcc/arm-none-eabi/10.3.1/../../../arm-none-eabi/lib/thumb/v7e-m+fp/hard/libc_nano.a(lib_a-ctype_.o)
                0x000000000800ed64                _ctype_
 *fill*         0x000000000800ee65        0x3 
 .rodata        0x000000000800ee68       0x60 /usr/lib/gcc/arm-none-eabi/10.3.1/../../../arm-none-eabi/lib/thumb/v7e-m+fp/hard/libc_nano.a(lib_a-findfp.o)
                0x000000000800ee68                __sf_fake_stderr
                0x000000000800ee88                __sf_fake_stdout
                0x000000000800eea8                __sf_fake_stdin
 .rodata        0x000000000800eec8       0x60 /usr/lib/gcc/arm-none-eabi/10.3.1/../../../arm-none-eabi/lib/thumb/v7e-m+fp/hard/libc_nano.a(lib_a-month_lengths.o)
                0x000000000800eec8                __month_lengths
 .rodata        0x000000000800ef28        0xc /usr/lib/gcc/arm-none-eabi/10.3.1/../../../arm-none-eabi/lib/thumb/v7e-m+fp/hard/libc_nano.a(lib_a-nano-vfscanf_i.o)
 *(.rodata*)
 .rodata.str1.4
                0x000000000800ef34        0xc build/freertos.o
 .rodata.defaultTask_attributes
                0x000000000800ef40       0x24 build/freertos.o
                0x000000000800ef40                defaultTask_attributes
 .rodata.AHBPrescTable
                0x000000000800ef64       0x10 build/system_stm32l4xx.o
                0x000000000800ef64                AHBPrescTable
 .rodata.APBPrescTable
                0x000000000800ef74        0x8 build/system_stm32l4xx.o
                0x000000000800ef74                APBPrescTable
 .rodata.MSIRangeTable
                0x000000000800ef7c       0x30 build/system_stm32l4xx.o
                0x000000000800ef7c                MSIRangeTable
 .rodata.vTaskStartScheduler.str1.4
                0x000000000800efac        0x5 build/tasks.o
 *fill*         0x000000000800efb1        0x3 
 .rodata.prvCheckForValidListAndQueue.str1.4
                0x000000000800efb4        0x5 build/timers.o
 *fill*         0x000000000800efb9        0x3 
 .rodata.xTimerCreateTimerTask.str1.4
                0x000000000800efbc        0x8 build/timers.o
 .rodata._DoInit.str1.4
                0x000000000800efc4        0x9 build/SEGGER_RTT.o
 *fill*         0x000000000800efcd        0x3 
 .rodata._aInitStr.0
                0x000000000800efd0       0x11 build/SEGGER_RTT.o
 *fill*         0x000000000800efe1        0x3 
 .rodata.SEGGER_SYSVIEW_Init.str1.4
                0x000000000800efe4        0x8 build/SEGGER_SYSVIEW.o
 .rodata._abSync
                0x000000000800efec        0xa build/SEGGER_SYSVIEW.o
 *fill*         0x000000000800eff6        0x2 
 .rodata.SYSVIEW_AddTask.str1.4
                0x000000000800eff8       0x50 build/SEGGER_SYSVIEW_FreeRTOS.o
                                         0x58 (size before relaxing)
 .rodata.SYSVIEW_X_OS_TraceAPI
                0x000000000800f048        0x8 build/SEGGER_SYSVIEW_FreeRTOS.o
                0x000000000800f048                SYSVIEW_X_OS_TraceAPI
 .rodata._cbSendSystemDesc.str1.4
                0x000000000800f050      0x13d build/SEGGER_SYSVIEW_Config_FreeRTOS.o
 *fill*         0x000000000800f18d        0x3 
 .rodata.PreSleepProcessing.str1.4
                0x000000000800f190       0x34 build/power_mode_manager.o
 .rodata.PostSleepProcessing.str1.4
                0x000000000800f1c4       0x16 build/power_mode_manager.o
 *fill*         0x000000000800f1da        0x2 
 .rodata.PWRM_MANAGER_ActorInit.str1.4
                0x000000000800f1dc       0x20 build/power_mode_manager.o
 .rodata.publishEventToSubscribers.str1.4
                0x000000000800f1fc       0x58 build/event_manager.o
 .rodata.EV_MANAGER_ActorInit.str1.4
                0x000000000800f254       0x2f build/event_manager.o
 *fill*         0x000000000800f283        0x1 
 .rodata.EV_MANAGER_SubscribersIdsMatrix
                0x000000000800f284       0x82 build/event_manager.o
                0x000000000800f284                EV_MANAGER_SubscribersIdsMatrix
 *fill*         0x000000000800f306        0x2 
 .rodata.setCurrentTime.str1.4
                0x000000000800f308        0x9 build/cron.o
 *fill*         0x000000000800f311        0x3 
 .rodata.monthStrToNumber.str1.4
                0x000000000800f314       0x30 build/cron.o
 .rodata.setCurrentDate.str1.4
                0x000000000800f344        0xc build/cron.o
 .rodata.CRON_ActorInit.str1.4
                0x000000000800f350       0x16 build/cron.o
 *fill*         0x000000000800f366        0x2 
 .rodata.crc8LookupTable
                0x000000000800f368      0x100 build/sht3x.o
 .rodata.MEMORY_Task.str1.4
                0x000000000800f468       0x19 build/memory.o
 *fill*         0x000000000800f481        0x3 
 .rodata.MEMORY_TaskInit.str1.4
                0x000000000800f484        0xc build/memory.o
 .rodata.str1.4
                0x000000000800f490        0xb build/memory.o
 *fill*         0x000000000800f49b        0x1 
 .rodata.memoryTaskDescription
                0x000000000800f49c       0x24 build/memory.o
                0x000000000800f49c                memoryTaskDescription
 .rodata.handleInit.str1.4
                0x000000000800f4c0       0x5d build/temperature_humidity_sensor.o
 *fill*         0x000000000800f51d        0x3 
 .rodata.handleIdle.str1.4
                0x000000000800f520       0x46 build/temperature_humidity_sensor.o
 *fill*         0x000000000800f566        0x2 
 .rodata.handleContinuousMeasure.str1.4
                0x000000000800f568       0x21 build/temperature_humidity_sensor.o
 *fill*         0x000000000800f589        0x3 
 .rodata.TH_SENS_Task.str1.4